{
  "condition": "A",
  "execution_cost": {
    "active_loop_distance_m": 97.33768317459293,
    "active_loop_time_s": 310.9999999999999,
    "early_stop_count": 0,
    "early_stop_saved_remaining_polyline_m_lower_bound": 0.0,
    "no_repair_count": 4,
    "repair_distance_m": 0,
    "repair_time_s": 0,
    "repair_trigger_count": 0
  },
  "exploration": {
    "action_status": 3,
    "sim_time_s": 1348.8,
    "total_distance_m": 506.3327893861121,
    "wall_sim_ratio": 1.000275385990512,
    "wall_time_s": 1349.1714406240026
  },
  "loop_realization": {
    "acceptance_rate": 0.0,
    "accepted_active_loops": 0,
    "accepted_passive_or_unattributed_events": 0,
    "executed_active_loops": 4,
    "planned_active_loops": 4
  },
  "mapping": {
    "estimated_unknown_ratio": 0.11006457458382998,
    "occupied_boundary_f1": 0.4622214850226168,
    "occupied_iou": 0.08329784835808932
  },
  "method": "Original",
  "oracle_mode": 0,
  "phase": "4B",
  "pose_graph": {
    "edge_count": 982,
    "node_count": 665
  },
  "seed": 21003,
  "trajectory": {
    "ape_se2_translation_rmse_m": 0.622606,
    "rpe_rotation_1m_rmse_deg": 0.337893,
    "rpe_translation_1m_rmse_m": 0.052417
  },
  "tsp": {
    "full_tsp_path": [
      8,
      7,
      6,
      5,
      4,
      3,
      9,
      15,
      16,
      10,
      11,
      35,
      37,
      20,
      19,
      23,
      29,
      30,
      24,
      25,
      31,
      32,
      26,
      27,
      33,
      34,
      28,
      22,
      21,
      38,
      36,
      12,
      13,
      14,
      18,
      17
    ],
    "initial_tsp_path": [
      8,
      7,
      6,
      5,
      4,
      3,
      9,
      15,
      16,
      10,
      11,
      35,
      37,
      20,
      19,
      23,
      29,
      30,
      24,
      25,
      31,
      32,
      26,
      27,
      33,
      34,
      28,
      22,
      21,
      38,
      36,
      12,
      13,
      14,
      18,
      17
    ],
    "predicted_full_tsp_length": 415.222222222222,
    "predicted_tsp_length": 415.222222222222,
    "seed": 21003,
    "solver": "concorde"
  },
  "validity": "VALID"
}
