{
  "evo": {
    "ape_se2_translation_m": {
      "command": "env PYTHONPATH=/home/wcqw/ac-slam/evaluation/evo-1.31.1-target/site-packages /usr/bin/python3 -m evo.main_ape tum /home/wcqw/ac-slam/results/phase4c/formal/map8/seed_21003/B_always_trace/attempt_01/trajectory_gt.txt /home/wcqw/ac-slam/results/phase4c/formal/map8/seed_21003/B_always_trace/attempt_01/trajectory_slam.txt -r trans_part --project_to_plane xy --t_max_diff 0.05 --t_offset 0 --no_warnings --save_results /home/wcqw/ac-slam/results/phase4c/formal/map8/seed_21003/B_always_trace/attempt_01/evo/ape_se2_translation.zip",
      "result_archive": "ape_se2_translation.zip",
      "rmse": 0.149552,
      "stdout_stderr": "ape_se2_translation.txt"
    },
    "rpe_rotation_1m_deg": {
      "command": "env PYTHONPATH=/home/wcqw/ac-slam/evaluation/evo-1.31.1-target/site-packages /usr/bin/python3 -m evo.main_rpe tum /home/wcqw/ac-slam/results/phase4c/formal/map8/seed_21003/B_always_trace/attempt_01/trajectory_gt.txt /home/wcqw/ac-slam/results/phase4c/formal/map8/seed_21003/B_always_trace/attempt_01/trajectory_slam.txt -r angle_deg --project_to_plane xy --t_max_diff 0.05 --t_offset 0 --no_warnings -d 1 -u m --all_pairs --pairs_from_reference --save_results /home/wcqw/ac-slam/results/phase4c/formal/map8/seed_21003/B_always_trace/attempt_01/evo/rpe_rotation_1m.zip",
      "result_archive": "rpe_rotation_1m.zip",
      "rmse": 0.163991,
      "stdout_stderr": "rpe_rotation_1m.txt"
    },
    "rpe_translation_1m_m": {
      "command": "env PYTHONPATH=/home/wcqw/ac-slam/evaluation/evo-1.31.1-target/site-packages /usr/bin/python3 -m evo.main_rpe tum /home/wcqw/ac-slam/results/phase4c/formal/map8/seed_21003/B_always_trace/attempt_01/trajectory_gt.txt /home/wcqw/ac-slam/results/phase4c/formal/map8/seed_21003/B_always_trace/attempt_01/trajectory_slam.txt -r trans_part --project_to_plane xy --t_max_diff 0.05 --t_offset 0 --no_warnings -d 1 -u m --all_pairs --pairs_from_reference --save_results /home/wcqw/ac-slam/results/phase4c/formal/map8/seed_21003/B_always_trace/attempt_01/evo/rpe_translation_1m.zip",
      "result_archive": "rpe_translation_1m.zip",
      "rmse": 0.030933,
      "stdout_stderr": "rpe_translation_1m.txt"
    }
  },
  "executed_loops": 3,
  "full_tsp_path": [
    20,
    37,
    17,
    12,
    17,
    16,
    15,
    14,
    15,
    13,
    17,
    11,
    18,
    10,
    36,
    9,
    36,
    8,
    0,
    35,
    1,
    35,
    6,
    19,
    38,
    26,
    21,
    22,
    21,
    24,
    21,
    23,
    21,
    25,
    27,
    31,
    32,
    29,
    32,
    30,
    32,
    28,
    33,
    7,
    5,
    4,
    3,
    34,
    2
  ],
  "initial_tsp_path": [
    20,
    37,
    17,
    12,
    16,
    15,
    14,
    13,
    11,
    18,
    10,
    36,
    9,
    8,
    0,
    35,
    1,
    6,
    19,
    38,
    26,
    22,
    21,
    24,
    23,
    25,
    27,
    31,
    29,
    32,
    30,
    28,
    33,
    7,
    5,
    4,
    3,
    34,
    2
  ],
  "planned_loops": 3,
  "planned_vs_actual": {
    "actual_path_length": 809.8980211906827,
    "actual_sequence_precision_lcs": 0.7543859649122807,
    "actual_vertex_count": 57,
    "actually_visited_high_level_vertices": [
      20,
      37,
      17,
      12,
      13,
      14,
      15,
      16,
      17,
      12,
      17,
      11,
      18,
      10,
      36,
      9,
      36,
      8,
      0,
      35,
      1,
      35,
      6,
      19,
      18,
      37,
      20,
      38,
      20,
      23,
      26,
      23,
      22,
      21,
      24,
      25,
      27,
      31,
      30,
      29,
      32,
      30,
      32,
      29,
      28,
      33,
      38,
      20,
      38,
      7,
      5,
      4,
      3,
      34,
      2,
      1,
      35
    ],
    "counts": {
      "goal_failures": 0,
      "goal_skip_seen_no_frontier": 1,
      "local_replanning_calls": 236,
      "no_frontier_at_vertex": 31,
      "no_frontier_reachable": 0,
      "repeated_visit_skip": 12,
      "replan_requests": 240
    },
    "executed_loop_vertices": [
      20,
      38,
      35
    ],
    "initial_tsp_predicted_path_length": 581.3749220957066,
    "interpretation": "Order-sensitive exact vertex-sequence comparison. Normalized edit distance is Levenshtein distance divided by the longer sequence; 0 means identical. LCS recall/precision show how much order is retained without treating skipped vertices as substitutions.",
    "lcs_length": 43,
    "levenshtein_edit_distance": 18,
    "normalized_edit_distance": 0.3157894736842105,
    "planned_high_level_vertices": [
      20,
      37,
      17,
      12,
      17,
      16,
      15,
      14,
      15,
      13,
      17,
      11,
      18,
      10,
      36,
      9,
      36,
      8,
      0,
      35,
      1,
      35,
      6,
      19,
      38,
      20,
      38,
      26,
      21,
      22,
      21,
      24,
      21,
      23,
      21,
      25,
      27,
      31,
      32,
      29,
      32,
      30,
      32,
      28,
      33,
      38,
      33,
      7,
      5,
      4,
      3,
      34,
      2,
      35
    ],
    "planned_loop_vertices": [
      20,
      38,
      35
    ],
    "planned_path_length": 642.350641673543,
    "planned_sequence_recall_lcs": 0.7962962962962963,
    "planned_vertex_count": 54,
    "successful_slam_loop_vertices": []
  },
  "predicted_full_tsp_length": 581.3749220957066,
  "predicted_tsp_length": 581.3749220957063,
  "seed": 21003,
  "solver": "concorde",
  "successful_slam_loops": 0,
  "total_exploration_time": 1656.8,
  "total_path_length_gt": 809.8980211906827
}
