{
  "condition": "C",
  "execution_cost": {
    "active_loop_distance_m": 52.89700539105223,
    "active_loop_time_s": 137.79999999999984,
    "early_stop_count": 2,
    "early_stop_saved_remaining_polyline_m_lower_bound": 14.028850221870856,
    "no_repair_count": 1,
    "repair_distance_m": 40.67990949476622,
    "repair_time_s": 99.49999999999989,
    "repair_trigger_count": 2
  },
  "exploration": {
    "action_status": 3,
    "sim_time_s": 1452.1,
    "total_distance_m": 753.0618685658055,
    "wall_sim_ratio": 1.0003908563239445,
    "wall_time_s": 1452.667562468
  },
  "loop_realization": {
    "acceptance_rate": 1.0,
    "accepted_active_loops": 3,
    "accepted_passive_or_unattributed_events": 0,
    "executed_active_loops": 3,
    "planned_active_loops": 3
  },
  "mapping": {
    "estimated_unknown_ratio": 0.21482639460259997,
    "occupied_boundary_f1": 0.6159777210699289,
    "occupied_iou": 0.11929463878850821
  },
  "method": "Selective",
  "oracle_mode": 2,
  "phase": "4B",
  "pose_graph": {
    "edge_count": 1915,
    "node_count": 1068
  },
  "seed": 21002,
  "trajectory": {
    "ape_se2_translation_rmse_m": 0.085834,
    "rpe_rotation_1m_rmse_deg": 0.196656,
    "rpe_translation_1m_rmse_m": 0.036568
  },
  "tsp": {
    "full_tsp_path": [
      20,
      37,
      17,
      16,
      15,
      14,
      15,
      13,
      17,
      12,
      17,
      11,
      18,
      10,
      36,
      9,
      36,
      8,
      0,
      35,
      1,
      35,
      6,
      19,
      38,
      26,
      21,
      22,
      21,
      23,
      21,
      24,
      21,
      25,
      27,
      31,
      32,
      29,
      32,
      30,
      32,
      28,
      33,
      7,
      5,
      4,
      3,
      34,
      2
    ],
    "initial_tsp_path": [
      20,
      37,
      16,
      15,
      14,
      13,
      17,
      12,
      11,
      18,
      10,
      9,
      36,
      8,
      0,
      35,
      1,
      6,
      19,
      38,
      26,
      21,
      22,
      23,
      24,
      25,
      27,
      31,
      29,
      32,
      30,
      28,
      33,
      7,
      5,
      4,
      3,
      34,
      2
    ],
    "predicted_full_tsp_length": 581.3749220957066,
    "predicted_tsp_length": 581.3749220957064,
    "seed": 21002,
    "solver": "concorde"
  },
  "validity": "VALID"
}
