{
  "condition": "B",
  "execution_cost": {
    "active_loop_distance_m": 127.48138488574156,
    "active_loop_time_s": 430.4000000000002,
    "early_stop_count": 0,
    "early_stop_saved_planned_distance_m_estimate": 0.0,
    "no_repair_count": 0,
    "repair_distance_m": 127.48138488574156,
    "repair_time_s": 430.4000000000002,
    "repair_trigger_count": 4
  },
  "exploration": {
    "action_status": 3,
    "sim_time_s": 1527.0,
    "total_distance_m": 563.9426891622861,
    "wall_sim_ratio": 1.0002075830923378,
    "wall_time_s": 1527.3169793819998
  },
  "loop_realization": {
    "acceptance_rate": 0.25,
    "accepted_active_loops": 1,
    "accepted_passive_or_unattributed_events": 0,
    "executed_active_loops": 4,
    "planned_active_loops": 4
  },
  "mapping": {
    "estimated_unknown_ratio": 0.11043033631512694,
    "occupied_boundary_f1": 0.43739225288971034,
    "occupied_iou": 0.0748103130299167
  },
  "method": "Always-Trace",
  "oracle_mode": 1,
  "phase": "4B",
  "pose_graph": {
    "edge_count": 1359,
    "node_count": 833
  },
  "seed": 21001,
  "trajectory": {
    "ape_se2_translation_rmse_m": 0.792283,
    "rpe_rotation_1m_rmse_deg": 0.272638,
    "rpe_translation_1m_rmse_m": 0.055738
  },
  "tsp": {
    "full_tsp_path": [
      8,
      7,
      6,
      5,
      4,
      3,
      9,
      15,
      16,
      10,
      11,
      35,
      37,
      20,
      19,
      23,
      29,
      30,
      24,
      25,
      31,
      32,
      26,
      38,
      36,
      12,
      13,
      14,
      18,
      17,
      21,
      22,
      28,
      34,
      33,
      27
    ],
    "initial_tsp_path": [
      8,
      7,
      6,
      5,
      4,
      3,
      9,
      15,
      16,
      10,
      11,
      35,
      37,
      20,
      19,
      23,
      29,
      30,
      24,
      25,
      31,
      32,
      26,
      38,
      36,
      12,
      13,
      14,
      18,
      17,
      21,
      22,
      28,
      34,
      33,
      27
    ],
    "predicted_full_tsp_length": 415.222222222222,
    "predicted_tsp_length": 415.222222222222,
    "seed": 21001,
    "solver": "concorde"
  },
  "validity": "VALID"
}
