[WARN] [1787298245.026541280]: The root link base_link has an inertia specified in the URDF, but KDL does not support a root link with an inertia.  As a workaround, you can add an extra dummy link to your URDF.
0x55f2f438b890
[INFO] [1787298245.067513244]: Inititialized robot 1, starting to map now.
Create multimapper!!
concorde -s 22002 /tmp/tmpni1s5kpo/problem.tsp
Host: msxg  Current process id: 97247
Using random seed 22002
Number of Nodes: 72
Explicit Lengths (CC_MATRIXNORM)
Set initial upperbound to 8137 (from tour)
ERROR: No dual change in basis finding code
Did not find a basic optimal solution
Fractional matching routine failed
Warning: restarting running timer Miscellaneous
No warmstart, stumbling on anyway
Basic dual change required, but no candidate edges
  LP Value  1: 8132.000000  (0.00 seconds)
  LP Value  2: 8137.000000  (0.00 seconds)
New lower bound: 8129.000000
  LP Value  1: 8137.000000  (0.01 seconds)
New lower bound: 8137.000000
Final lower bound 8137.000000, upper bound 8137.000000
Exact lower bound: 8137.000000
DIFF: 0.000000
Final LP has 90 rows, 165 columns, 479 nonzeros
Optimal Solution: 8137.00
Number of bbnodes: 1
Total Running Time: 0.03 (seconds)
[WARN] [1787298246.217517874, 0.400000000]: local_map: Parameter "plugins" not provided, loading pre-Hydro parameters
[INFO] [1787298245.060756770]: NearestFrontierPlanner start!
[INFO] [1787298245.062569016]: Successfully loaded exploration strategy [NearestFrontierPlanner].
Warning: TF_REPEATED_DATA ignoring data with redundant timestamp for frame odom (parent offset) at time 0.400000 according to authority unknown_publisherWarning: 
         at line TF_REPEATED_DATA ignoring data with redundant timestamp for frame odom (parent offset) at time 0.400000 according to authority unknown_publisher
277         at line  in 277/tmp/binarydeb/ros-noetic-tf2-0.7.10/src/buffer_core.cpp in 
/tmp/binarydeb/ros-noetic-tf2-0.7.10/src/buffer_core.cpp
Warning: TF_REPEATED_DATA ignoring data with redundant timestamp for frame offset (parent map) at time 0.400000 according to authority unknown_publisher
Warning:          at line TF_REPEATED_DATA ignoring data with redundant timestamp for frame offset (parent map) at time 0.400000 according to authority unknown_publisher277
 in          at line /tmp/binarydeb/ros-noetic-tf2-0.7.10/src/buffer_core.cpp277
 in /tmp/binarydeb/ros-noetic-tf2-0.7.10/src/buffer_core.cpp
Warning: TF_REPEATED_DATA ignoring data with redundant timestamp for frame odom (parent offset) at time 0.400000 according to authority unknown_publisher
         at line 277 in /tmp/binarydeb/ros-noetic-tf2-0.7.10/src/buffer_core.cpp
Warning: TF_REPEATED_DATA ignoring data with redundant timestamp for frame offset (parent map) at time 0.400000 according to authority unknown_publisher
         at line 277 in /tmp/binarydeb/ros-noetic-tf2-0.7.10/src/buffer_core.cpp
Warning: TF_REPEATED_DATA ignoring data with redundant timestamp for frame odom (parent offset) at time 0.400000 according to authority unknown_publisher
         at line 277 in /tmp/binarydeb/ros-noetic-tf2-0.7.10/src/buffer_core.cpp
Warning: TF_REPEATED_DATA ignoring data with redundant timestamp for frame offset (parent map) at time 0.400000 according to authority unknown_publisher
         at line 277 in /tmp/binarydeb/ros-noetic-tf2-0.7.10/src/buffer_core.cpp
[WARN] [1787298246.307005910, 0.400000000]: TF_REPEATED_DATA ignoring data with redundant timestamp for frame odom (parent offset) at time 0.400000 according to authority unknown_publisher
[WARN] [1787298246.307052680, 0.400000000]: TF_REPEATED_DATA ignoring data with redundant timestamp for frame offset (parent map) at time 0.400000 according to authority unknown_publisher
Warning: TF_REPEATED_DATA ignoring data with redundant timestamp for frame odom (parent offset) at time 532.000000 according to authority unknown_publisher
         at line 277 in /tmp/binarydeb/ros-noetic-tf2-0.7.10/src/buffer_core.cpp
Warning: TF_REPEATED_DATA ignoring data with redundant timestamp for frame offset (parent map) at time 532.000000 according to authority unknown_publisher
         at line 277 in /tmp/binarydeb/ros-noetic-tf2-0.7.10/src/buffer_core.cpp
[INFO] [1787298253.519779443, 7.700000000]: Navigator is now initialized.
Warning: Warning: TF_REPEATED_DATA ignoring data with redundant timestamp for frame odom (parent offset) at time 532.000000 according to authority unknown_publisherTF_REPEATED_DATA ignoring data with redundant timestamp for frame odom (parent offset) at time 532.000000 according to authority unknown_publisher
         at line 
277         at line  in /tmp/binarydeb/ros-noetic-tf2-0.7.10/src/buffer_core.cpp
277 in Warning: /tmp/binarydeb/ros-noetic-tf2-0.7.10/src/buffer_core.cppTF_REPEATED_DATA ignoring data with redundant timestamp for frame offset (parent map) at time 532.000000 according to authority unknown_publisher

         at line 277 in /tmp/binarydeb/ros-noetic-tf2-0.7.10/src/buffer_core.cpp
Warning: TF_REPEATED_DATA ignoring data with redundant timestamp for frame offset (parent map) at time 532.000000 according to authority unknown_publisher
         at line 277 in /tmp/binarydeb/ros-noetic-tf2-0.7.10/src/buffer_core.cpp
[WARN] [1787298777.820557596, 532.000000000]: TF_REPEATED_DATA ignoring data with redundant timestamp for frame odom (parent offset) at time 532.000000 according to authority unknown_publisher
[WARN] [1787298777.820594017, 532.000000000]: TF_REPEATED_DATA ignoring data with redundant timestamp for frame offset (parent map) at time 532.000000 according to authority unknown_publisher
Warning: TF_REPEATED_DATA ignoring data with redundant timestamp for frame odom (parent offset) at time 532.000000 according to authority unknown_publisher
         at line 277 in /tmp/binarydeb/ros-noetic-tf2-0.7.10/src/buffer_core.cpp
Warning: TF_REPEATED_DATA ignoring data with redundant timestamp for frame offset (parent map) at time 532.000000 according to authority unknown_publisher
         at line 277 in /tmp/binarydeb/ros-noetic-tf2-0.7.10/src/buffer_core.cpp
Warning: TF_REPEATED_DATA ignoring data with redundant timestamp for frame odom (parent offset) at time 581.600000 according to authority unknown_publisher
         at line 277 in /tmp/binarydeb/ros-noetic-tf2-0.7.10/src/buffer_core.cpp
Warning: TF_REPEATED_DATA ignoring data with redundant timestamp for frame offset (parent map) at time 581.600000 according to authority unknown_publisher
         at line 277 in /tmp/binarydeb/ros-noetic-tf2-0.7.10/src/buffer_core.cpp
Warning: TF_REPEATED_DATA ignoring data with redundant timestamp for frame odom (parent offset) at time 581.600000 according to authority unknown_publisher
         at line 277 in /tmp/binarydeb/ros-noetic-tf2-0.7.10/src/buffer_core.cpp
Warning: TF_REPEATED_DATA ignoring data with redundant timestamp for frame offset (parent map) at time 581.600000 according to authority unknown_publisher
         at line 277 in /tmp/binarydeb/ros-noetic-tf2-0.7.10/src/buffer_core.cpp
Warning: TF_REPEATED_DATA ignoring data with redundant timestamp for frame odom (parent offset) at time 581.600000 according to authority unknown_publisher
         at line 277 in /tmp/binarydeb/ros-noetic-tf2-0.7.10/src/buffer_core.cpp
Warning: TF_REPEATED_DATA ignoring data with redundant timestamp for frame offset (parent map) at time 581.600000 according to authority unknown_publisherWarning: 
TF_REPEATED_DATA ignoring data with redundant timestamp for frame odom (parent offset) at time 581.600000 according to authority unknown_publisher         at line 
277         at line  in 277/tmp/binarydeb/ros-noetic-tf2-0.7.10/src/buffer_core.cpp in 
/tmp/binarydeb/ros-noetic-tf2-0.7.10/src/buffer_core.cpp
Warning: TF_REPEATED_DATA ignoring data with redundant timestamp for frame offset (parent map) at time 581.600000 according to authority unknown_publisher[WARN] [1787298827.428050440, 581.600000000]: TF_REPEATED_DATA ignoring data with redundant timestamp for frame odom (parent offset) at time 581.600000 according to authority unknown_publisher

         at line 277 in /tmp/binarydeb/ros-noetic-tf2-0.7.10/src/buffer_core.cpp
[WARN] [1787298827.428084881, 581.600000000]: TF_REPEATED_DATA ignoring data with redundant timestamp for frame offset (parent map) at time 581.600000 according to authority unknown_publisher
Warning: Warning: TF_REPEATED_DATA ignoring data with redundant timestamp for frame odom (parent offset) at time 595.100000 according to authority unknown_publisherTF_REPEATED_DATA ignoring data with redundant timestamp for frame odom (parent offset) at time 595.100000 according to authority unknown_publisher

         at line          at line 277277 in  in /tmp/binarydeb/ros-noetic-tf2-0.7.10/src/buffer_core.cpp/tmp/binarydeb/ros-noetic-tf2-0.7.10/src/buffer_core.cpp

Warning: TF_REPEATED_DATA ignoring data with redundant timestamp for frame offset (parent map) at time 595.100000 according to authority unknown_publisherWarning: 
TF_REPEATED_DATA ignoring data with redundant timestamp for frame offset (parent map) at time 595.100000 according to authority unknown_publisher         at line 
277         at line  in 277/tmp/binarydeb/ros-noetic-tf2-0.7.10/src/buffer_core.cpp in 
/tmp/binarydeb/ros-noetic-tf2-0.7.10/src/buffer_core.cpp
Warning: TF_REPEATED_DATA ignoring data with redundant timestamp for frame odom (parent offset) at time 595.100000 according to authority unknown_publisher
         at line 277 in /tmp/binarydeb/ros-noetic-tf2-0.7.10/src/buffer_core.cpp
Warning: [WARN] [1787298840.922532328, 595.100000000]: TF_REPEATED_DATA ignoring data with redundant timestamp for frame odom (parent offset) at time 595.100000 according to authority unknown_publisher
TF_REPEATED_DATA ignoring data with redundant timestamp for frame offset (parent map) at time 595.100000 according to authority unknown_publisher
         at line 277 in /tmp/binarydeb/ros-noetic-tf2-0.7.10/src/buffer_core.cpp
Warning: [WARN] [1787298840.922558320, 595.100000000]: TF_REPEATED_DATA ignoring data with redundant timestamp for frame offset (parent map) at time 595.100000 according to authority unknown_publisher
TF_REPEATED_DATA ignoring data with redundant timestamp for frame odom (parent offset) at time 595.100000 according to authority unknown_publisher
         at line 277 in /tmp/binarydeb/ros-noetic-tf2-0.7.10/src/buffer_core.cpp
Warning: TF_REPEATED_DATA ignoring data with redundant timestamp for frame offset (parent map) at time 595.100000 according to authority unknown_publisher
         at line 277 in /tmp/binarydeb/ros-noetic-tf2-0.7.10/src/buffer_core.cpp
Warning: TF_REPEATED_DATA ignoring data with redundant timestamp for frame odom (parent offset) at time 640.000000 according to authority unknown_publisher
         at line 277 in /tmp/binarydeb/ros-noetic-tf2-0.7.10/src/buffer_core.cpp
Warning: TF_REPEATED_DATA ignoring data with redundant timestamp for frame offset (parent map) at time 640.000000 according to authority unknown_publisher
         at line 277 in /tmp/binarydeb/ros-noetic-tf2-0.7.10/src/buffer_core.cpp
Warning: TF_REPEATED_DATA ignoring data with redundant timestamp for frame odom (parent offset) at time 640.000000 according to authority unknown_publisher
         at line 277 in /tmp/binarydeb/ros-noetic-tf2-0.7.10/src/buffer_core.cpp
Warning: Warning: TF_REPEATED_DATA ignoring data with redundant timestamp for frame odom (parent offset) at time 640.000000 according to authority unknown_publisherTF_REPEATED_DATA ignoring data with redundant timestamp for frame odom (parent offset) at time 640.000000 according to authority unknown_publisher

         at line          at line 277277 in  in /tmp/binarydeb/ros-noetic-tf2-0.7.10/src/buffer_core.cpp/tmp/binarydeb/ros-noetic-tf2-0.7.10/src/buffer_core.cpp

Warning: TF_REPEATED_DATA ignoring data with redundant timestamp for frame offset (parent map) at time 640.000000 according to authority unknown_publisher
Warning:          at line TF_REPEATED_DATA ignoring data with redundant timestamp for frame offset (parent map) at time 640.000000 according to authority unknown_publisher277
 in          at line /tmp/binarydeb/ros-noetic-tf2-0.7.10/src/buffer_core.cpp277
 in /tmp/binarydeb/ros-noetic-tf2-0.7.10/src/buffer_core.cpp
Warning: TF_REPEATED_DATA ignoring data with redundant timestamp for frame offset (parent map) at time 640.000000 according to authority unknown_publisher
         at line 277 in /tmp/binarydeb/ros-noetic-tf2-0.7.10/src/buffer_core.cpp
[WARN] [1787298885.834509485, 640.000000000]: TF_REPEATED_DATA ignoring data with redundant timestamp for frame odom (parent offset) at time 640.000000 according to authority unknown_publisher
[WARN] [1787298885.834533394, 640.000000000]: TF_REPEATED_DATA ignoring data with redundant timestamp for frame offset (parent map) at time 640.000000 according to authority unknown_publisher
Warning: TF_REPEATED_DATA ignoring data with redundant timestamp for frame odom (parent offset) at time 645.100000 according to authority unknown_publisherWarning: 
         at line TF_REPEATED_DATA ignoring data with redundant timestamp for frame odom (parent offset) at time 645.100000 according to authority unknown_publisher277 in /tmp/binarydeb/ros-noetic-tf2-0.7.10/src/buffer_core.cpp

Warning:          at line TF_REPEATED_DATA ignoring data with redundant timestamp for frame offset (parent map) at time 645.100000 according to authority unknown_publisher
277         at line  in 277/tmp/binarydeb/ros-noetic-tf2-0.7.10/src/buffer_core.cpp in 
/tmp/binarydeb/ros-noetic-tf2-0.7.10/src/buffer_core.cppWarning: 
Warning: TF_REPEATED_DATA ignoring data with redundant timestamp for frame offset (parent map) at time 645.100000 according to authority unknown_publisherTF_REPEATED_DATA ignoring data with redundant timestamp for frame odom (parent offset) at time 645.100000 according to authority unknown_publisher
         at line 277 in /tmp/binarydeb/ros-noetic-tf2-0.7.10/src/buffer_core.cpp

[WARN] [1787298890.923049032, 645.100000000]: TF_REPEATED_DATA ignoring data with redundant timestamp for frame odom (parent offset) at time 645.100000 according to authority unknown_publisher
         at line Warning: 277TF_REPEATED_DATA ignoring data with redundant timestamp for frame odom (parent offset) at time 645.100000 according to authority unknown_publisher in 
/tmp/binarydeb/ros-noetic-tf2-0.7.10/src/buffer_core.cpp         at line 
277 in Warning: /tmp/binarydeb/ros-noetic-tf2-0.7.10/src/buffer_core.cppTF_REPEATED_DATA ignoring data with redundant timestamp for frame offset (parent map) at time 645.100000 according to authority unknown_publisher

         at line 277 in /tmp/binarydeb/ros-noetic-tf2-0.7.10/src/buffer_core.cpp
[WARN] [1787298890.923090814, 645.100000000]: TF_REPEATED_DATA ignoring data with redundant timestamp for frame offset (parent map) at time 645.100000 according to authority unknown_publisher
Warning: TF_REPEATED_DATA ignoring data with redundant timestamp for frame offset (parent map) at time 645.100000 according to authority unknown_publisher
         at line 277 in /tmp/binarydeb/ros-noetic-tf2-0.7.10/src/buffer_core.cpp
Warning: TF_REPEATED_DATA ignoring data with redundant timestamp for frame odom (parent offset) at time 686.700000 according to authority unknown_publisher
         at line 277 in /tmp/binarydeb/ros-noetic-tf2-0.7.10/src/buffer_core.cpp
Warning: Warning: TF_REPEATED_DATA ignoring data with redundant timestamp for frame odom (parent offset) at time 686.700000 according to authority unknown_publisherTF_REPEATED_DATA ignoring data with redundant timestamp for frame offset (parent map) at time 686.700000 according to authority unknown_publisher

         at line          at line 277277 in  in /tmp/binarydeb/ros-noetic-tf2-0.7.10/src/buffer_core.cpp/tmp/binarydeb/ros-noetic-tf2-0.7.10/src/buffer_core.cpp

Warning: TF_REPEATED_DATA ignoring data with redundant timestamp for frame odom (parent offset) at time 686.700000 according to authority unknown_publisher
         at line 277 in /tmp/binarydeb/ros-noetic-tf2-0.7.10/src/buffer_core.cpp
Warning: TF_REPEATED_DATA ignoring data with redundant timestamp for frame offset (parent map) at time 686.700000 according to authority unknown_publisher
         at line 277 in /tmp/binarydeb/ros-noetic-tf2-0.7.10/src/buffer_core.cpp
Warning: TF_REPEATED_DATA ignoring data with redundant timestamp for frame offset (parent map) at time 686.700000 according to authority unknown_publisher
         at line 277Warning:  in TF_REPEATED_DATA ignoring data with redundant timestamp for frame odom (parent offset) at time 686.700000 according to authority unknown_publisher/tmp/binarydeb/ros-noetic-tf2-0.7.10/src/buffer_core.cpp

         at line 277 in /tmp/binarydeb/ros-noetic-tf2-0.7.10/src/buffer_core.cpp
Warning: TF_REPEATED_DATA ignoring data with redundant timestamp for frame offset (parent map) at time 686.700000 according to authority unknown_publisher
         at line 277 in /tmp/binarydeb/ros-noetic-tf2-0.7.10/src/buffer_core.cpp
[WARN] [1787298932.564464782, 686.700000000]: TF_REPEATED_DATA ignoring data with redundant timestamp for frame odom (parent offset) at time 686.700000 according to authority unknown_publisher
[WARN] [1787298932.564489415, 686.700000000]: TF_REPEATED_DATA ignoring data with redundant timestamp for frame offset (parent map) at time 686.700000 according to authority unknown_publisher
Warning: TF_REPEATED_DATA ignoring data with redundant timestamp for frame odom (parent offset) at time 698.400000 according to authority unknown_publisher
         at line 277 in /tmp/binarydeb/ros-noetic-tf2-0.7.10/src/buffer_core.cpp
Warning: Warning: TF_REPEATED_DATA ignoring data with redundant timestamp for frame odom (parent offset) at time 698.400000 according to authority unknown_publisherTF_REPEATED_DATA ignoring data with redundant timestamp for frame offset (parent map) at time 698.400000 according to authority unknown_publisher

         at line          at line 277277 in  in /tmp/binarydeb/ros-noetic-tf2-0.7.10/src/buffer_core.cpp/tmp/binarydeb/ros-noetic-tf2-0.7.10/src/buffer_core.cpp

Warning: TF_REPEATED_DATA ignoring data with redundant timestamp for frame offset (parent map) at time 698.400000 according to authority unknown_publisher
Warning:          at line TF_REPEATED_DATA ignoring data with redundant timestamp for frame odom (parent offset) at time 698.400000 according to authority unknown_publisher277
 in          at line /tmp/binarydeb/ros-noetic-tf2-0.7.10/src/buffer_core.cpp
277 in /tmp/binarydeb/ros-noetic-tf2-0.7.10/src/buffer_core.cpp
Warning: TF_REPEATED_DATA ignoring data with redundant timestamp for frame offset (parent map) at time 698.400000 according to authority unknown_publisher
         at line 277 in /tmp/binarydeb/ros-noetic-tf2-0.7.10/src/buffer_core.cpp
Warning: TF_REPEATED_DATA ignoring data with redundant timestamp for frame odom (parent offset) at time 698.400000 according to authority unknown_publisher
         at line 277 in /tmp/binarydeb/ros-noetic-tf2-0.7.10/src/buffer_core.cpp
Warning: TF_REPEATED_DATA ignoring data with redundant timestamp for frame offset (parent map) at time 698.400000 according to authority unknown_publisher
         at line 277 in /tmp/binarydeb/ros-noetic-tf2-0.7.10/src/buffer_core.cpp
[WARN] [1787298944.260983575, 698.400000000]: TF_REPEATED_DATA ignoring data with redundant timestamp for frame odom (parent offset) at time 698.400000 according to authority unknown_publisher
[WARN] [1787298944.261003829, 698.400000000]: TF_REPEATED_DATA ignoring data with redundant timestamp for frame offset (parent map) at time 698.400000 according to authority unknown_publisher
Warning: TF_REPEATED_DATA ignoring data with redundant timestamp for frame odom (parent offset) at time 732.100000 according to authority unknown_publisher
         at line 277 in /tmp/binarydeb/ros-noetic-tf2-0.7.10/src/buffer_core.cpp
Warning: TF_REPEATED_DATA ignoring data with redundant timestamp for frame offset (parent map) at time 732.100000 according to authority unknown_publisher
         at line 277 in /tmp/binarydeb/ros-noetic-tf2-0.7.10/src/buffer_core.cpp
Warning: TF_REPEATED_DATA ignoring data with redundant timestamp for frame odom (parent offset) at time 732.100000 according to authority unknown_publisher
         at line 277 in /tmp/binarydeb/ros-noetic-tf2-0.7.10/src/buffer_core.cpp
Warning: TF_REPEATED_DATA ignoring data with redundant timestamp for frame offset (parent map) at time 732.100000 according to authority unknown_publisher
         at line 277 in /tmp/binarydeb/ros-noetic-tf2-0.7.10/src/buffer_core.cpp
Warning: Warning: [WARN] [1787298977.958579596, 732.100000000]: TF_REPEATED_DATA ignoring data with redundant timestamp for frame odom (parent offset) at time 732.100000 according to authority unknown_publisher
TF_REPEATED_DATA ignoring data with redundant timestamp for frame odom (parent offset) at time 732.100000 according to authority unknown_publisherTF_REPEATED_DATA ignoring data with redundant timestamp for frame odom (parent offset) at time 732.100000 according to authority unknown_publisher

         at line          at line 277277 in  in /tmp/binarydeb/ros-noetic-tf2-0.7.10/src/buffer_core.cpp/tmp/binarydeb/ros-noetic-tf2-0.7.10/src/buffer_core.cpp

Warning: TF_REPEATED_DATA ignoring data with redundant timestamp for frame offset (parent map) at time 732.100000 according to authority unknown_publisher
Warning:          at line TF_REPEATED_DATA ignoring data with redundant timestamp for frame offset (parent map) at time 732.100000 according to authority unknown_publisher277
 in          at line /tmp/binarydeb/ros-noetic-tf2-0.7.10/src/buffer_core.cpp277
 in [WARN] [1787298977.958626208, 732.100000000]: TF_REPEATED_DATA ignoring data with redundant timestamp for frame offset (parent map) at time 732.100000 according to authority unknown_publisher
/tmp/binarydeb/ros-noetic-tf2-0.7.10/src/buffer_core.cpp
Warning: [WARN] [1787298985.865246585, 740.000000000]: TF_REPEATED_DATA ignoring data with redundant timestamp for frame odom (parent offset) at time 740.000000 according to authority unknown_publisher
TF_REPEATED_DATA ignoring data with redundant timestamp for frame odom (parent offset) at time 740.000000 according to authority unknown_publisher
         at line 277 in /tmp/binarydeb/ros-noetic-tf2-0.7.10/src/buffer_core.cpp
Warning: TF_REPEATED_DATA ignoring data with redundant timestamp for frame offset (parent map) at time 740.000000 according to authority unknown_publisher
[WARN] [1787298985.865282984, 740.000000000]: TF_REPEATED_DATA ignoring data with redundant timestamp for frame offset (parent map) at time 740.000000 according to authority unknown_publisher
         at line 277 in /tmp/binarydeb/ros-noetic-tf2-0.7.10/src/buffer_core.cpp
Warning: TF_REPEATED_DATA ignoring data with redundant timestamp for frame odom (parent offset) at time 740.000000 according to authority unknown_publisher
         at line 277 in /tmp/binarydeb/ros-noetic-tf2-0.7.10/src/buffer_core.cpp
Warning: TF_REPEATED_DATA ignoring data with redundant timestamp for frame offset (parent map) at time 740.000000 according to authority unknown_publisher
         at line 277 in /tmp/binarydeb/ros-noetic-tf2-0.7.10/src/buffer_core.cpp
Warning: TF_REPEATED_DATA ignoring data with redundant timestamp for frame odom (parent offset) at time 740.000000 according to authority unknown_publisher
         at line 277 in /tmp/binarydeb/ros-noetic-tf2-0.7.10/src/buffer_core.cpp
Warning: TF_REPEATED_DATA ignoring data with redundant timestamp for frame offset (parent map) at time 740.000000 according to authority unknown_publisher
         at line 277 in /tmp/binarydeb/ros-noetic-tf2-0.7.10/src/buffer_core.cpp
Warning: TF_REPEATED_DATA ignoring data with redundant timestamp for frame odom (parent offset) at time 740.000000 according to authority unknown_publisher
         at line 277 in /tmp/binarydeb/ros-noetic-tf2-0.7.10/src/buffer_core.cpp
Warning: TF_REPEATED_DATA ignoring data with redundant timestamp for frame offset (parent map) at time 740.000000 according to authority unknown_publisher
         at line 277 in /tmp/binarydeb/ros-noetic-tf2-0.7.10/src/buffer_core.cpp
Warning: TF_REPEATED_DATA ignoring data with redundant timestamp for frame odom (parent offset) at time 763.100000 according to authority unknown_publisher
         at line 277 in /tmp/binarydeb/ros-noetic-tf2-0.7.10/src/buffer_core.cpp
Warning: Warning: TF_REPEATED_DATA ignoring data with redundant timestamp for frame odom (parent offset) at time 763.100000 according to authority unknown_publisherTF_REPEATED_DATA ignoring data with redundant timestamp for frame odom (parent offset) at time 763.100000 according to authority unknown_publisher

         at line          at line Warning: 277277 in TF_REPEATED_DATA ignoring data with redundant timestamp for frame odom (parent offset) at time 763.100000 according to authority unknown_publisher in /tmp/binarydeb/ros-noetic-tf2-0.7.10/src/buffer_core.cpp
/tmp/binarydeb/ros-noetic-tf2-0.7.10/src/buffer_core.cpp
         at line 
277Warning:  in TF_REPEATED_DATA ignoring data with redundant timestamp for frame offset (parent map) at time 763.100000 according to authority unknown_publisher/tmp/binarydeb/ros-noetic-tf2-0.7.10/src/buffer_core.cpp
Warning: 
         at line TF_REPEATED_DATA ignoring data with redundant timestamp for frame offset (parent map) at time 763.100000 according to authority unknown_publisher277
 in          at line /tmp/binarydeb/ros-noetic-tf2-0.7.10/src/buffer_core.cppWarning: 277
TF_REPEATED_DATA ignoring data with redundant timestamp for frame offset (parent map) at time 763.100000 according to authority unknown_publisher in [WARN] [1787299008.956923645, 763.100000000]: TF_REPEATED_DATA ignoring data with redundant timestamp for frame odom (parent offset) at time 763.100000 according to authority unknown_publisher

/tmp/binarydeb/ros-noetic-tf2-0.7.10/src/buffer_core.cppWarning:          at line 
TF_REPEATED_DATA ignoring data with redundant timestamp for frame offset (parent map) at time 763.100000 according to authority unknown_publisher277
 in          at line /tmp/binarydeb/ros-noetic-tf2-0.7.10/src/buffer_core.cpp277
 in /tmp/binarydeb/ros-noetic-tf2-0.7.10/src/buffer_core.cpp
[WARN] [1787299008.956954231, 763.100000000]: TF_REPEATED_DATA ignoring data with redundant timestamp for frame offset (parent map) at time 763.100000 according to authority unknown_publisher
Warning: TF_REPEATED_DATA ignoring data with redundant timestamp for frame odom (parent offset) at time 811.100000 according to authority unknown_publisher
         at line 277 in /tmp/binarydeb/ros-noetic-tf2-0.7.10/src/buffer_core.cpp
Warning: TF_REPEATED_DATA ignoring data with redundant timestamp for frame offset (parent map) at time 811.100000 according to authority unknown_publisher
         at line 277 in /tmp/binarydeb/ros-noetic-tf2-0.7.10/src/buffer_core.cpp
Warning: [WARN] [1787299056.992701091, 811.100000000]: TF_REPEATED_DATA ignoring data with redundant timestamp for frame odom (parent offset) at time 811.100000 according to authority unknown_publisher
TF_REPEATED_DATA ignoring data with redundant timestamp for frame odom (parent offset) at time 811.100000 according to authority unknown_publisher
         at line 277 in /tmp/binarydeb/ros-noetic-tf2-0.7.10/src/buffer_core.cpp
Warning: TF_REPEATED_DATA ignoring data with redundant timestamp for frame offset (parent map) at time 811.100000 according to authority unknown_publisher
         at line 277 in /tmp/binarydeb/ros-noetic-tf2-0.7.10/src/buffer_core.cpp
Warning: TF_REPEATED_DATA ignoring data with redundant timestamp for frame odom (parent offset) at time 811.100000 according to authority unknown_publisher
[WARN] [1787299056.992757986, 811.100000000]: TF_REPEATED_DATA ignoring data with redundant timestamp for frame offset (parent map) at time 811.100000 according to authority unknown_publisher
         at line 277 in /tmp/binarydeb/ros-noetic-tf2-0.7.10/src/buffer_core.cpp
Warning: TF_REPEATED_DATA ignoring data with redundant timestamp for frame offset (parent map) at time 811.100000 according to authority unknown_publisher
         at line 277 in /tmp/binarydeb/ros-noetic-tf2-0.7.10/src/buffer_core.cpp
Warning: TF_REPEATED_DATA ignoring data with redundant timestamp for frame odom (parent offset) at time 811.100000 according to authority unknown_publisher
         at line 277 in /tmp/binarydeb/ros-noetic-tf2-0.7.10/src/buffer_core.cpp
Warning: TF_REPEATED_DATA ignoring data with redundant timestamp for frame offset (parent map) at time 811.100000 according to authority unknown_publisher
         at line 277 in /tmp/binarydeb/ros-noetic-tf2-0.7.10/src/buffer_core.cpp
Warning: TF_REPEATED_DATA ignoring data with redundant timestamp for frame odom (parent offset) at time 817.100000 according to authority unknown_publisher
         at line 277 in /tmp/binarydeb/ros-noetic-tf2-0.7.10/src/buffer_core.cpp
Warning: TF_REPEATED_DATA ignoring data with redundant timestamp for frame offset (parent map) at time 817.100000 according to authority unknown_publisher
         at line 277 in /tmp/binarydeb/ros-noetic-tf2-0.7.10/src/buffer_core.cpp
Warning: TF_REPEATED_DATA ignoring data with redundant timestamp for frame odom (parent offset) at time 817.100000 according to authority unknown_publisher
         at line 277 in /tmp/binarydeb/ros-noetic-tf2-0.7.10/src/buffer_core.cppWarning: 
TF_REPEATED_DATA ignoring data with redundant timestamp for frame odom (parent offset) at time 817.100000 according to authority unknown_publisherWarning: 
TF_REPEATED_DATA ignoring data with redundant timestamp for frame offset (parent map) at time 817.100000 according to authority unknown_publisher         at line 
         at line 277277 in [WARN] [1787299062.993844173, 817.100000000]: TF_REPEATED_DATA ignoring data with redundant timestamp for frame odom (parent offset) at time 817.100000 according to authority unknown_publisher
 in /tmp/binarydeb/ros-noetic-tf2-0.7.10/src/buffer_core.cpp/tmp/binarydeb/ros-noetic-tf2-0.7.10/src/buffer_core.cpp

Warning: TF_REPEATED_DATA ignoring data with redundant timestamp for frame offset (parent map) at time 817.100000 according to authority unknown_publisher
         at line 277 in /tmp/binarydeb/ros-noetic-tf2-0.7.10/src/buffer_core.cpp
[WARN] [1787299062.993872618, 817.100000000]: TF_REPEATED_DATA ignoring data with redundant timestamp for frame offset (parent map) at time 817.100000 according to authority unknown_publisher
Warning: TF_REPEATED_DATA ignoring data with redundant timestamp for frame odom (parent offset) at time 817.100000 according to authority unknown_publisher
         at line 277 in /tmp/binarydeb/ros-noetic-tf2-0.7.10/src/buffer_core.cpp
Warning: TF_REPEATED_DATA ignoring data with redundant timestamp for frame offset (parent map) at time 817.100000 according to authority unknown_publisher
         at line 277 in /tmp/binarydeb/ros-noetic-tf2-0.7.10/src/buffer_core.cpp
Warning: TF_REPEATED_DATA ignoring data with redundant timestamp for frame odom (parent offset) at time 829.100000 according to authority unknown_publisher
         at line 277 in /tmp/binarydeb/ros-noetic-tf2-0.7.10/src/buffer_core.cpp
Warning: TF_REPEATED_DATA ignoring data with redundant timestamp for frame offset (parent map) at time 829.100000 according to authority unknown_publisher
         at line 277 in /tmp/binarydeb/ros-noetic-tf2-0.7.10/src/buffer_core.cpp
Warning: TF_REPEATED_DATA ignoring data with redundant timestamp for frame odom (parent offset) at time 829.100000 according to authority unknown_publisher
         at line 277 in /tmp/binarydeb/ros-noetic-tf2-0.7.10/src/buffer_core.cpp
Warning: TF_REPEATED_DATA ignoring data with redundant timestamp for frame odom (parent offset) at time 829.100000 according to authority unknown_publisher
         at line 277 in /tmp/binarydeb/ros-noetic-tf2-0.7.10/src/buffer_core.cpp
Warning: TF_REPEATED_DATA ignoring data with redundant timestamp for frame offset (parent map) at time 829.100000 according to authority unknown_publisher
         at line 277 in /tmp/binarydeb/ros-noetic-tf2-0.7.10/src/buffer_core.cpp
Warning: Warning: TF_REPEATED_DATA ignoring data with redundant timestamp for frame odom (parent offset) at time 829.100000 according to authority unknown_publisherTF_REPEATED_DATA ignoring data with redundant timestamp for frame offset (parent map) at time 829.100000 according to authority unknown_publisher

         at line          at line 277277 in  in /tmp/binarydeb/ros-noetic-tf2-0.7.10/src/buffer_core.cpp/tmp/binarydeb/ros-noetic-tf2-0.7.10/src/buffer_core.cpp

Warning: TF_REPEATED_DATA ignoring data with redundant timestamp for frame offset (parent map) at time 829.100000 according to authority unknown_publisher
         at line 277 in /tmp/binarydeb/ros-noetic-tf2-0.7.10/src/buffer_core.cpp
[WARN] [1787299074.990081333, 829.100000000]: TF_REPEATED_DATA ignoring data with redundant timestamp for frame odom (parent offset) at time 829.100000 according to authority unknown_publisher
[WARN] [1787299074.990133042, 829.100000000]: TF_REPEATED_DATA ignoring data with redundant timestamp for frame offset (parent map) at time 829.100000 according to authority unknown_publisher
[WARN] [1787299086.911121916, 841.000000000]: No Frontiers in the map!
Warning: [INFO] [1787299086.911212530, 841.000000000]: Exploration has finished.
[INFO] [1787299092.312842456, 846.400000000]: Path planning took 0.141050865 seconds, distance is 12.39 m.
[INFO] [1787299097.460398858, 851.600000000]: Path planning took 0.342312463 seconds, distance is 10.34 m.
TF_REPEATED_DATA ignoring data with redundant timestamp for frame odom (parent offset) at time 856.600000 according to authority unknown_publisherWarning: 
TF_REPEATED_DATA ignoring data with redundant timestamp for frame odom (parent offset) at time 856.600000 according to authority unknown_publisher         at line 
277         at line  in /tmp/binarydeb/ros-noetic-tf2-0.7.10/src/buffer_core.cpp277
 in /tmp/binarydeb/ros-noetic-tf2-0.7.10/src/buffer_core.cpp
Warning: TF_REPEATED_DATA ignoring data with redundant timestamp for frame offset (parent map) at time 856.600000 according to authority unknown_publisher
         at line 277 in /tmp/binarydeb/ros-noetic-tf2-0.7.10/src/buffer_core.cppWarning: 
TF_REPEATED_DATA ignoring data with redundant timestamp for frame offset (parent map) at time 856.600000 according to authority unknown_publisher
         at line 277 in /tmp/binarydeb/ros-noetic-tf2-0.7.10/src/buffer_core.cppWarning: 
TF_REPEATED_DATA ignoring data with redundant timestamp for frame odom (parent offset) at time 856.600000 according to authority unknown_publisher
         at line 277 in /tmp/binarydeb/ros-noetic-tf2-0.7.10/src/buffer_core.cpp
Warning: TF_REPEATED_DATA ignoring data with redundant timestamp for frame odom (parent offset) at time 856.600000 according to authority unknown_publisher
         at line 277 in /tmp/binarydeb/ros-noetic-tf2-0.7.10/src/buffer_core.cpp
Warning: TF_REPEATED_DATA ignoring data with redundant timestamp for frame offset (parent map) at time 856.600000 according to authority unknown_publisher
         at line 277 in /tmp/binarydeb/ros-noetic-tf2-0.7.10/src/buffer_core.cpp
Warning: TF_REPEATED_DATA ignoring data with redundant timestamp for frame offset (parent map) at time 856.600000 according to authority unknown_publisher
         at line 277 in /tmp/binarydeb/ros-noetic-tf2-0.7.10/src/buffer_core.cpp
[WARN] [1787299102.461745999, 856.600000000]: TF_REPEATED_DATA ignoring data with redundant timestamp for frame odom (parent offset) at time 856.600000 according to authority unknown_publisher
[WARN] [1787299102.461768944, 856.600000000]: TF_REPEATED_DATA ignoring data with redundant timestamp for frame offset (parent map) at time 856.600000 according to authority unknown_publisher
Warning: TF_REPEATED_DATA ignoring data with redundant timestamp for frame odom (parent offset) at time 871.600000 according to authority unknown_publisher
         at line 277[INFO] [1787299102.536854710, 856.700000000]: Path planning took 0.420457680 seconds, distance is 9.21 m.
[INFO] [1787299107.478882186, 861.600000000]: Path planning took 0.359913875 seconds, distance is 8.18 m.
[INFO] [1787299112.427302355, 866.600000000]: Path planning took 0.308402683 seconds, distance is 7.09 m.
 in Warning: /tmp/binarydeb/ros-noetic-tf2-0.7.10/src/buffer_core.cppTF_REPEATED_DATA ignoring data with redundant timestamp for frame odom (parent offset) at time 871.600000 according to authority unknown_publisher

         at line 277 in /tmp/binarydeb/ros-noetic-tf2-0.7.10/src/buffer_core.cpp
Warning: TF_REPEATED_DATA ignoring data with redundant timestamp for frame offset (parent map) at time 871.600000 according to authority unknown_publisherWarning: 
TF_REPEATED_DATA ignoring data with redundant timestamp for frame offset (parent map) at time 871.600000 according to authority unknown_publisher         at line 
277         at line  in 277/tmp/binarydeb/ros-noetic-tf2-0.7.10/src/buffer_core.cpp in 
/tmp/binarydeb/ros-noetic-tf2-0.7.10/src/buffer_core.cpp
[WARN] [1787299117.470910279, 871.600000000]: TF_REPEATED_DATA ignoring data with redundant timestamp for frame odom (parent offset) at time 871.600000 according to authority unknown_publisher
[WARN] [1787299117.470948285, 871.600000000]: TF_REPEATED_DATA ignoring data with redundant timestamp for frame offset (parent map) at time 871.600000 according to authority unknown_publisher
Warning: TF_REPEATED_DATA ignoring data with redundant timestamp for frame odom (parent offset) at time 871.600000 according to authority unknown_publisher
         at line 277 in /tmp/binarydeb/ros-noetic-tf2-0.7.10/src/buffer_core.cpp
Warning: TF_REPEATED_DATA ignoring data with redundant timestamp for frame offset (parent map) at time 871.600000 according to authority unknown_publisher
         at line 277 in /tmp/binarydeb/ros-noetic-tf2-0.7.10/src/buffer_core.cpp
Warning: TF_REPEATED_DATA ignoring data with redundant timestamp for frame odom (parent offset) at time 871.600000 according to authority unknown_publisher
         at line 277 in /tmp/binarydeb/ros-noetic-tf2-0.7.10/src/buffer_core.cpp
Warning: TF_REPEATED_DATA ignoring data with redundant timestamp for frame offset (parent map) at time 871.600000 according to authority unknown_publisher
         at line 277 in /tmp/binarydeb/ros-noetic-tf2-0.7.10/src/buffer_core.cpp
Warning: TF_REPEATED_DATA ignoring data with redundant timestamp for frame odom (parent offset) at time 876.600000 according to authority unknown_publisher
         at line 277 in /tmp/binarydeb/ros-noetic-tf2-0.7.10/src/buffer_core.cpp
Warning: TF_REPEATED_DATA ignoring data with redundant timestamp for frame offset (parent map) at time 876.600000 according to authority unknown_publisher
         at line 277 in /tmp/binarydeb/ros-noetic-tf2-0.7.10/src/buffer_core.cpp
Warning: TF_REPEATED_DATA ignoring data with redundant timestamp for frame odom (parent offset) at time 876.600000 according to authority unknown_publisher
         at line 277 in /tmp/binarydeb/ros-noetic-tf2-0.7.10/src/buffer_core.cpp
[INFO] [1787299117.546757203, 871.700000000]: Path planning took 0.428599853 seconds, distance is 5.96 m.
Warning: Warning: TF_REPEATED_DATA ignoring data with redundant timestamp for frame offset (parent map) at time 876.600000 according to authority unknown_publisherTF_REPEATED_DATA ignoring data with redundant timestamp for frame odom (parent offset) at time 876.600000 according to authority unknown_publisher

         at line          at line 277277 in  in /tmp/binarydeb/ros-noetic-tf2-0.7.10/src/buffer_core.cpp/tmp/binarydeb/ros-noetic-tf2-0.7.10/src/buffer_core.cpp

[WARN] [1787299122.461408894, 876.600000000]: TF_REPEATED_DATA ignoring data with redundant timestamp for frame odom (parent offset) at time 876.600000 according to authority unknown_publisher
Warning: TF_REPEATED_DATA ignoring data with redundant timestamp for frame offset (parent map) at time 876.600000 according to authority unknown_publisher
         at line 277 in /tmp/binarydeb/ros-noetic-tf2-0.7.10/src/buffer_core.cpp
[WARN] [1787299122.461447791, 876.600000000]: TF_REPEATED_DATA ignoring data with redundant timestamp for frame offset (parent map) at time 876.600000 according to authority unknown_publisher
Warning: TF_REPEATED_DATA ignoring data with redundant timestamp for frame odom (parent offset) at time 876.600000 according to authority unknown_publisher
         at line 277 in /tmp/binarydeb/ros-noetic-tf2-0.7.10/src/buffer_core.cpp
Warning: TF_REPEATED_DATA ignoring data with redundant timestamp for frame offset (parent map) at time 876.600000 according to authority unknown_publisher
         at line 277 in /tmp/binarydeb/ros-noetic-tf2-0.7.10/src/buffer_core.cpp
[WARN] [1787299132.469328573, 886.600000000]: TF_REPEATED_DATA ignoring data with redundant timestamp for frame odom (parent offset) at time 886.600000 according to authority unknown_publisher
Warning: TF_REPEATED_DATA ignoring data with redundant timestamp for frame odom (parent offset) at time 886.600000 according to authority unknown_publisher
         at line 277 in /tmp/binarydeb/ros-noetic-tf2-0.7.10/src/buffer_core.cpp
[WARN] [1787299132.469354948, 886.600000000]: TF_REPEATED_DATA ignoring data with redundant timestamp for frame offset (parent map) at time 886.600000 according to authority unknown_publisher
Warning: TF_REPEATED_DATA ignoring data with redundant timestamp for frame offset (parent map) at time 886.600000 according to authority unknown_publisher
         at line 277 in /tmp/binarydeb/ros-noetic-tf2-0.7.10/src/buffer_core.cpp
Warning: TF_REPEATED_DATA ignoring data with redundant timestamp for frame odom (parent offset) at time 886.600000 according to authority unknown_publisher
         at line 277 in /tmp/binarydeb/ros-noetic-tf2-0.7.10/src/buffer_core.cpp
Warning: TF_REPEATED_DATA ignoring data with redundant timestamp for frame offset (parent map) at time 886.600000 according to authority unknown_publisher
         at line 277 in /tmp/binarydeb/ros-noetic-tf2-0.7.10/src/buffer_core.cpp
[INFO] [1787299122.580083759, 876.700000000]: Path planning took 0.463033309 seconds, distance is 4.97 m.
[INFO] [1787299127.467622999, 881.600000000]: Path planning took 0.348741653 seconds, distance is 3.98 m.
Warning: TF_REPEATED_DATA ignoring data with redundant timestamp for frame odom (parent offset) at time 886.600000 according to authority unknown_publisher
         at line 277 in /tmp/binarydeb/ros-noetic-tf2-0.7.10/src/buffer_core.cpp
Warning: Warning: TF_REPEATED_DATA ignoring data with redundant timestamp for frame odom (parent offset) at time 886.600000 according to authority unknown_publisherTF_REPEATED_DATA ignoring data with redundant timestamp for frame offset (parent map) at time 886.600000 according to authority unknown_publisher

         at line          at line 277277 in  in /tmp/binarydeb/ros-noetic-tf2-0.7.10/src/buffer_core.cpp/tmp/binarydeb/ros-noetic-tf2-0.7.10/src/buffer_core.cpp

Warning: TF_REPEATED_DATA ignoring data with redundant timestamp for frame offset (parent map) at time 886.600000 according to authority unknown_publisher
         at line 277 in /tmp/binarydeb/ros-noetic-tf2-0.7.10/src/buffer_core.cpp
[WARN] [1787299177.454898489, 931.600000000]: Add one Loop closure. 1 loops have been added.
[INFO] [1787299132.590860033, 886.700000000]: Path planning took 0.472148774 seconds, distance is 1.60 m.
[INFO] [1787299136.119326693, 890.300000000]: Reached target, now turning to desired direction.
[INFO] [1787299136.119404334, 890.300000000]: Heading: 0.17 / Desired: 1.35 / Difference: 1.18 / Tolerance: 0.10
[INFO] [1787299137.447951851, 891.600000000]: Path planning took 0.328696905 seconds, distance is 0.20 m.
[INFO] [1787299137.447980682, 891.600000000]: Heading: 1.42 / Desired: 1.35 / Difference: 0.06 / Tolerance: 0.10
[INFO] [1787299137.447989451, 891.600000000]: Final Heading: 1.42 / Desired: 1.35 / Difference: 0.06 / Tolerance: 0.10
[INFO] [1787299137.447993687, 891.600000000]: Goal reached.
[INFO] [1787299137.732287775, 891.900000000]: Path planning took 0.283057777 seconds, distance is 4.40 m.
[INFO] [1787299142.744949980, 896.900000000]: Path planning took 0.326154492 seconds, distance is 2.50 m.
[INFO] [1787299146.418913974, 900.600000000]: Reached target, now turning to desired direction.
[INFO] [1787299146.418985401, 900.600000000]: Heading: -2.32 / Desired: 0.16 / Difference: 2.48 / Tolerance: 0.10
[INFO] [1787299147.766498845, 901.900000000]: Path planning took 0.347969678 seconds, distance is 0.52 m.
[INFO] [1787299147.766545125, 901.900000000]: Heading: -1.13 / Desired: 0.16 / Difference: 1.29 / Tolerance: 0.10
[INFO] [1787299149.416558484, 903.600000000]: Heading: 0.22 / Desired: 0.16 / Difference: 0.06 / Tolerance: 0.10
[INFO] [1787299149.416611661, 903.600000000]: Final Heading: 0.22 / Desired: 0.16 / Difference: 0.06 / Tolerance: 0.10
[INFO] [1787299149.416625590, 903.600000000]: Goal reached.
[INFO] [1787299149.726850018, 903.900000000]: Path planning took 0.308021962 seconds, distance is 4.79 m.
[INFO] [1787299154.731513292, 908.900000000]: Path planning took 0.313162152 seconds, distance is 3.62 m.
[INFO] [1787299159.734041768, 913.900000000]: Path planning took 0.314939789 seconds, distance is 0.10 m.
[INFO] [1787299159.734062869, 913.900000000]: Reached target, now turning to desired direction.
[INFO] [1787299159.734067742, 913.900000000]: Heading: -1.42 / Desired: 1.50 / Difference: 2.92 / Tolerance: 0.10
[INFO] [1787299161.418314853, 915.600000000]: Heading: 0.09 / Desired: 1.50 / Difference: 1.41 / Tolerance: 0.10
[INFO] [1787299162.418290588, 916.600000000]: Heading: 1.09 / Desired: 1.50 / Difference: 0.41 / Tolerance: 0.10
[INFO] [1787299163.418302649, 917.600000000]: Heading: 1.56 / Desired: 1.50 / Difference: 0.06 / Tolerance: 0.10
[INFO] [1787299163.418365079, 917.600000000]: Final Heading: 1.56 / Desired: 1.50 / Difference: 0.06 / Tolerance: 0.10
[INFO] [1787299163.418388123, 917.600000000]: Goal reached.
[INFO] [1787299163.777311264, 917.900000000]: Path planning took 0.356233925 seconds, distance is 5.01 m.
[INFO] [1787299168.737894622, 922.900000000]: Path planning took 0.319660854 seconds, distance is 4.08 m.
[INFO] [1787299173.742909636, 927.900000000]: Path planning took 0.324354042 seconds, distance is 0.60 m.
[INFO] [1787299174.417911783, 928.600000000]: Reached target, now turning to desired direction.
[INFO] [1787299174.417985091, 928.600000000]: Heading: -1.61 / Desired: 2.24 / Difference: 2.44 / Tolerance: 0.10
[INFO] [1787299175.417958319, 929.600000000]: Heading: -2.40 / Desired: 2.24 / Difference: 1.65 / Tolerance: 0.10
[INFO] [1787299176.416315833, 930.600000000]: Heading: 2.89 / Desired: 2.24 / Difference: 0.65 / Tolerance: 0.10
[INFO] [1787299177.416488045, 931.600000000]: Heading: 2.14 / Desired: 2.24 / Difference: 0.10 / Tolerance: 0.10
[INFO] [1787299178.729365623, 932.900000000]: Path planning took 0.311136532 seconds, distance is 0.28 m.
[INFO] [1787299178.729395119, 932.900000000]: Heading: 2.19 / Desired: 2.24 / Difference: 0.04 / Tolerance: 0.10
[INFO] [1787299178.729400842, 932.900000000]: Final Heading: 2.19 / Desired: 2.24 / Difference: 0.04 / Tolerance: 0.10
[INFO] [1787299178.729405187, 932.900000000]: Goal reached.
[INFO] [1787299178.906238928, 933.000000000]: Path planning took 0.175688323 seconds, distance is 3.84 m.
[INFO] [1787299184.078171807, 938.200000000]: Path planning took 0.361568469 seconds, distance is 2.32 m.
[INFO] [1787299189.082650171, 943.200000000]: Path planning took 0.364095647 seconds, distance is 0.10 m.
[INFO] [1787299189.082687493, 943.200000000]: Reached target, now turning to desired direction.
[INFO] [1787299189.082703151, 943.200000000]: Heading: -0.61 / Desired: -2.91 / Difference: 2.30 / Tolerance: 0.10
[INFO] [1787299190.717440369, 944.900000000]: Heading: -2.11 / Desired: -2.91 / Difference: 0.80 / Tolerance: 0.10
[INFO] [1787299191.718868475, 945.900000000]: Heading: -2.95 / Desired: -2.91 / Difference: 0.04 / Tolerance: 0.10
[INFO] [1787299191.718948216, 945.900000000]: Final Heading: -2.95 / Desired: -2.91 / Difference: 0.04 / Tolerance: 0.10
[INFO] [1787299191.718981781, 945.900000000]: Goal reached.
[INFO] [1787299192.074021662, 946.200000000]: Path planning took 0.351863981 seconds, distance is 0.50 m.
[INFO] [1787299197.045848165, 951.200000000]: Path planning took 0.326492227 seconds, distance is 0.30 m.
[INFO] [1787299197.719916562, 951.900000000]: Reached target, now turning to desired direction.
[INFO] [1787299197.720014412, 951.900000000]: Heading: 0.34 / Desired: 0.10 / Difference: 0.23 / Tolerance: 0.10
[INFO] [1787299198.719505929, 952.900000000]: Heading: 0.22 / Desired: 0.10 / Difference: 0.12 / Tolerance: 0.10
[INFO] [1787299199.717019054, 953.900000000]: Heading: 0.08 / Desired: 0.10 / Difference: 0.02 / Tolerance: 0.10
[INFO] [1787299199.717045405, 953.900000000]: Final Heading: 0.08 / Desired: 0.10 / Difference: 0.02 / Tolerance: 0.10
[INFO] [1787299199.717051904, 953.900000000]: Goal reached.
[INFO] [1787299200.086981608, 954.200000000]: Path planning took 0.368630108 seconds, distance is 2.36 m.
[INFO] [1787299205.178404975, 959.300000000]: Path planning took 0.461126536 seconds, distance is 0.83 m.
[INFO] [1787299205.718784424, 959.900000000]: Reached target, now turning to desired direction.
[INFO] [1787299205.718853993, 959.900000000]: Heading: -2.81 / Desired: -0.82 / Difference: 1.98 / Tolerance: 0.10
[INFO] [1787299206.717646930, 960.900000000]: Heading: -1.91 / Desired: -0.82 / Difference: 1.09 / Tolerance: 0.10
[INFO] [1787299207.716921135, 961.900000000]: Heading: -1.01 / Desired: -0.82 / Difference: 0.19 / Tolerance: 0.10
[INFO] [1787299208.716817244, 962.900000000]: Heading: -0.66 / Desired: -0.82 / Difference: 0.16 / Tolerance: 0.10
[INFO] [1787299210.077979471, 964.200000000]: Path planning took 0.359373789 seconds, distance is 0.24 m.
[INFO] [1787299210.078024053, 964.200000000]: Heading: -0.82 / Desired: -0.82 / Difference: 0.01 / Tolerance: 0.10
[INFO] [1787299210.078034287, 964.200000000]: Final Heading: -0.82 / Desired: -0.82 / Difference: 0.01 / Tolerance: 0.10
[INFO] [1787299210.078041705, 964.200000000]: Goal reached.
double free or corruption (fasttop)
[WARN] [1787298245.541515, 0.000000]: Robot Start At 8
[WARN] [1787298245.691561, 0.000000]: Tsp problem solved by Concorde. 0.146622896194458
/home/wcqw/ac-slam/catkin_ws/src/cpp_solver/world/map3/map3.xml
74.0
True
Drawio scale: 0.10277777777777777
[INFO] [1787298245.533687, 0.000000]: Build prior map with 36 vertices.
[INFO] [1787298245.534203, 0.000000]: Build prior map.
[INFO] [1787298245.538316, 0.000000]: prior_map_save_path: /home/wcqw/ac-slam/catkin_ws/src/cpp_solver/results/prior_map_Phase2B_PositiveControl_trial02.pickle
Robot position: (-28.0, -28.0)
10: 2225.556520061729,(x, y) = (10.527777777777779, 45.986111111111114)
11: 1243.3435570987656,(x, y) = (10.527777777777779, 33.65277777777778)
Reverse tsp path is better!
tsp_path VS full_tsp_path:
[8, 7, 6, 5, 4, 3, 9, 15, 16, 10, 11, 35, 37, 38, 36, 12, 13, 14, 18, 17, 21, 22, 28, 34, 33, 27, 26, 32, 31, 25, 24, 30, 29, 23, 19, 20]
[8, 7, 6, 5, 4, 3, 9, 15, 16, 10, 11, 35, 37, 38, 36, 12, 13, 14, 18, 17, 21, 22, 28, 34, 33, 27, 26, 32, 31, 25, 24, 30, 29, 23, 19, 20]
[INFO] [1787298245.693387, 0.000000]: TSP_RECORD {"full_tsp_path": [8, 7, 6, 5, 4, 3, 9, 15, 16, 10, 11, 35, 37, 38, 36, 12, 13, 14, 18, 17, 21, 22, 28, 34, 33, 27, 26, 32, 31, 25, 24, 30, 29, 23, 19, 20], "initial_tsp_path": [8, 7, 6, 5, 4, 3, 9, 15, 16, 10, 11, 35, 37, 38, 36, 12, 13, 14, 18, 17, 21, 22, 28, 34, 33, 27, 26, 32, 31, 25, 24, 30, 29, 23, 19, 20], "predicted_full_tsp_length": 415.22222222222206, "predicted_tsp_length": 415.22222222222206, "seed": 22002, "solver": "concorde"}
[INFO] [1787298245.694175, 0.000000]: tsp_record_path: /home/wcqw/ac-slam/catkin_ws/src/cpp_solver/results/tsp_record_Phase2B_PositiveControl_trial02.json
[INFO] [1787298245.694858, 0.000000]: Find initial tsp path.
[INFO] [1787298245.695446, 0.000000]: Find modified curr_path and loop index
[INFO] [1787298245.698352, 0.000000]: g2o_save_path: /home/wcqw/ac-slam/catkin_ws/src/cpp_solver/results/graph_Phase2B_PositiveControl_trial02.g2o
[INFO] [1787298246.307270, 0.400000]: Really visited vertices: 
[INFO] [1787298258.643427, 12.800000]: Really visited vertices: 8 
[INFO] [1787298300.562595, 54.700000]: Really visited vertices: 8 14 13 7 13 
[INFO] [1787298306.159962, 60.300000]: Really visited vertices: 8 14 13 7 13 7 
[INFO] [1787298312.667272, 66.800000]: Really visited vertices: 8 14 13 7 13 7 
[INFO] [1787298334.573767, 88.700000]: Really visited vertices: 8 14 13 7 13 7 6 12 
[INFO] [1787298357.385324, 111.500000]: Really visited vertices: 8 14 13 7 13 7 6 12 11 5 
[INFO] [1787298394.468872, 148.600000]: Really visited vertices: 8 14 13 7 13 7 6 12 11 5 4 10 
[INFO] [1787298441.871329, 196.000000]: Really visited vertices: 8 14 13 7 13 7 6 12 11 5 4 10 16 35 
[INFO] [1787298448.572107, 202.700000]: Really visited vertices: 8 14 13 7 13 7 6 12 11 5 4 10 16 35 
[INFO] [1787298454.076265, 208.200000]: Really visited vertices: 8 14 13 7 13 7 6 12 11 5 4 10 16 35 
[INFO] [1787298477.521550, 231.700000]: Really visited vertices: 8 14 13 7 13 7 6 12 11 5 4 10 16 35 36 
[INFO] [1787298482.918172, 237.100000]: Really visited vertices: 8 14 13 7 13 7 6 12 11 5 4 10 16 35 36 
[INFO] [1787298501.406646, 255.500000]: Really visited vertices: 8 14 13 7 13 7 6 12 11 5 4 10 16 35 36 
[INFO] [1787298515.220111, 269.400000]: Really visited vertices: 8 14 13 7 13 7 6 12 11 5 4 10 16 35 36 17 
[INFO] [1787298520.883089, 275.000000]: Really visited vertices: 8 14 13 7 13 7 6 12 11 5 4 10 16 35 36 17 
[INFO] [1787298561.003105, 315.100000]: Really visited vertices: 8 14 13 7 13 7 6 12 11 5 4 10 16 35 36 17 21 22 18 
[INFO] [1787298605.107812, 359.200000]: Really visited vertices: 8 14 13 7 13 7 6 12 11 5 4 10 16 35 36 17 21 22 18 22 28 27 
[INFO] [1787298611.353850, 365.500000]: Really visited vertices: 8 14 13 7 13 7 6 12 11 5 4 10 16 35 36 17 21 22 18 22 28 27 
[INFO] [1787298633.711221, 387.800000]: Really visited vertices: 8 14 13 7 13 7 6 12 11 5 4 10 16 35 36 17 21 22 18 22 28 27 33 34 
[INFO] [1787298658.439873, 412.600000]: Really visited vertices: 8 14 13 7 13 7 6 12 11 5 4 10 16 35 36 17 21 22 18 22 28 27 33 34 33 
[INFO] [1787298664.029925, 418.200000]: Really visited vertices: 8 14 13 7 13 7 6 12 11 5 4 10 16 35 36 17 21 22 18 22 28 27 33 34 33 
[INFO] [1787298696.715606, 450.800000]: Really visited vertices: 8 14 13 7 13 7 6 12 11 5 4 10 16 35 36 17 21 22 18 22 28 27 33 34 33 32 
[INFO] [1787298702.721464, 456.900000]: Really visited vertices: 8 14 13 7 13 7 6 12 11 5 4 10 16 35 36 17 21 22 18 22 28 27 33 34 33 32 
[INFO] [1787298718.110700, 472.200000]: Really visited vertices: 8 14 13 7 13 7 6 12 11 5 4 10 16 35 36 17 21 22 18 22 28 27 33 34 33 32 26 
[INFO] [1787298730.520781, 484.700000]: Really visited vertices: 8 14 13 7 13 7 6 12 11 5 4 10 16 35 36 17 21 22 18 22 28 27 33 34 33 32 26 
[INFO] [1787298777.820464, 532.000000]: Really visited vertices: 8 14 13 7 13 7 6 12 11 5 4 10 16 35 36 17 21 22 18 22 28 27 33 34 33 32 26 25 31 
[INFO] [1787298827.428663, 581.600000]: Really visited vertices: 8 14 13 7 13 7 6 12 11 5 4 10 16 35 36 17 21 22 18 22 28 27 33 34 33 32 26 25 31 30 24 
[INFO] [1787298832.931632, 587.100000]: Really visited vertices: 8 14 13 7 13 7 6 12 11 5 4 10 16 35 36 17 21 22 18 22 28 27 33 34 33 32 26 25 31 30 24 
[INFO] [1787298856.714704, 610.800000]: Really visited vertices: 8 14 13 7 13 7 6 12 11 5 4 10 16 35 36 17 21 22 18 22 28 27 33 34 33 32 26 25 31 30 24 23 
[INFO] [1787298867.755033, 621.900000]: Really visited vertices: 8 14 13 7 13 7 6 12 11 5 4 10 16 35 36 17 21 22 18 22 28 27 33 34 33 32 26 25 31 30 24 23 
[INFO] [1787298873.168466, 627.300000]: Really visited vertices: 8 14 13 7 13 7 6 12 11 5 4 10 16 35 36 17 21 22 18 22 28 27 33 34 33 32 26 25 31 30 24 23 
[INFO] [1787298885.833873, 640.000000]: Really visited vertices: 8 14 13 7 13 7 6 12 11 5 4 10 16 35 36 17 21 22 18 22 28 27 33 34 33 32 26 25 31 30 24 23 
[INFO] [1787298896.342598, 650.500000]: Really visited vertices: 8 14 13 7 13 7 6 12 11 5 4 10 16 35 36 17 21 22 18 22 28 27 33 34 33 32 26 25 31 30 24 23 19 
[INFO] [1787298932.565096, 686.700000]: Really visited vertices: 8 14 13 7 13 7 6 12 11 5 4 10 16 35 36 17 21 22 18 22 28 27 33 34 33 32 26 25 31 30 24 23 19 15 
[INFO] [1787298937.848812, 692.000000]: Really visited vertices: 8 14 13 7 13 7 6 12 11 5 4 10 16 35 36 17 21 22 18 22 28 27 33 34 33 32 26 25 31 30 24 23 19 15 
[INFO] [1787298944.261182, 698.400000]: Really visited vertices: 8 14 13 7 13 7 6 12 11 5 4 10 16 35 36 17 21 22 18 22 28 27 33 34 33 32 26 25 31 30 24 23 19 15 
[INFO] [1787298956.477617, 710.600000]: Really visited vertices: 8 14 13 7 13 7 6 12 11 5 4 10 16 35 36 17 21 22 18 22 28 27 33 34 33 32 26 25 31 30 24 23 19 15 
[INFO] [1787298967.370211, 721.500000]: Really visited vertices: 8 14 13 7 13 7 6 12 11 5 4 10 16 35 36 17 21 22 18 22 28 27 33 34 33 32 26 25 31 30 24 23 19 15 9 
[INFO] [1787298985.864495, 740.000000]: Really visited vertices: 8 14 13 7 13 7 6 12 11 5 4 10 16 35 36 17 21 22 18 22 28 27 33 34 33 32 26 25 31 30 24 23 19 15 9 3 
[INFO] [1787299002.326674, 756.500000]: Really visited vertices: 8 14 13 7 13 7 6 12 11 5 4 10 16 35 36 17 21 22 18 22 28 27 33 34 33 32 26 25 31 30 24 23 19 15 9 3 
[INFO] [1787299014.449001, 768.600000]: Really visited vertices: 8 14 13 7 13 7 6 12 11 5 4 10 16 35 36 17 21 22 18 22 28 27 33 34 33 32 26 25 31 30 24 23 19 15 9 3 
[INFO] [1787299050.457793, 804.600000]: Really visited vertices: 8 14 13 7 13 7 6 12 11 5 4 10 16 35 36 17 21 22 18 22 28 27 33 34 33 32 26 25 31 30 24 23 19 15 9 3 4 
[INFO] [1787299219.774733, 973.300000]: Pose graph has: 517 vertices, 775 edges.
... logging to /home/wcqw/ac-slam/catkin_ws/.ros/log/147ecee8-9d34-11f1-a38e-cf9a7ef17d8f/roslaunch-msxg-96699.log
Checking log directory for disk usage. This may take a while.
Press Ctrl-C to interrupt
Done checking log file disk usage. Usage is <1GB.
]2;/home/wcqw/ac-slam/baseline/Graph-Based_SLAM-Aware_Exploration/launch/exploration.launch
[1mstarted roslaunch server http://127.0.0.1:46669/[0m

SUMMARY
========

PARAMETERS
 * /Mapper/LoopMatchMaximumVarianceCoarse: 0.16
 * /Mapper/LoopMatchMinimumChainSize: 4
 * /Mapper/LoopMatchMinimumResponseCoarse: 0.6
 * /Mapper/LoopMatchMinimumResponseFine: 0.7
 * /Mapper/LoopSearchMaximumDistance: 4
 * /Mapper/LoopSearchSpaceDimension: 5.0
 * /Mapper/MinimumTravelDistance: 1.0
 * /Mapper/MinimumTravelHeading: 0.52
 * /Mapper/grid_resolution: 0.1
 * /Mapper/map_frame: map
 * /Mapper/map_update_rate: 5
 * /Mapper/max_covariance: 0.01
 * /Mapper/max_particles: 10000
 * /Mapper/min_map_size: 20
 * /Mapper/min_particles: 2500
 * /Mapper/publish_pose_graph: True
 * /Mapper/range_threshold: 25.0
 * /Mapper/transform_publish_period: 0.1
 * /Navigator/command_target_distance: 1.5
 * /Navigator/exploration_goal_distance: 3.0
 * /Navigator/exploration_strategy: NearestFrontierPl...
 * /Navigator/frequency: 1
 * /Navigator/map_inflation_radius: 1.0
 * /Navigator/max_replanning_period: 1.0
 * /Navigator/min_replanning_period: 5.0
 * /Navigator/min_target_area_size: 1.0
 * /Navigator/navigation_goal_angle: 1.0
 * /Navigator/navigation_goal_distance: 2.0
 * /Navigator/navigation_homing_distance: 4.0
 * /Navigator/robot_radius: 0.5
 * /Navigator/save_path_plan_time: /home/wcqw/ac-sla...
 * /Navigator/use_local_planner: True
 * /Navigator/visualize_frontiers: True
 * /Operator/conformance_weight: 1
 * /Operator/continue_weight: 1
 * /Operator/escape_weight: 1
 * /Operator/frequency: 10
 * /Operator/local_map/cost_scaling_factor: 2.0
 * /Operator/local_map/global_frame: odom
 * /Operator/local_map/height: 6.0
 * /Operator/local_map/inflation_radius: 0.75
 * /Operator/local_map/lethal_cost_threshold: 100
 * /Operator/local_map/map_type: costmap
 * /Operator/local_map/max_obstacle_height: 2.0
 * /Operator/local_map/min_obstacle_height: 0.0
 * /Operator/local_map/observation_sources: scan
 * /Operator/local_map/obstacle_range: 4.0
 * /Operator/local_map/publish_frequency: 1.0
 * /Operator/local_map/publish_voxel_map: True
 * /Operator/local_map/raytrace_range: 4.5
 * /Operator/local_map/resolution: 0.05
 * /Operator/local_map/robot_base_frame: base_link
 * /Operator/local_map/robot_radius: 0.4
 * /Operator/local_map/rolling_window: True
 * /Operator/local_map/scan/clearing: True
 * /Operator/local_map/scan/data_type: LaserScan
 * /Operator/local_map/scan/expected_update_rate: 0.4
 * /Operator/local_map/scan/marking: True
 * /Operator/local_map/scan/max_obstacle_height: 0.4
 * /Operator/local_map/scan/min_obstacle_height: 0.08
 * /Operator/local_map/scan/observation_persistence: 0.0
 * /Operator/local_map/static_map: False
 * /Operator/local_map/track_unknown_space: True
 * /Operator/local_map/transform_tolerance: 0.3
 * /Operator/local_map/update_frequency: 5.0
 * /Operator/local_map/width: 6.0
 * /Operator/max_free_space: 3.0
 * /Operator/max_velocity: 1.0
 * /Operator/publish_route: True
 * /Operator/safety_decay: 0.99
 * /Operator/safety_weight: 1
 * /Stage/base_watchdog_timeout: 0
 * /laser_frame: base_laser_link
 * /laser_topic: base_scan
 * /map_frame: map
 * /map_server/frame_id: map
 * /map_service: static_map
 * /map_topic: map
 * /odometry_frame: odom
 * /offset_frame: offset
 * /path_planner/g2o_save_path: /home/wcqw/ac-sla...
 * /path_planner/map_width: 74.0
 * /path_planner/need_noise: False
 * /path_planner/only_use_tsp: True
 * /path_planner/prior_map_save_path: /home/wcqw/ac-sla...
 * /path_planner/robot_position: -28.0 -28.0 0
 * /path_planner/tsp_record_path: /home/wcqw/ac-sla...
 * /path_planner/tsp_seed: 22002
 * /path_planner/tsp_solver: concorde
 * /path_planner/use_drawio: True
 * /path_planner/variance: 0.0
 * /path_planner/xml_path: /home/wcqw/ac-sla...
 * /pubPath/gt_save_path: /home/wcqw/ac-sla...
 * /pubPath/robot_position: -28.0 -28.0 0
 * /pubPath/slam_save_path: /home/wcqw/ac-sla...
 * /robot_description: <?xml version="1....
 * /robot_frame: base_link
 * /robot_start_position: -28.0 -28.0 0
 * /robot_state_publisher/publish_frequency: 30.0
 * /robot_state_publisher/tf_prefix: 
 * /rosdistro: noetic
 * /rosversion: 1.17.4
 * /use_sim_time: True
 * /use_tf1: True

NODES
  /
    Explore (nav2d_navigator/explore_client)
    GetMap (nav2d_navigator/get_map_client)
    Mapper (nav2d_karto/mapper)
    Navigator (nav2d_navigator/navigator)
    Operator (nav2d_operator/operator)
    RVIZ (rviz/rviz)
    SetGoal (nav2d_navigator/set_goal_client)
    Stage (stage_ros/stageros)
    exploration_button_server (cpp_solver/exploration_button_server.py)
    map_server (map_server/map_server)
    path_planner (cpp_solver/path_planner.py)
    pubPath (cpp_solver/pub_path)
    publisher (p2os_urdf/p2os_publisher_3at)
    robot_state_publisher (robot_state_publisher/robot_state_publisher)
    rqt_robot_steering (rqt_robot_steering/rqt_robot_steering)
    updateDistance (cpp_solver/updateDistance)

[1mROS_MASTER_URI=http://localhost:11311[0m
]2;/home/wcqw/ac-slam/baseline/Graph-Based_SLAM-Aware_Exploration/launch/exploration.launch http://localhost:11311
[1mprocess[Stage-1]: started with pid [96832][0m
[1mprocess[map_server-2]: started with pid [96833][0m
[1mprocess[Operator-3]: started with pid [96834][0m
[1mprocess[Mapper-4]: started with pid [96839][0m
[1mprocess[Navigator-5]: started with pid [96845][0m
[1mprocess[GetMap-6]: started with pid [96850][0m
[1mprocess[Explore-7]: started with pid [96856][0m
[1mprocess[SetGoal-8]: started with pid [96862][0m
[1mprocess[pubPath-9]: started with pid [96868][0m
[1mprocess[updateDistance-10]: started with pid [96880][0m
[1mprocess[exploration_button_server-11]: started with pid [96886][0m
[1mprocess[path_planner-12]: started with pid [96893][0m
[1mprocess[rqt_robot_steering-13]: started with pid [96899][0m
[1mprocess[robot_state_publisher-14]: started with pid [96904][0m
[1mprocess[publisher-15]: started with pid [96918][0m
[1mprocess[RVIZ-16]: started with pid [96939][0m
[RVIZ-16] killing on exit
[publisher-15] killing on exit
[robot_state_publisher-14] killing on exit
[rqt_robot_steering-13] killing on exit
[path_planner-12] killing on exit
[exploration_button_server-11] killing on exit
[updateDistance-10] killing on exit
[pubPath-9] killing on exit
[SetGoal-8] killing on exit
[Explore-7] killing on exit
[GetMap-6] killing on exit
[Navigator-5] killing on exit
[Mapper-4] killing on exit
[Operator-3] killing on exit
[map_server-2] killing on exit
[Stage-1] killing on exit
shutting down processing monitor...
... shutting down processing monitor complete
[1mdone[0m
