{
  "condition": "C",
  "execution_cost": {
    "active_loop_distance_m": 66.86503965675882,
    "active_loop_time_s": 239.49999999999994,
    "early_stop_count": 0,
    "early_stop_saved_remaining_polyline_m_lower_bound": 0.0,
    "no_repair_count": 2,
    "repair_distance_m": 28.263384370567586,
    "repair_time_s": 88.40000000000003,
    "repair_trigger_count": 1
  },
  "exploration": {
    "action_status": 3,
    "sim_time_s": 1183.6999999999998,
    "total_distance_m": 469.1382249075234,
    "wall_sim_ratio": 1.0000832670794955,
    "wall_time_s": 1183.7985632419986
  },
  "loop_realization": {
    "acceptance_rate": 0.0,
    "accepted_active_loops": 0,
    "accepted_passive_or_unattributed_events": 0,
    "executed_active_loops": 3,
    "planned_active_loops": 3
  },
  "mapping": {
    "estimated_unknown_ratio": 0.11474335409077575,
    "occupied_boundary_f1": 0.32782043482885925,
    "occupied_iou": 0.055986987733737725
  },
  "method": "Selective",
  "oracle_mode": 2,
  "phase": "4B",
  "pose_graph": {
    "edge_count": 1067,
    "node_count": 646
  },
  "seed": 21002,
  "trajectory": {
    "ape_se2_translation_rmse_m": 1.15693,
    "rpe_rotation_1m_rmse_deg": 0.211664,
    "rpe_translation_1m_rmse_m": 0.044769
  },
  "tsp": {
    "full_tsp_path": [
      8,
      7,
      6,
      5,
      4,
      3,
      9,
      15,
      16,
      10,
      11,
      35,
      37,
      38,
      36,
      12,
      13,
      14,
      18,
      17,
      21,
      22,
      28,
      34,
      33,
      27,
      26,
      32,
      31,
      25,
      24,
      30,
      29,
      23,
      19,
      20
    ],
    "initial_tsp_path": [
      8,
      7,
      6,
      5,
      4,
      3,
      9,
      15,
      16,
      10,
      11,
      35,
      37,
      38,
      36,
      12,
      13,
      14,
      18,
      17,
      21,
      22,
      28,
      34,
      33,
      27,
      26,
      32,
      31,
      25,
      24,
      30,
      29,
      23,
      19,
      20
    ],
    "predicted_full_tsp_length": 415.22222222222206,
    "predicted_tsp_length": 415.22222222222206,
    "seed": 21002,
    "solver": "concorde"
  },
  "validity": "VALID"
}
