[WARN] [1788163020.640685218]: The root link base_link has an inertia specified in the URDF, but KDL does not support a root link with an inertia.  As a workaround, you can add an extra dummy link to your URDF.
0x558eed7b7910
[INFO] [1788163020.704751277]: Inititialized robot 1, starting to map now.
Create multimapper!!
concorde -s 21001 /tmp/tmpkfsn_d_8/problem.tsp
Host: msxg  Current process id: 32587
Using random seed 21001
Number of Nodes: 78
Explicit Lengths (CC_MATRIXNORM)
Set initial upperbound to 8444 (from tour)
ERROR: No dual change in basis finding code
Did not find a basic optimal solution
Fractional matching routine failed
Warning: restarting running timer Miscellaneous
No warmstart, stumbling on anyway
Basic dual change required, but no candidate edges
  LP Value  1: 8421.000000  (0.01 seconds)
  LP Value  2: 8444.000000  (0.01 seconds)
New lower bound: 8444.000000
Final lower bound 8444.000000, upper bound 8444.000000
Exact lower bound: 8444.000000
DIFF: 0.000000
Final LP has 96 rows, 179 columns, 496 nonzeros
Optimal Solution: 8444.00
Number of bbnodes: 1
Total Running Time: 0.03 (seconds)
[WARN] [1788163022.166994842, 0.400000000]: local_map: Parameter "plugins" not provided, loading pre-Hydro parameters
[INFO] [1788163020.721305891]: Waiting for prior_graph_service ...
[INFO] [1788163020.722282500]: waitForService: Service [/prior_graph_service] has not been advertised, waiting...
[INFO] [1788163021.439327083]: waitForService: Service [/prior_graph_service] is now available.
[INFO] [1788163021.440274480]: Receive response of service prior_graph_service.
[INFO] [1788163021.441023349]: Load prior_map.
[INFO] [1788163021.441047788]: Publishing prior graph......
[INFO] [1788163021.441502250]: Draw prior_map in RVIZ.
[INFO] [1788163021.441511624]: Waiting for path_plan_service ...
[INFO] [1788163021.465700966]: Receive tsp path: 20 37 17 12 17 16 15 14 15 13 17 11 18 10 36 9 36 8 0 35 1 35 6 19 38 20 38 26 21 22 21 24 21 23 21 25 27 31 32 29 32 30 32 28 33 38 33 7 5 4 3 34 2 35
[INFO] [1788163021.465772207]: Receive loop index: 0 0 0 0 0 0 0 0 0 0 0 0 0 0 0 0 0 0 0 0 0 0 0 0 0 1 0 0 0 0 0 0 0 0 0 0 0 0 0 0 0 0 0 0 0 1 0 0 0 0 0 0 0 1
[INFO] [1788163021.465800830]: Waiting for reliable_loop_service ...
[INFO] [1788163021.466170663]: reliable_loop_service is available.
[INFO] [1788163021.466489991]: MyPlanner is initialized and running!!
[INFO] [1788163021.466579429]: Successfully loaded exploration strategy [MyPlanner].
[INFO] [1788163022.250925440, 0.400000000]: PHASE2C_KEYSCAN_ACCEPTED unique_id=0 state_id=0 sim_time=0.300000
Warning: Warning: TF_REPEATED_DATA ignoring data with redundant timestamp for frame odom (parent offset) at time 0.400000 according to authority unknown_publisherTF_REPEATED_DATA ignoring data with redundant timestamp for frame odom (parent offset) at time 0.400000 according to authority unknown_publisher

         at line          at line 277277 in  in Warning: /tmp/binarydeb/ros-noetic-tf2-0.7.10/src/buffer_core.cpp/tmp/binarydeb/ros-noetic-tf2-0.7.10/src/buffer_core.cpp

TF_REPEATED_DATA ignoring data with redundant timestamp for frame odom (parent offset) at time 0.400000 according to authority unknown_publisher
         at line Warning: TF_REPEATED_DATA ignoring data with redundant timestamp for frame offset (parent map) at time 0.400000 according to authority unknown_publisher277
 in          at line /tmp/binarydeb/ros-noetic-tf2-0.7.10/src/buffer_core.cpp277
Warning:  in TF_REPEATED_DATA ignoring data with redundant timestamp for frame offset (parent map) at time 0.400000 according to authority unknown_publisher/tmp/binarydeb/ros-noetic-tf2-0.7.10/src/buffer_core.cpp

         at line Warning: 277TF_REPEATED_DATA ignoring data with redundant timestamp for frame offset (parent map) at time 0.400000 according to authority unknown_publisher[WARN] [1788163022.252334790, 0.400000000]: TF_REPEATED_DATA ignoring data with redundant timestamp for frame odom (parent offset) at time 0.400000 according to authority unknown_publisher
 in 
/tmp/binarydeb/ros-noetic-tf2-0.7.10/src/buffer_core.cpp         at line 
277 in /tmp/binarydeb/ros-noetic-tf2-0.7.10/src/buffer_core.cpp
Warning: TF_REPEATED_DATA ignoring data with redundant timestamp for frame odom (parent offset) at time 0.400000 according to authority unknown_publisher
         at line 277[WARN] [1788163022.252383932, 0.400000000]: TF_REPEATED_DATA ignoring data with redundant timestamp for frame offset (parent map) at time 0.400000 according to authority unknown_publisher
 in /tmp/binarydeb/ros-noetic-tf2-0.7.10/src/buffer_core.cpp
Warning: TF_REPEATED_DATA ignoring data with redundant timestamp for frame offset (parent map) at time 0.400000 according to authority unknown_publisher
         at line 277 in /tmp/binarydeb/ros-noetic-tf2-0.7.10/src/buffer_core.cpp
double free or corruption (fasttop)
[WARN] [1788163021.166568, 0.000000]: Robot Start At 20
[WARN] [1788163021.211691, 0.000000]: Tsp problem solved by Concorde. 0.041226863861083984
<class 'networkx.utils.decorators.argmap'> compilation 4:4: FutureWarning: laplacian_matrix will return a scipy.sparse array instead of a matrix in Networkx 3.0.
[INFO] [1788163021.156886, 0.000000]: PHASE3A_ORACLE_ENABLED mode=2 before=8 after=8 densify_m=0.500
[INFO] [1788163021.157457, 0.000000]: PHASE4A_SELECTIVE_ENABLED span_gate=4.00 max_len=12.0 max_wp=24 densify=0.50 dir_lambda=1.00
/home/wcqw/ac-slam/catkin_ws/src/cpp_solver/world/map8/map8.xml
86.8
True
Drawio scale: 0.0811214953271028
[INFO] [1788163021.158626, 0.000000]: Build prior map with 39 vertices.
[INFO] [1788163021.159085, 0.000000]: Build prior map.
[INFO] [1788163021.162996, 0.000000]: prior_map_save_path: /home/wcqw/ac-slam/catkin_ws/src/cpp_solver/results/prior_map_Phase4C_preflight_20260831T155610_map8_mode2.pickle
Robot position: (0.0, 0.0)
10: 1038.6988603022098,(x, y) = (-8.11214953271028, 31.19121495327103)
11: 983.4210054677264,(x, y) = (3.244859813084112, 31.19121495327103)
Reverse tsp path is better!
tsp_path VS full_tsp_path:
[20, 37, 12, 16, 15, 14, 13, 17, 11, 18, 10, 36, 9, 8, 0, 35, 1, 6, 19, 38, 26, 22, 21, 24, 23, 25, 27, 31, 29, 32, 30, 28, 33, 7, 5, 4, 3, 34, 2]
[20, 37, 17, 12, 17, 16, 15, 14, 15, 13, 17, 11, 18, 10, 36, 9, 36, 8, 0, 35, 1, 35, 6, 19, 38, 26, 21, 22, 21, 24, 21, 23, 21, 25, 27, 31, 32, 29, 32, 30, 32, 28, 33, 7, 5, 4, 3, 34, 2]
[INFO] [1788163021.213509, 0.000000]: TSP_RECORD {"full_tsp_path": [20, 37, 17, 12, 17, 16, 15, 14, 15, 13, 17, 11, 18, 10, 36, 9, 36, 8, 0, 35, 1, 35, 6, 19, 38, 26, 21, 22, 21, 24, 21, 23, 21, 25, 27, 31, 32, 29, 32, 30, 32, 28, 33, 7, 5, 4, 3, 34, 2], "initial_tsp_path": [20, 37, 12, 16, 15, 14, 13, 17, 11, 18, 10, 36, 9, 8, 0, 35, 1, 6, 19, 38, 26, 22, 21, 24, 23, 25, 27, 31, 29, 32, 30, 28, 33, 7, 5, 4, 3, 34, 2], "predicted_full_tsp_length": 581.3749220957066, "predicted_tsp_length": 581.3749220957063, "seed": 21001, "solver": "concorde"}
[INFO] [1788163021.214538, 0.000000]: tsp_record_path: /home/wcqw/ac-slam/catkin_ws/src/cpp_solver/results/tsp_record_Phase4C_preflight_20260831T155610_map8_mode2.json
[INFO] [1788163021.215249, 0.000000]: Find initial tsp path.
tsp_d_opt: 48.14047273026632, tsp_dist: 581.3749220957066
current idx: 0 / 48
max_candidate_dist: 52.67545007187252
Iter <built-in function iter>: 0 / 49
Iter <built-in function iter>: 20 / 49
Iter <built-in function iter>: 40 / 49
#candidates: 93
current obj: 0.08498515476028107, resistance: 1.0698288338377977, dis_incre: 1.0423781168819637 tsp_obj: 0.08280452234976414
Optimization ratio: 1.0
No candidate is better than current_d_opt. Iteration stops.
#Add edges: 3, [(20, 38), (38, 33), (35, 2)]
Time cost: 0.12s for best one; 0.09s for all.
  
optimized tsp path: [20, 37, 17, 12, 17, 16, 15, 14, 15, 13, 17, 11, 18, 10, 36, 9, 36, 8, 0, 35, 1, 35, 6, 19, 38, 20, 38, 26, 21, 22, 21, 24, 21, 23, 21, 25, 27, 31, 32, 29, 32, 30, 32, 28, 33, 38, 33, 7, 5, 4, 3, 34, 2, 35]
non-optimized tsp path: [20, 37, 17, 12, 17, 16, 15, 14, 15, 13, 17, 11, 18, 10, 36, 9, 36, 8, 0, 35, 1, 35, 6, 19, 38, 26, 21, 22, 21, 24, 21, 23, 21, 25, 27, 31, 32, 29, 32, 30, 32, 28, 33, 7, 5, 4, 3, 34, 2]
[INFO] [1788163021.431108, 0.000000]: Find modified curr_path and loop index
[INFO] [1788163021.435027, 0.000000]: g2o_save_path: /home/wcqw/ac-slam/catkin_ws/src/cpp_solver/results/graph_Phase4C_preflight_20260831T155610_map8_mode2.g2o
[INFO] [1788163021.461775, 0.000000]: Replanning request. curr_vertex_idx: 0
[INFO] [1788163021.462785, 0.000000]:                     covered_vertices: ()
[INFO] [1788163021.463626, 0.000000]: Handle local replanning...
[INFO] [1788163021.464448, 0.000000]: curr path length: 54, is_loop length: 54
[INFO] [1788163021.464994, 0.000000]: Send new plan: 20  ---> 37 17 12 17 16 15 14 15 13 17 11 18 10 36 9 36 8 0 35 1 35 6 19 38 20(L) 38 26 21 22 21 24 21 23 21 25 27 31 32 29 32 30 32 28 33 38(L) 33 7 5 4 3 34 2 35(L) 
[INFO] [1788163022.252553, 0.400000]: Really visited vertices: 
[INFO] [1788163024.738367, 2.300000]: Pose graph has: 1 vertices, 0 edges.
[31m[RVIZ-16] escalating to SIGTERM[0m
... logging to /home/wcqw/ac-slam/catkin_ws/.ros/log/8af56e08-a511-11f1-921f-c18b8a8af72c/roslaunch-msxg-32230.log
Checking log directory for disk usage. This may take a while.
Press Ctrl-C to interrupt
Done checking log file disk usage. Usage is <1GB.
]2;/home/wcqw/ac-slam/baseline/Graph-Based_SLAM-Aware_Exploration/launch/exploration.launch
[1mstarted roslaunch server http://127.0.0.1:43231/[0m

SUMMARY
========

PARAMETERS
 * /Mapper/LoopMatchMaximumVarianceCoarse: 0.16
 * /Mapper/LoopMatchMinimumChainSize: 4
 * /Mapper/LoopMatchMinimumResponseCoarse: 0.6
 * /Mapper/LoopMatchMinimumResponseFine: 0.7
 * /Mapper/LoopSearchMaximumDistance: 4
 * /Mapper/LoopSearchSpaceDimension: 5.0
 * /Mapper/MinimumTravelDistance: 1.0
 * /Mapper/MinimumTravelHeading: 0.52
 * /Mapper/enable_loop_diagnostics: False
 * /Mapper/grid_resolution: 0.1
 * /Mapper/loop_diagnostics_path: 
 * /Mapper/loop_diagnostics_run_id: 
 * /Mapper/map_frame: map
 * /Mapper/map_update_rate: 5
 * /Mapper/max_covariance: 0.01
 * /Mapper/max_particles: 10000
 * /Mapper/min_map_size: 20
 * /Mapper/min_particles: 2500
 * /Mapper/publish_pose_graph: True
 * /Mapper/range_threshold: 25.0
 * /Mapper/transform_publish_period: 0.1
 * /Navigator/command_target_distance: 1.5
 * /Navigator/exploration_goal_distance: 3.0
 * /Navigator/exploration_strategy: MyPlanner
 * /Navigator/frequency: 1
 * /Navigator/map_inflation_radius: 1.0
 * /Navigator/max_replanning_period: 1.0
 * /Navigator/min_replanning_period: 5.0
 * /Navigator/min_target_area_size: 1.0
 * /Navigator/navigation_goal_angle: 1.0
 * /Navigator/navigation_goal_distance: 2.0
 * /Navigator/navigation_homing_distance: 4.0
 * /Navigator/robot_radius: 0.5
 * /Navigator/save_path_plan_time: /home/wcqw/ac-sla...
 * /Navigator/use_local_planner: True
 * /Navigator/visualize_frontiers: True
 * /Operator/conformance_weight: 1
 * /Operator/continue_weight: 1
 * /Operator/escape_weight: 1
 * /Operator/frequency: 10
 * /Operator/local_map/cost_scaling_factor: 2.0
 * /Operator/local_map/global_frame: odom
 * /Operator/local_map/height: 6.0
 * /Operator/local_map/inflation_radius: 0.75
 * /Operator/local_map/lethal_cost_threshold: 100
 * /Operator/local_map/map_type: costmap
 * /Operator/local_map/max_obstacle_height: 2.0
 * /Operator/local_map/min_obstacle_height: 0.0
 * /Operator/local_map/observation_sources: scan
 * /Operator/local_map/obstacle_range: 4.0
 * /Operator/local_map/publish_frequency: 1.0
 * /Operator/local_map/publish_voxel_map: True
 * /Operator/local_map/raytrace_range: 4.5
 * /Operator/local_map/resolution: 0.05
 * /Operator/local_map/robot_base_frame: base_link
 * /Operator/local_map/robot_radius: 0.4
 * /Operator/local_map/rolling_window: True
 * /Operator/local_map/scan/clearing: True
 * /Operator/local_map/scan/data_type: LaserScan
 * /Operator/local_map/scan/expected_update_rate: 0.4
 * /Operator/local_map/scan/marking: True
 * /Operator/local_map/scan/max_obstacle_height: 0.4
 * /Operator/local_map/scan/min_obstacle_height: 0.08
 * /Operator/local_map/scan/observation_persistence: 0.0
 * /Operator/local_map/static_map: False
 * /Operator/local_map/track_unknown_space: True
 * /Operator/local_map/transform_tolerance: 0.3
 * /Operator/local_map/update_frequency: 5.0
 * /Operator/local_map/width: 6.0
 * /Operator/max_free_space: 3.0
 * /Operator/max_velocity: 1.0
 * /Operator/publish_route: True
 * /Operator/safety_decay: 0.99
 * /Operator/safety_weight: 1
 * /Stage/base_watchdog_timeout: 0
 * /laser_frame: base_laser_link
 * /laser_topic: base_scan
 * /map_frame: map
 * /map_server/frame_id: map
 * /map_service: static_map
 * /map_topic: map
 * /odometry_frame: odom
 * /offset_frame: offset
 * /path_planner/g2o_save_path: /home/wcqw/ac-sla...
 * /path_planner/map_width: 86.8
 * /path_planner/need_noise: False
 * /path_planner/only_use_tsp: False
 * /path_planner/oracle_after: 8
 * /path_planner/oracle_before: 8
 * /path_planner/oracle_densify_m: 0.5
 * /path_planner/oracle_dir_lambda: 1.0
 * /path_planner/oracle_mode: 2
 * /path_planner/oracle_repair_densify: 0.5
 * /path_planner/oracle_repair_max_len: 12.0
 * /path_planner/oracle_repair_max_wp: 24
 * /path_planner/oracle_span_gate: 4.0
 * /path_planner/prior_map_save_path: /home/wcqw/ac-sla...
 * /path_planner/robot_position: 0.0 0.0 0
 * /path_planner/tsp_record_path: /home/wcqw/ac-sla...
 * /path_planner/tsp_seed: 21001
 * /path_planner/tsp_solver: concorde
 * /path_planner/use_drawio: True
 * /path_planner/variance: 0.0
 * /path_planner/xml_path: /home/wcqw/ac-sla...
 * /pubPath/gt_save_path: /home/wcqw/ac-sla...
 * /pubPath/robot_position: 0.0 0.0 0
 * /pubPath/slam_save_path: /home/wcqw/ac-sla...
 * /robot_description: <?xml version="1....
 * /robot_frame: base_link
 * /robot_start_position: 0.0 0.0 0
 * /robot_state_publisher/publish_frequency: 30.0
 * /robot_state_publisher/tf_prefix: 
 * /rosdistro: noetic
 * /rosversion: 1.17.4
 * /use_sim_time: True
 * /use_tf1: True

NODES
  /
    Explore (nav2d_navigator/explore_client)
    GetMap (nav2d_navigator/get_map_client)
    Mapper (nav2d_karto/mapper)
    Navigator (nav2d_navigator/navigator)
    Operator (nav2d_operator/operator)
    RVIZ (rviz/rviz)
    SetGoal (nav2d_navigator/set_goal_client)
    Stage (stage_ros/stageros)
    exploration_button_server (cpp_solver/exploration_button_server.py)
    map_server (map_server/map_server)
    path_planner (cpp_solver/path_planner.py)
    pubPath (cpp_solver/pub_path)
    publisher (p2os_urdf/p2os_publisher_3at)
    robot_state_publisher (robot_state_publisher/robot_state_publisher)
    rqt_robot_steering (rqt_robot_steering/rqt_robot_steering)
    updateDistance (cpp_solver/updateDistance)

[1mROS_MASTER_URI=http://localhost:11311[0m
]2;/home/wcqw/ac-slam/baseline/Graph-Based_SLAM-Aware_Exploration/launch/exploration.launch http://localhost:11311
[1mprocess[Stage-1]: started with pid [32314][0m
[1mprocess[map_server-2]: started with pid [32315][0m
[1mprocess[Operator-3]: started with pid [32316][0m
[1mprocess[Mapper-4]: started with pid [32321][0m
[1mprocess[Navigator-5]: started with pid [32326][0m
[1mprocess[GetMap-6]: started with pid [32332][0m
[1mprocess[Explore-7]: started with pid [32338][0m
[1mprocess[SetGoal-8]: started with pid [32340][0m
[1mprocess[pubPath-9]: started with pid [32353][0m
[1mprocess[updateDistance-10]: started with pid [32358][0m
[1mprocess[exploration_button_server-11]: started with pid [32363][0m
[1mprocess[path_planner-12]: started with pid [32368][0m
[1mprocess[rqt_robot_steering-13]: started with pid [32369][0m
[1mprocess[robot_state_publisher-14]: started with pid [32371][0m
[1mprocess[publisher-15]: started with pid [32372][0m
[1mprocess[RVIZ-16]: started with pid [32375][0m
[RVIZ-16] killing on exit
[publisher-15] killing on exit
[robot_state_publisher-14] killing on exit
[rqt_robot_steering-13] killing on exit
[path_planner-12] killing on exit
[exploration_button_server-11] killing on exit
[updateDistance-10] killing on exit
[pubPath-9] killing on exit
[SetGoal-8] killing on exit
[Explore-7] killing on exit
[GetMap-6] killing on exit
[Navigator-5] killing on exit
[Mapper-4] killing on exit
[Operator-3] killing on exit
[map_server-2] killing on exit
[Stage-1] killing on exit
shutting down processing monitor...
... shutting down processing monitor complete
[1mdone[0m
