... logging to /home/wcqw/.ros/log/27d81170-9c7b-11f1-ae14-238199e1ee64/roslaunch-msxg-21312.log
Checking log directory for disk usage. This may take a while.
Press Ctrl-C to interrupt
Done checking log file disk usage. Usage is <1GB.
]2;/home/wcqw/ac-slam/baseline/Graph-Based_SLAM-Aware_Exploration/launch/exploration.launch
[1mstarted roslaunch server http://msxg:43527/[0m

SUMMARY
========

PARAMETERS
 * /Mapper/LoopMatchMaximumVarianceCoarse: 0.16
 * /Mapper/LoopMatchMinimumChainSize: 4
 * /Mapper/LoopMatchMinimumResponseCoarse: 0.6
 * /Mapper/LoopMatchMinimumResponseFine: 0.7
 * /Mapper/LoopSearchMaximumDistance: 4
 * /Mapper/LoopSearchSpaceDimension: 5.0
 * /Mapper/MinimumTravelDistance: 1.0
 * /Mapper/MinimumTravelHeading: 0.52
 * /Mapper/grid_resolution: 0.1
 * /Mapper/map_frame: map
 * /Mapper/map_update_rate: 5
 * /Mapper/max_covariance: 0.01
 * /Mapper/max_particles: 10000
 * /Mapper/min_map_size: 20
 * /Mapper/min_particles: 2500
 * /Mapper/publish_pose_graph: True
 * /Mapper/range_threshold: 25.0
 * /Mapper/transform_publish_period: 0.1
 * /Navigator/command_target_distance: 1.5
 * /Navigator/exploration_goal_distance: 3.0
 * /Navigator/exploration_strategy: MyPlanner
 * /Navigator/frequency: 1
 * /Navigator/map_inflation_radius: 1.0
 * /Navigator/max_replanning_period: 1.0
 * /Navigator/min_replanning_period: 5.0
 * /Navigator/min_target_area_size: 1.0
 * /Navigator/navigation_goal_angle: 1.0
 * /Navigator/navigation_goal_distance: 2.0
 * /Navigator/navigation_homing_distance: 4.0
 * /Navigator/robot_radius: 0.5
 * /Navigator/save_path_plan_time: /home/wcqw/ac-sla...
 * /Navigator/use_local_planner: True
 * /Navigator/visualize_frontiers: True
 * /Operator/conformance_weight: 1
 * /Operator/continue_weight: 1
 * /Operator/escape_weight: 1
 * /Operator/frequency: 10
 * /Operator/local_map/cost_scaling_factor: 2.0
 * /Operator/local_map/global_frame: odom
 * /Operator/local_map/height: 6.0
 * /Operator/local_map/inflation_radius: 0.75
 * /Operator/local_map/lethal_cost_threshold: 100
 * /Operator/local_map/map_type: costmap
 * /Operator/local_map/max_obstacle_height: 2.0
 * /Operator/local_map/min_obstacle_height: 0.0
 * /Operator/local_map/observation_sources: scan
 * /Operator/local_map/obstacle_range: 4.0
 * /Operator/local_map/publish_frequency: 1.0
 * /Operator/local_map/publish_voxel_map: True
 * /Operator/local_map/raytrace_range: 4.5
 * /Operator/local_map/resolution: 0.05
 * /Operator/local_map/robot_base_frame: base_link
 * /Operator/local_map/robot_radius: 0.4
 * /Operator/local_map/rolling_window: True
 * /Operator/local_map/scan/clearing: True
 * /Operator/local_map/scan/data_type: LaserScan
 * /Operator/local_map/scan/expected_update_rate: 0.4
 * /Operator/local_map/scan/marking: True
 * /Operator/local_map/scan/max_obstacle_height: 0.4
 * /Operator/local_map/scan/min_obstacle_height: 0.08
 * /Operator/local_map/scan/observation_persistence: 0.0
 * /Operator/local_map/static_map: False
 * /Operator/local_map/track_unknown_space: True
 * /Operator/local_map/transform_tolerance: 0.3
 * /Operator/local_map/update_frequency: 5.0
 * /Operator/local_map/width: 6.0
 * /Operator/max_free_space: 3.0
 * /Operator/max_velocity: 1.0
 * /Operator/publish_route: True
 * /Operator/safety_decay: 0.99
 * /Operator/safety_weight: 1
 * /Stage/base_watchdog_timeout: 0
 * /laser_frame: base_laser_link
 * /laser_topic: base_scan
 * /map_frame: map
 * /map_server/frame_id: map
 * /map_service: static_map
 * /map_topic: map
 * /odometry_frame: odom
 * /offset_frame: offset
 * /path_planner/g2o_save_path: /home/wcqw/ac-sla...
 * /path_planner/map_width: 74.0
 * /path_planner/need_noise: False
 * /path_planner/only_use_tsp: False
 * /path_planner/prior_map_save_path: /home/wcqw/ac-sla...
 * /path_planner/robot_position: -28.0 -28.0 0
 * /path_planner/tsp_solver: concorde
 * /path_planner/use_drawio: True
 * /path_planner/variance: 0.0
 * /path_planner/xml_path: /home/wcqw/ac-sla...
 * /pubPath/gt_save_path: /home/wcqw/ac-sla...
 * /pubPath/robot_position: -28.0 -28.0 0
 * /pubPath/slam_save_path: /home/wcqw/ac-sla...
 * /robot_description: <?xml version="1....
 * /robot_frame: base_link
 * /robot_start_position: -28.0 -28.0 0
 * /robot_state_publisher/publish_frequency: 30.0
 * /robot_state_publisher/tf_prefix: 
 * /rosdistro: noetic
 * /rosversion: 1.17.4
 * /use_sim_time: True
 * /use_tf1: True

NODES
  /
    Explore (nav2d_navigator/explore_client)
    GetMap (nav2d_navigator/get_map_client)
    Mapper (nav2d_karto/mapper)
    Navigator (nav2d_navigator/navigator)
    Operator (nav2d_operator/operator)
    RVIZ (rviz/rviz)
    SetGoal (nav2d_navigator/set_goal_client)
    Stage (stage_ros/stageros)
    exploration_button_server (cpp_solver/exploration_button_server.py)
    map_server (map_server/map_server)
    path_planner (cpp_solver/path_planner.py)
    pubPath (cpp_solver/pub_path)
    publisher (p2os_urdf/p2os_publisher_3at)
    robot_state_publisher (robot_state_publisher/robot_state_publisher)
    rqt_robot_steering (rqt_robot_steering/rqt_robot_steering)
    updateDistance (cpp_solver/updateDistance)

auto-starting new master
[1mprocess[master]: started with pid [21386][0m
[1mROS_MASTER_URI=http://localhost:11311[0m
]2;/home/wcqw/ac-slam/baseline/Graph-Based_SLAM-Aware_Exploration/launch/exploration.launch http://localhost:11311
[1msetting /run_id to 27d81170-9c7b-11f1-ae14-238199e1ee64[0m
[1mprocess[rosout-1]: started with pid [21419][0m
started core service [/rosout]
[1mprocess[Stage-2]: started with pid [21426][0m
[1mprocess[map_server-3]: started with pid [21432][0m
[1mprocess[Operator-4]: started with pid [21433][0m
[1mprocess[Mapper-5]: started with pid [21434][0m
[1mprocess[Navigator-6]: started with pid [21435][0m
[1mprocess[GetMap-7]: started with pid [21436][0m
[1mprocess[Explore-8]: started with pid [21437][0m
[1mprocess[SetGoal-9]: started with pid [21442][0m
[1mprocess[pubPath-10]: started with pid [21447][0m
[1mprocess[updateDistance-11]: started with pid [21455][0m
[1mprocess[exploration_button_server-12]: started with pid [21462][0m
[1mprocess[path_planner-13]: started with pid [21469][0m
0x5608c73e3410
[INFO] [1787218820.158895303]: Inititialized robot 1, starting to map now.
Create multimapper!!
[1mprocess[rqt_robot_steering-14]: started with pid [21535][0m
[1mprocess[robot_state_publisher-15]: started with pid [21541][0m
[1mprocess[publisher-16]: started with pid [21544][0m
[1mprocess[RVIZ-17]: started with pid [21576][0m
[WARN] [1787218820.684694367]: The root link base_link has an inertia specified in the URDF, but KDL does not support a root link with an inertia.  As a workaround, you can add an extra dummy link to your URDF.
[WARN] [1787218822.321487642, 0.200000000]: local_map: Parameter "plugins" not provided, loading pre-Hydro parameters
Warning: TF_REPEATED_DATA ignoring data with redundant timestamp for frame odom (parent offset) at time 0.300000 according to authority unknown_publisher
         at line 277 in /tmp/binarydeb/ros-noetic-tf2-0.7.10/src/buffer_core.cpp
Warning: TF_REPEATED_DATA ignoring data with redundant timestamp for frame offset (parent map) at time 0.300000 according to authority unknown_publisher
         at line 277 in /tmp/binarydeb/ros-noetic-tf2-0.7.10/src/buffer_core.cpp
Warning: TF_REPEATED_DATA ignoring data with redundant timestamp for frame odom (parent offset) at time 0.300000 according to authority unknown_publisher
         at line 277 in /tmp/binarydeb/ros-noetic-tf2-0.7.10/src/buffer_core.cpp
Warning: TF_REPEATED_DATA ignoring data with redundant timestamp for frame offset (parent map) at time 0.300000 according to authority unknown_publisher
         at line 277 in /tmp/binarydeb/ros-noetic-tf2-0.7.10/src/buffer_core.cpp
Warning: TF_REPEATED_DATA ignoring data with redundant timestamp for frame odom (parent offset) at time 0.300000 according to authority unknown_publisher
         at line 277 in /tmp/binarydeb/ros-noetic-tf2-0.7.10/src/buffer_core.cpp
Warning: TF_REPEATED_DATA ignoring data with redundant timestamp for frame offset (parent map) at time 0.300000 according to authority unknown_publisher
         at line 277 in /tmp/binarydeb/ros-noetic-tf2-0.7.10/src/buffer_core.cpp
[INFO] [1787218820.275318050]: Waiting for prior_graph_service ...
[INFO] [1787218820.276169580]: waitForService: Service [/prior_graph_service] has not been advertised, waiting...
Warning: TF_REPEATED_DATA ignoring data with redundant timestamp for frame odom (parent offset) at time 0.300000 according to authority unknown_publisher
         at line 277 in /tmp/binarydeb/ros-noetic-tf2-0.7.10/src/buffer_core.cpp
Warning: TF_REPEATED_DATA ignoring data with redundant timestamp for frame offset (parent map) at time 0.300000 according to authority unknown_publisher
         at line 277 in /tmp/binarydeb/ros-noetic-tf2-0.7.10/src/buffer_core.cpp
/home/wcqw/ac-slam/catkin_ws/src/cpp_solver/world/map3/map3.xml
74.0
True
Drawio scale: 0.10277777777777777
[INFO] [1787218830.018931, 0.000000]: Build prior map with 36 vertices.
[INFO] [1787218830.019479, 0.000000]: Build prior map.
[INFO] [1787218830.024582, 0.000000]: prior_map_save_path: /home/wcqw/ac-slam/catkin_ws/src/cpp_solver/results/prior_map_SLAM_Aware_Planner_map3.pickle
Robot position: (-28.0, -28.0)
10: 2225.556520061729,(x, y) = (10.527777777777779, 45.986111111111114)
11: 1243.3435570987656,(x, y) = (10.527777777777779, 33.65277777777778)
[WARN] [1787218830.028602, 0.000000]: Robot Start At 8
concorde /tmp/tmpw0bz3fmq/problem.tsp
Host: msxg  Current process id: 21712
Using random seed 1787218830
Number of Nodes: 72
Explicit Lengths (CC_MATRIXNORM)
Set initial upperbound to 8137 (from tour)
ERROR: No dual change in basis finding code
Did not find a basic optimal solution
Fractional matching routine failed
Warning: restarting running timer Miscellaneous
No warmstart, stumbling on anyway
Basic dual change required, but no candidate edges
  LP Value  1: 8115.000000  (0.00 seconds)
  LP Value  2: 8137.000000  (0.01 seconds)
New lower bound: 8137.000000
Final lower bound 8137.000000, upper bound 8137.000000
Exact lower bound: 8137.000000
DIFF: 0.000000
Final LP has 96 rows, 181 columns, 782 nonzeros
Optimal Solution: 8137.00
Number of bbnodes: 1
Total Running Time: 0.03 (seconds)
Original tsp path is better!
[WARN] [1787218830.089142, 8.000000]: Tsp problem solved by Concorde. 0.05655050277709961
tsp_path VS full_tsp_path:
[8, 7, 6, 5, 4, 3, 9, 15, 16, 10, 11, 35, 37, 20, 19, 23, 29, 30, 24, 25, 31, 32, 26, 27, 33, 34, 28, 22, 21, 17, 18, 14, 13, 12, 36, 38]
[8, 7, 6, 5, 4, 3, 9, 15, 16, 10, 11, 35, 37, 20, 19, 23, 29, 30, 24, 25, 31, 32, 26, 27, 33, 34, 28, 22, 21, 17, 18, 14, 13, 12, 36, 38]
[INFO] [1787218830.090356, 8.000000]: Find initial tsp path.
<class 'networkx.utils.decorators.argmap'> compilation 4:4: FutureWarning: laplacian_matrix will return a scipy.sparse array instead of a matrix in Networkx 3.0.
tsp_d_opt: 46.41588833612793, tsp_dist: 415.222222222222
current idx: 0 / 35
max_candidate_dist: 44.76564224112665
Iter <built-in function iter>: 0 / 36
Iter <built-in function iter>: 20 / 36
#candidates: 82
current obj: 0.11595868264436489, resistance: 1.1040895136738123, dis_incre: 1.0643564356435644 tsp_obj: 0.11178565561283157
Optimization ratio: 1.0
No candidate is better than current_d_opt. Iteration stops.
#Add edges: 2, [(6, 12), (37, 38)]
Time cost: 0.08s for best one; 0.06s for all.
  
optimized tsp path: [8, 7, 6, 5, 4, 3, 9, 15, 16, 10, 11, 35, 37, 20, 19, 23, 29, 30, 24, 25, 31, 32, 26, 27, 33, 34, 28, 22, 21, 17, 18, 14, 13, 12, 6, 12, 36, 38, 37]
non-optimized tsp path: [8, 7, 6, 5, 4, 3, 9, 15, 16, 10, 11, 35, 37, 20, 19, 23, 29, 30, 24, 25, 31, 32, 26, 27, 33, 34, 28, 22, 21, 17, 18, 14, 13, 12, 36, 38]
[INFO] [1787218830.226708, 8.100000]: Find modified curr_path and loop index
[INFO] [1787218830.230445, 8.100000]: g2o_save_path: /home/wcqw/ac-slam/catkin_ws/src/cpp_solver/results/graph_SLAM_Aware_Planner_map3.g2o
[INFO] [1787218830.250150, 8.100000]: Replanning request. curr_vertex_idx: 0
[INFO] [1787218830.250902, 8.100000]:                     covered_vertices: ()
[INFO] [1787218830.251638, 8.100000]: Handle local replanning...
[INFO] [1787218830.252574, 8.100000]: curr path length: 39, is_loop length: 39
[INFO] [1787218830.253345, 8.100000]: Send new plan: 8  ---> 7 6 5 4 3 9 15 16 10 11 35 37 20 19 23 29 30 24 25 31 32 26 27 33 34 28 22 21 17 18 14 13 12 6(L) 12 36 38 37(L) 
[1m[RVIZ-17] process has finished cleanly
log file: /home/wcqw/.ros/log/27d81170-9c7b-11f1-ae14-238199e1ee64/RVIZ-17*.log[0m
[1m[rqt_robot_steering-14] process has finished cleanly
log file: /home/wcqw/.ros/log/27d81170-9c7b-11f1-ae14-238199e1ee64/rqt_robot_steering-14*.log[0m
X I/O error
