0x564d9633ed20
[INFO] [1788141877.088101764]: Inititialized robot 1, starting to map now.
Create multimapper!!
[WARN] [1788141877.815575839]: The root link base_link has an inertia specified in the URDF, but KDL does not support a root link with an inertia.  As a workaround, you can add an extra dummy link to your URDF.
[WARN] [1788141878.519034710, 0.400000000]: local_map: Parameter "plugins" not provided, loading pre-Hydro parameters
concorde -s 21001 /tmp/tmpypwhzuf2/problem.tsp
Host: msxg  Current process id: 11057
Using random seed 21001
Number of Nodes: 32
Explicit Lengths (CC_MATRIXNORM)
Set initial upperbound to 5020 (from tour)
ERROR: No dual change in basis finding code
Did not find a basic optimal solution
Fractional matching routine failed
Warning: restarting running timer Miscellaneous
No warmstart, stumbling on anyway
Basic dual change required, but no candidate edges
  LP Value  1: 4974.000000  (-0.00 seconds)
  LP Value  2: 5020.000000  (-0.00 seconds)
New lower bound: 5020.000000
Final lower bound 5020.000000, upper bound 5020.000000
Exact lower bound: 5020.000000
DIFF: 0.000000
Final LP has 37 rows, 80 columns, 206 nonzeros
Optimal Solution: 5020.00
Number of bbnodes: 1
Total Running Time: 0.01 (seconds)
[INFO] [1788141876.047660927]: Waiting for prior_graph_service ...
[INFO] [1788141876.048332393]: waitForService: Service [/prior_graph_service] has not been advertised, waiting...
[INFO] [1788141890.185186280, 12.000000000]: waitForService: Service [/prior_graph_service] is now available.
[INFO] [1788141890.194038842, 12.000000000]: Receive response of service prior_graph_service.
[INFO] [1788141890.194707203, 12.000000000]: Load prior_map.
[INFO] [1788141890.194785901, 12.000000000]: Publishing prior graph......
[INFO] [1788141890.195269280, 12.000000000]: Draw prior_map in RVIZ.
[INFO] [1788141890.195336871, 12.000000000]: Waiting for path_plan_service ...
[INFO] [1788141890.209829044, 12.000000000]: Receive tsp path: 14 13 12 11 4 5 4 3 6 7 8 7 6 9 10 17 18 15 14 15 16
[INFO] [1788141890.209909671, 12.000000000]: Receive loop index: 0 0 0 0 0 0 0 0 0 0 0 0 0 0 0 0 0 0 1 0 0
[INFO] [1788141890.209943020, 12.000000000]: Waiting for reliable_loop_service ...
[INFO] [1788141890.210322166, 12.000000000]: reliable_loop_service is available.
[INFO] [1788141890.210519411, 12.000000000]: MyPlanner is initialized and running!!
[INFO] [1788141890.210593275, 12.000000000]: Successfully loaded exploration strategy [MyPlanner].
double free or corruption (fasttop)
[WARN] [1788141889.976347, 11.800000]: Robot Start At 14
[WARN] [1788141890.039295, 11.900000]: Tsp problem solved by Concorde. 0.05837702751159668
<class 'networkx.utils.decorators.argmap'> compilation 4:4: FutureWarning: laplacian_matrix will return a scipy.sparse array instead of a matrix in Networkx 3.0.
/home/wcqw/ac-slam/catkin_ws/src/cpp_solver/world/map4/map4.xml
39.8
True
Drawio scale: 0.10205128205128204
[INFO] [1788141889.872972, 0.000000]: Build prior map with 16 vertices.
[INFO] [1788141889.874429, 0.000000]: Build prior map.
[INFO] [1788141889.975079, 11.800000]: prior_map_save_path: /home/wcqw/ac-slam/catkin_ws/src/cpp_solver/results/prior_map_Phase4C0_smoke_map4_20260831T100425.pickle
Robot position: (-17.9, -26.35)
10: 2131.924636160421,(x, y) = (30.146153846153844, 34.973333333333336)
11: 976.5531397764628,(x, y) = (16.879487179487178, 26.29897435897436)
Reverse tsp path is better!
tsp_path VS full_tsp_path:
[14, 13, 12, 11, 4, 5, 3, 6, 7, 8, 9, 10, 17, 18, 15, 16]
[14, 13, 12, 11, 4, 5, 4, 3, 6, 7, 8, 7, 6, 9, 10, 17, 18, 15, 16]
[INFO] [1788141890.041349, 11.900000]: TSP_RECORD {"full_tsp_path": [14, 13, 12, 11, 4, 5, 4, 3, 6, 7, 8, 7, 6, 9, 10, 17, 18, 15, 16], "initial_tsp_path": [14, 13, 12, 11, 4, 5, 3, 6, 7, 8, 9, 10, 17, 18, 15, 16], "predicted_full_tsp_length": 199.9383976104085, "predicted_tsp_length": 199.9383976104085, "seed": 21001, "solver": "concorde"}
[INFO] [1788141890.042392, 11.900000]: tsp_record_path: /home/wcqw/ac-slam/catkin_ws/src/cpp_solver/results/tsp_record_Phase4C0_smoke_map4_20260831T100425.json
[INFO] [1788141890.043579, 11.900000]: Find initial tsp path.
tsp_d_opt: 46.41588833612772, tsp_dist: 199.9383976104085
current idx: 0 / 18
max_candidate_dist: 37.28586061797243
Iter <built-in function iter>: 0 / 19
#candidates: 10
current obj: 0.23759638677807035, resistance: 1.1801722982910057, dis_incre: 1.1531240871252777 tsp_obj: 0.23215094694602764
Optimization ratio: 1.0
No candidate is better than current_d_opt. Iteration stops.
#Add edges: 1, [(14, 15)]
Time cost: 0.01s for best one; 0.02s for all.
  
optimized tsp path: [14, 13, 12, 11, 4, 5, 4, 3, 6, 7, 8, 7, 6, 9, 10, 17, 18, 15, 14, 15, 16]
non-optimized tsp path: [14, 13, 12, 11, 4, 5, 4, 3, 6, 7, 8, 7, 6, 9, 10, 17, 18, 15, 16]
[INFO] [1788141890.166245, 12.000000]: Find modified curr_path and loop index
[INFO] [1788141890.169611, 12.000000]: g2o_save_path: /home/wcqw/ac-slam/catkin_ws/src/cpp_solver/results/graph_Phase4C0_smoke_map4_20260831T100425.g2o
[INFO] [1788141890.204309, 12.000000]: Replanning request. curr_vertex_idx: 0
[INFO] [1788141890.205785, 12.000000]:                     covered_vertices: ()
[INFO] [1788141890.206866, 12.000000]: Handle local replanning...
[INFO] [1788141890.207837, 12.000000]: curr path length: 21, is_loop length: 21
[INFO] [1788141890.208779, 12.000000]: Send new plan: 14  ---> 13 12 11 4 5 4 3 6 7 8 7 6 9 10 17 18 15 14(L) 15 16 
[INFO] [1788141895.739929, 17.600000]: Really visited vertices: 
[INFO] [1788141896.342989, 17.600000]: Pose graph has: 2 vertices, 1 edges.
[31m[RVIZ-16] escalating to SIGTERM[0m
... logging to /home/wcqw/ac-slam/catkin_ws/.ros/log/4b92e41a-a4e0-11f1-921f-c18b8a8af72c/roslaunch-msxg-10516.log
Checking log directory for disk usage. This may take a while.
Press Ctrl-C to interrupt
Done checking log file disk usage. Usage is <1GB.
]2;/home/wcqw/ac-slam/baseline/Graph-Based_SLAM-Aware_Exploration/launch/exploration.launch
[1mstarted roslaunch server http://127.0.0.1:46801/[0m

SUMMARY
========

PARAMETERS
 * /Mapper/LoopMatchMaximumVarianceCoarse: 0.16
 * /Mapper/LoopMatchMinimumChainSize: 4
 * /Mapper/LoopMatchMinimumResponseCoarse: 0.6
 * /Mapper/LoopMatchMinimumResponseFine: 0.7
 * /Mapper/LoopSearchMaximumDistance: 4
 * /Mapper/LoopSearchSpaceDimension: 5.0
 * /Mapper/MinimumTravelDistance: 1.0
 * /Mapper/MinimumTravelHeading: 0.52
 * /Mapper/enable_loop_diagnostics: False
 * /Mapper/grid_resolution: 0.1
 * /Mapper/loop_diagnostics_path: 
 * /Mapper/loop_diagnostics_run_id: 
 * /Mapper/map_frame: map
 * /Mapper/map_update_rate: 5
 * /Mapper/max_covariance: 0.01
 * /Mapper/max_particles: 10000
 * /Mapper/min_map_size: 20
 * /Mapper/min_particles: 2500
 * /Mapper/publish_pose_graph: True
 * /Mapper/range_threshold: 25.0
 * /Mapper/transform_publish_period: 0.1
 * /Navigator/command_target_distance: 1.5
 * /Navigator/exploration_goal_distance: 3.0
 * /Navigator/exploration_strategy: MyPlanner
 * /Navigator/frequency: 1
 * /Navigator/map_inflation_radius: 1.0
 * /Navigator/max_replanning_period: 1.0
 * /Navigator/min_replanning_period: 5.0
 * /Navigator/min_target_area_size: 1.0
 * /Navigator/navigation_goal_angle: 1.0
 * /Navigator/navigation_goal_distance: 2.0
 * /Navigator/navigation_homing_distance: 4.0
 * /Navigator/robot_radius: 0.5
 * /Navigator/save_path_plan_time: /home/wcqw/ac-sla...
 * /Navigator/use_local_planner: True
 * /Navigator/visualize_frontiers: True
 * /Operator/conformance_weight: 1
 * /Operator/continue_weight: 1
 * /Operator/escape_weight: 1
 * /Operator/frequency: 10
 * /Operator/local_map/cost_scaling_factor: 2.0
 * /Operator/local_map/global_frame: odom
 * /Operator/local_map/height: 6.0
 * /Operator/local_map/inflation_radius: 0.75
 * /Operator/local_map/lethal_cost_threshold: 100
 * /Operator/local_map/map_type: costmap
 * /Operator/local_map/max_obstacle_height: 2.0
 * /Operator/local_map/min_obstacle_height: 0.0
 * /Operator/local_map/observation_sources: scan
 * /Operator/local_map/obstacle_range: 4.0
 * /Operator/local_map/publish_frequency: 1.0
 * /Operator/local_map/publish_voxel_map: True
 * /Operator/local_map/raytrace_range: 4.5
 * /Operator/local_map/resolution: 0.05
 * /Operator/local_map/robot_base_frame: base_link
 * /Operator/local_map/robot_radius: 0.4
 * /Operator/local_map/rolling_window: True
 * /Operator/local_map/scan/clearing: True
 * /Operator/local_map/scan/data_type: LaserScan
 * /Operator/local_map/scan/expected_update_rate: 0.4
 * /Operator/local_map/scan/marking: True
 * /Operator/local_map/scan/max_obstacle_height: 0.4
 * /Operator/local_map/scan/min_obstacle_height: 0.08
 * /Operator/local_map/scan/observation_persistence: 0.0
 * /Operator/local_map/static_map: False
 * /Operator/local_map/track_unknown_space: True
 * /Operator/local_map/transform_tolerance: 0.3
 * /Operator/local_map/update_frequency: 5.0
 * /Operator/local_map/width: 6.0
 * /Operator/max_free_space: 3.0
 * /Operator/max_velocity: 1.0
 * /Operator/publish_route: True
 * /Operator/safety_decay: 0.99
 * /Operator/safety_weight: 1
 * /Stage/base_watchdog_timeout: 0
 * /laser_frame: base_laser_link
 * /laser_topic: base_scan
 * /map_frame: map
 * /map_server/frame_id: map
 * /map_service: static_map
 * /map_topic: map
 * /odometry_frame: odom
 * /offset_frame: offset
 * /path_planner/g2o_save_path: /home/wcqw/ac-sla...
 * /path_planner/map_width: 39.8
 * /path_planner/need_noise: False
 * /path_planner/only_use_tsp: False
 * /path_planner/oracle_after: 8
 * /path_planner/oracle_before: 8
 * /path_planner/oracle_densify_m: 0.5
 * /path_planner/oracle_dir_lambda: 1.0
 * /path_planner/oracle_mode: 0
 * /path_planner/oracle_repair_densify: 0.5
 * /path_planner/oracle_repair_max_len: 12.0
 * /path_planner/oracle_repair_max_wp: 24
 * /path_planner/oracle_span_gate: 4.0
 * /path_planner/prior_map_save_path: /home/wcqw/ac-sla...
 * /path_planner/robot_position: -17.9 -26.35 0
 * /path_planner/tsp_record_path: /home/wcqw/ac-sla...
 * /path_planner/tsp_seed: 21001
 * /path_planner/tsp_solver: concorde
 * /path_planner/use_drawio: True
 * /path_planner/variance: 0.0
 * /path_planner/xml_path: /home/wcqw/ac-sla...
 * /pubPath/gt_save_path: /home/wcqw/ac-sla...
 * /pubPath/robot_position: -17.9 -26.35 0
 * /pubPath/slam_save_path: /home/wcqw/ac-sla...
 * /robot_description: <?xml version="1....
 * /robot_frame: base_link
 * /robot_start_position: -17.9 -26.35 0
 * /robot_state_publisher/publish_frequency: 30.0
 * /robot_state_publisher/tf_prefix: 
 * /rosdistro: noetic
 * /rosversion: 1.17.4
 * /use_sim_time: True
 * /use_tf1: True

NODES
  /
    Explore (nav2d_navigator/explore_client)
    GetMap (nav2d_navigator/get_map_client)
    Mapper (nav2d_karto/mapper)
    Navigator (nav2d_navigator/navigator)
    Operator (nav2d_operator/operator)
    RVIZ (rviz/rviz)
    SetGoal (nav2d_navigator/set_goal_client)
    Stage (stage_ros/stageros)
    exploration_button_server (cpp_solver/exploration_button_server.py)
    map_server (map_server/map_server)
    path_planner (cpp_solver/path_planner.py)
    pubPath (cpp_solver/pub_path)
    publisher (p2os_urdf/p2os_publisher_3at)
    robot_state_publisher (robot_state_publisher/robot_state_publisher)
    rqt_robot_steering (rqt_robot_steering/rqt_robot_steering)
    updateDistance (cpp_solver/updateDistance)

[1mROS_MASTER_URI=http://localhost:11311[0m
]2;/home/wcqw/ac-slam/baseline/Graph-Based_SLAM-Aware_Exploration/launch/exploration.launch http://localhost:11311
[1mprocess[Stage-1]: started with pid [10615][0m
[1mprocess[map_server-2]: started with pid [10616][0m
[1mprocess[Operator-3]: started with pid [10617][0m
[1mprocess[Mapper-4]: started with pid [10618][0m
[1mprocess[Navigator-5]: started with pid [10619][0m
[1mprocess[GetMap-6]: started with pid [10620][0m
[1mprocess[Explore-7]: started with pid [10632][0m
[1mprocess[SetGoal-8]: started with pid [10657][0m
[1mprocess[pubPath-9]: started with pid [10664][0m
[1mprocess[updateDistance-10]: started with pid [10676][0m
[1mprocess[exploration_button_server-11]: started with pid [10682][0m
[1mprocess[path_planner-12]: started with pid [10683][0m
[1mprocess[rqt_robot_steering-13]: started with pid [10735][0m
[1mprocess[robot_state_publisher-14]: started with pid [10737][0m
[1mprocess[publisher-15]: started with pid [10748][0m
[1mprocess[RVIZ-16]: started with pid [10779][0m
[RVIZ-16] killing on exit
[publisher-15] killing on exit
[robot_state_publisher-14] killing on exit
[path_planner-12] killing on exit
[rqt_robot_steering-13] killing on exit
[exploration_button_server-11] killing on exit
[updateDistance-10] killing on exit
[pubPath-9] killing on exit
[SetGoal-8] killing on exit
[Explore-7] killing on exit
[GetMap-6] killing on exit
[Navigator-5] killing on exit
[Mapper-4] killing on exit
[Operator-3] killing on exit
[map_server-2] killing on exit
[Stage-1] killing on exit
shutting down processing monitor...
... shutting down processing monitor complete
[1mdone[0m
