{
  "evo": {
    "ape_se2_translation_m": {
      "command": "env PYTHONPATH=/home/wcqw/ac-slam/evaluation/evo-1.31.1-target/site-packages /usr/bin/python3 -m evo.main_ape tum /home/wcqw/ac-slam/results/phase4b/map3/seed_21002/A_original/trajectory_gt.txt /home/wcqw/ac-slam/results/phase4b/map3/seed_21002/A_original/trajectory_slam.txt -r trans_part --project_to_plane xy --t_max_diff 0.05 --t_offset 0 --no_warnings --save_results /home/wcqw/ac-slam/results/phase4b/map3/seed_21002/A_original/evo/ape_se2_translation.zip",
      "result_archive": "ape_se2_translation.zip",
      "rmse": 0.2401,
      "stdout_stderr": "ape_se2_translation.txt"
    },
    "rpe_rotation_1m_deg": {
      "command": "env PYTHONPATH=/home/wcqw/ac-slam/evaluation/evo-1.31.1-target/site-packages /usr/bin/python3 -m evo.main_rpe tum /home/wcqw/ac-slam/results/phase4b/map3/seed_21002/A_original/trajectory_gt.txt /home/wcqw/ac-slam/results/phase4b/map3/seed_21002/A_original/trajectory_slam.txt -r angle_deg --project_to_plane xy --t_max_diff 0.05 --t_offset 0 --no_warnings -d 1 -u m --all_pairs --pairs_from_reference --save_results /home/wcqw/ac-slam/results/phase4b/map3/seed_21002/A_original/evo/rpe_rotation_1m.zip",
      "result_archive": "rpe_rotation_1m.zip",
      "rmse": 0.209592,
      "stdout_stderr": "rpe_rotation_1m.txt"
    },
    "rpe_translation_1m_m": {
      "command": "env PYTHONPATH=/home/wcqw/ac-slam/evaluation/evo-1.31.1-target/site-packages /usr/bin/python3 -m evo.main_rpe tum /home/wcqw/ac-slam/results/phase4b/map3/seed_21002/A_original/trajectory_gt.txt /home/wcqw/ac-slam/results/phase4b/map3/seed_21002/A_original/trajectory_slam.txt -r trans_part --project_to_plane xy --t_max_diff 0.05 --t_offset 0 --no_warnings -d 1 -u m --all_pairs --pairs_from_reference --save_results /home/wcqw/ac-slam/results/phase4b/map3/seed_21002/A_original/evo/rpe_translation_1m.zip",
      "result_archive": "rpe_translation_1m.zip",
      "rmse": 0.034865,
      "stdout_stderr": "rpe_translation_1m.txt"
    }
  },
  "executed_loops": 3,
  "full_tsp_path": [
    8,
    7,
    6,
    5,
    4,
    3,
    9,
    15,
    16,
    10,
    11,
    35,
    37,
    38,
    36,
    12,
    13,
    14,
    18,
    17,
    21,
    22,
    28,
    34,
    33,
    27,
    26,
    32,
    31,
    25,
    24,
    30,
    29,
    23,
    19,
    20
  ],
  "initial_tsp_path": [
    8,
    7,
    6,
    5,
    4,
    3,
    9,
    15,
    16,
    10,
    11,
    35,
    37,
    38,
    36,
    12,
    13,
    14,
    18,
    17,
    21,
    22,
    28,
    34,
    33,
    27,
    26,
    32,
    31,
    25,
    24,
    30,
    29,
    23,
    19,
    20
  ],
  "planned_loops": 3,
  "planned_vs_actual": {
    "actual_path_length": 462.9419953372351,
    "actual_sequence_precision_lcs": 0.9743589743589743,
    "actual_vertex_count": 39,
    "actually_visited_high_level_vertices": [
      8,
      7,
      6,
      5,
      4,
      3,
      9,
      15,
      16,
      35,
      37,
      38,
      36,
      17,
      13,
      14,
      8,
      14,
      18,
      17,
      21,
      22,
      28,
      34,
      33,
      27,
      26,
      38,
      26,
      32,
      31,
      25,
      24,
      30,
      29,
      23,
      19,
      20,
      16
    ],
    "counts": {
      "goal_failures": 0,
      "goal_skip_seen_no_frontier": 7,
      "local_replanning_calls": 166,
      "no_frontier_at_vertex": 25,
      "no_frontier_reachable": 0,
      "repeated_visit_skip": 6,
      "replan_requests": 170
    },
    "executed_loop_vertices": [
      8,
      38,
      16
    ],
    "initial_tsp_predicted_path_length": 415.22222222222206,
    "interpretation": "Order-sensitive exact vertex-sequence comparison. Normalized edit distance is Levenshtein distance divided by the longer sequence; 0 means identical. LCS recall/precision show how much order is retained without treating skipped vertices as substitutions.",
    "lcs_length": 38,
    "levenshtein_edit_distance": 3,
    "normalized_edit_distance": 0.07317073170731707,
    "planned_high_level_vertices": [
      8,
      7,
      6,
      5,
      4,
      3,
      9,
      15,
      16,
      10,
      11,
      35,
      37,
      38,
      36,
      12,
      13,
      14,
      8,
      14,
      18,
      17,
      21,
      22,
      28,
      34,
      33,
      27,
      26,
      38,
      26,
      32,
      31,
      25,
      24,
      30,
      29,
      23,
      19,
      20,
      16
    ],
    "planned_loop_vertices": [
      8,
      38,
      16
    ],
    "planned_path_length": 478.94444444444423,
    "planned_sequence_recall_lcs": 0.926829268292683,
    "planned_vertex_count": 41,
    "successful_slam_loop_vertices": [
      8
    ]
  },
  "predicted_full_tsp_length": 415.22222222222206,
  "predicted_tsp_length": 415.22222222222206,
  "seed": 21002,
  "solver": "concorde",
  "successful_slam_loops": 1,
  "total_exploration_time": 1140.7,
  "total_path_length_gt": 462.9419953372351
}
