{
  "condition": "A",
  "execution_cost": {
    "active_loop_distance_m": 57.999168481480226,
    "active_loop_time_s": 167.0,
    "early_stop_count": 0,
    "early_stop_saved_remaining_polyline_m_lower_bound": 0.0,
    "no_repair_count": 3,
    "repair_distance_m": 0,
    "repair_time_s": 0,
    "repair_trigger_count": 0
  },
  "exploration": {
    "action_status": 3,
    "sim_time_s": 1140.7,
    "total_distance_m": 462.9419953372351,
    "wall_sim_ratio": 1.0006603112720254,
    "wall_time_s": 1141.4532170679995
  },
  "loop_realization": {
    "acceptance_rate": 0.3333333333333333,
    "accepted_active_loops": 1,
    "accepted_passive_or_unattributed_events": 0,
    "executed_active_loops": 3,
    "planned_active_loops": 3
  },
  "mapping": {
    "estimated_unknown_ratio": 0.1247748801526916,
    "occupied_boundary_f1": 0.5585871364291201,
    "occupied_iou": 0.07782874426627004
  },
  "method": "Original",
  "oracle_mode": 0,
  "phase": "4B",
  "pose_graph": {
    "edge_count": 911,
    "node_count": 616
  },
  "seed": 21002,
  "trajectory": {
    "ape_se2_translation_rmse_m": 0.2401,
    "rpe_rotation_1m_rmse_deg": 0.209592,
    "rpe_translation_1m_rmse_m": 0.034865
  },
  "tsp": {
    "full_tsp_path": [
      8,
      7,
      6,
      5,
      4,
      3,
      9,
      15,
      16,
      10,
      11,
      35,
      37,
      38,
      36,
      12,
      13,
      14,
      18,
      17,
      21,
      22,
      28,
      34,
      33,
      27,
      26,
      32,
      31,
      25,
      24,
      30,
      29,
      23,
      19,
      20
    ],
    "initial_tsp_path": [
      8,
      7,
      6,
      5,
      4,
      3,
      9,
      15,
      16,
      10,
      11,
      35,
      37,
      38,
      36,
      12,
      13,
      14,
      18,
      17,
      21,
      22,
      28,
      34,
      33,
      27,
      26,
      32,
      31,
      25,
      24,
      30,
      29,
      23,
      19,
      20
    ],
    "predicted_full_tsp_length": 415.22222222222206,
    "predicted_tsp_length": 415.22222222222206,
    "seed": 21002,
    "solver": "concorde"
  },
  "validity": "VALID"
}
