{
  "executed_loops": 4,
  "full_tsp_path": [
    8,
    7,
    6,
    5,
    4,
    3,
    9,
    15,
    16,
    10,
    11,
    35,
    37,
    20,
    19,
    23,
    29,
    30,
    24,
    25,
    31,
    32,
    26,
    27,
    33,
    34,
    28,
    22,
    21,
    38,
    36,
    12,
    13,
    14,
    18,
    17
  ],
  "initial_tsp_path": [
    8,
    7,
    6,
    5,
    4,
    3,
    9,
    15,
    16,
    10,
    11,
    35,
    37,
    20,
    19,
    23,
    29,
    30,
    24,
    25,
    31,
    32,
    26,
    27,
    33,
    34,
    28,
    22,
    21,
    38,
    36,
    12,
    13,
    14,
    18,
    17
  ],
  "planned_loops": 4,
  "planned_vs_actual": {
    "actual_path_length": 504.392834520536,
    "actual_sequence_precision_lcs": 1.0,
    "actual_vertex_count": 10,
    "actually_visited_high_level_vertices": [
      8,
      4,
      20,
      19,
      15,
      30,
      34,
      37,
      8,
      21
    ],
    "counts": {
      "goal_failures": 0,
      "goal_skip_seen_no_frontier": 6,
      "local_replanning_calls": 169,
      "no_frontier_at_vertex": 26,
      "no_frontier_reachable": 0,
      "repeated_visit_skip": 7,
      "replan_requests": 174
    },
    "executed_loop_vertices": [
      15,
      37,
      8,
      21
    ],
    "initial_tsp_predicted_path_length": 415.222222222222,
    "interpretation": "Order-sensitive exact vertex-sequence comparison. Normalized edit distance is Levenshtein distance divided by the longer sequence; 0 means identical. LCS recall/precision show how much order is retained without treating skipped vertices as substitutions.",
    "lcs_length": 10,
    "levenshtein_edit_distance": 33,
    "normalized_edit_distance": 0.7674418604651163,
    "planned_high_level_vertices": [
      8,
      7,
      6,
      5,
      4,
      3,
      9,
      15,
      16,
      10,
      11,
      35,
      37,
      20,
      19,
      15,
      19,
      23,
      29,
      30,
      24,
      25,
      31,
      32,
      26,
      27,
      33,
      34,
      28,
      22,
      21,
      38,
      37,
      38,
      36,
      12,
      13,
      14,
      8,
      14,
      18,
      17,
      21
    ],
    "planned_loop_vertices": [
      15,
      37,
      8,
      21
    ],
    "planned_path_length": 503.6111111111108,
    "planned_sequence_recall_lcs": 0.23255813953488372,
    "planned_vertex_count": 43,
    "successful_slam_loop_vertices": []
  },
  "predicted_full_tsp_length": 415.222222222222,
  "predicted_tsp_length": 415.222222222222,
  "seed": 21003,
  "solver": "concorde",
  "successful_slam_loops": 0,
  "total_exploration_time": 1298.2,
  "total_path_length_gt": 504.392834520536
}
