{
  "condition": "B",
  "execution_cost": {
    "active_loop_distance_m": 112.53003632893194,
    "active_loop_time_s": 347.49999999999994,
    "early_stop_count": 0,
    "early_stop_saved_remaining_polyline_m_lower_bound": 0.0,
    "no_repair_count": 0,
    "repair_distance_m": 112.53003632893194,
    "repair_time_s": 347.49999999999994,
    "repair_trigger_count": 3
  },
  "exploration": {
    "action_status": 3,
    "sim_time_s": 1396.0,
    "total_distance_m": 521.3225267769292,
    "wall_sim_ratio": 1.0001959652270769,
    "wall_time_s": 1396.2735674569994
  },
  "loop_realization": {
    "acceptance_rate": 0.0,
    "accepted_active_loops": 0,
    "accepted_passive_or_unattributed_events": 0,
    "executed_active_loops": 3,
    "planned_active_loops": 3
  },
  "mapping": {
    "estimated_unknown_ratio": 0.11050645931504154,
    "occupied_boundary_f1": 0.4522551282746637,
    "occupied_iou": 0.08309247650863956
  },
  "method": "Always-Trace",
  "oracle_mode": 1,
  "phase": "4B",
  "pose_graph": {
    "edge_count": 1141,
    "node_count": 736
  },
  "seed": 21002,
  "trajectory": {
    "ape_se2_translation_rmse_m": 0.508673,
    "rpe_rotation_1m_rmse_deg": 0.36275,
    "rpe_translation_1m_rmse_m": 0.074704
  },
  "tsp": {
    "full_tsp_path": [
      8,
      7,
      6,
      5,
      4,
      3,
      9,
      15,
      16,
      10,
      11,
      35,
      37,
      38,
      36,
      12,
      13,
      14,
      18,
      17,
      21,
      22,
      28,
      34,
      33,
      27,
      26,
      32,
      31,
      25,
      24,
      30,
      29,
      23,
      19,
      20
    ],
    "initial_tsp_path": [
      8,
      7,
      6,
      5,
      4,
      3,
      9,
      15,
      16,
      10,
      11,
      35,
      37,
      38,
      36,
      12,
      13,
      14,
      18,
      17,
      21,
      22,
      28,
      34,
      33,
      27,
      26,
      32,
      31,
      25,
      24,
      30,
      29,
      23,
      19,
      20
    ],
    "predicted_full_tsp_length": 415.22222222222206,
    "predicted_tsp_length": 415.22222222222206,
    "seed": 21002,
    "solver": "concorde"
  },
  "validity": "VALID"
}
