0x55f219a93440
[INFO] [1787626839.713518583]: Inititialized robot 1, starting to map now.
Create multimapper!!
[WARN] [1787626840.527992861]: The root link base_link has an inertia specified in the URDF, but KDL does not support a root link with an inertia.  As a workaround, you can add an extra dummy link to your URDF.
concorde -s 21001 /tmp/tmpe5lzhn3a/problem.tsp
Host: msxg  Current process id: 13233
Using random seed 21001
Number of Nodes: 72
Explicit Lengths (CC_MATRIXNORM)
Set initial upperbound to 8137 (from tour)
ERROR: No dual change in basis finding code
Did not find a basic optimal solution
Fractional matching routine failed
Warning: restarting running timer Miscellaneous
No warmstart, stumbling on anyway
Basic dual change required, but no candidate edges
  LP Value  1: 8125.000000  (0.00 seconds)
  LP Value  2: 8137.000000  (0.01 seconds)
New lower bound: 8137.000000
Final lower bound 8137.000000, upper bound 8137.000000
Exact lower bound: 8137.000000
DIFF: 0.000000
Final LP has 94 rows, 199 columns, 1183 nonzeros
Optimal Solution: 8137.00
Number of bbnodes: 1
Total Running Time: 0.03 (seconds)
[WARN] [1787626842.537382218, 0.200000000]: local_map: Parameter "plugins" not provided, loading pre-Hydro parameters
[INFO] [1787626839.861676676]: Waiting for prior_graph_service ...
[INFO] [1787626839.862023074]: waitForService: Service [/prior_graph_service] has not been advertised, waiting...
[INFO] [1787626841.760184880]: waitForService: Service [/prior_graph_service] is now available.
[INFO] [1787626841.763463623]: Receive response of service prior_graph_service.
[INFO] [1787626841.764183712]: Load prior_map.
[INFO] [1787626841.764210178]: Publishing prior graph......
[INFO] [1787626841.764543249]: Draw prior_map in RVIZ.
[INFO] [1787626841.764549651]: Waiting for path_plan_service ...
[INFO] [1787626841.769184268]: Receive tsp path: 8 7 6 5 4 3 9 15 16 10 11 35 37 20 19 15 19 23 29 30 24 25 31 32 26 38 36 12 11 12 13 14 8 14 18 17 21 22 28 34 33 27 26
[INFO] [1787626841.769241372]: Receive loop index: 0 0 0 0 0 0 0 0 0 0 0 0 0 0 0 1 0 0 0 0 0 0 0 0 0 0 0 0 1 0 0 0 1 0 0 0 0 0 0 0 0 0 1
[INFO] [1787626841.769257825]: Waiting for reliable_loop_service ...
[INFO] [1787626841.769678083]: reliable_loop_service is available.
[INFO] [1787626841.769966430]: MyPlanner is initialized and running!!
[INFO] [1787626841.770019986]: Successfully loaded exploration strategy [MyPlanner].
Warning: TF_REPEATED_DATA ignoring data with redundant timestamp for frame odom (parent offset) at time 0.300000 according to authority unknown_publisher
         at line 277 in /tmp/binarydeb/ros-noetic-tf2-0.7.10/src/buffer_core.cpp
[INFO] [1787626842.676133762, 0.300000000]: PHASE2C_KEYSCAN_ACCEPTED unique_id=0 state_id=0 sim_time=0.100000
Warning: TF_REPEATED_DATA ignoring data with redundant timestamp for frame odom (parent offset) at time 0.300000 according to authority unknown_publisher
         at line 277 in /tmp/binarydeb/ros-noetic-tf2-0.7.10/src/buffer_core.cpp
Warning: TF_REPEATED_DATA ignoring data with redundant timestamp for frame offset (parent map) at time 0.300000 according to authority unknown_publisher
         at line 277 in /tmp/binarydeb/ros-noetic-tf2-0.7.10/src/buffer_core.cpp
Warning: TF_REPEATED_DATA ignoring data with redundant timestamp for frame offset (parent map) at time 0.300000 according to authority unknown_publisher
         at line 277 in /tmp/binarydeb/ros-noetic-tf2-0.7.10/src/buffer_core.cpp
Warning: TF_REPEATED_DATA ignoring data with redundant timestamp for frame odom (parent offset) at time 0.300000 according to authority unknown_publisher
         at line 277 in /tmp/binarydeb/ros-noetic-tf2-0.7.10/src/buffer_core.cpp
Warning: TF_REPEATED_DATA ignoring data with redundant timestamp for frame odom (parent offset) at time 0.300000 according to authority unknown_publisher
         at line 277 in /tmp/binarydeb/ros-noetic-tf2-0.7.10/src/buffer_core.cpp
Warning: TF_REPEATED_DATA ignoring data with redundant timestamp for frame offset (parent map) at time 0.300000 according to authority unknown_publisher
         at line 277 in /tmp/binarydeb/ros-noetic-tf2-0.7.10/src/buffer_core.cpp
Warning: TF_REPEATED_DATA ignoring data with redundant timestamp for frame offset (parent map) at time 0.300000 according to authority unknown_publisher
         at line 277 in /tmp/binarydeb/ros-noetic-tf2-0.7.10/src/buffer_core.cpp
Traceback (most recent call last):
  File "/opt/ros/noetic/lib/rqt_robot_steering/rqt_robot_steering", line 8, in <module>
    sys.exit(main.main(sys.argv, standalone='rqt_robot_steering.robot_steering.RobotSteering'))
  File "/opt/ros/noetic/lib/python3/dist-packages/rqt_gui/main.py", line 61, in main
    return super(
  File "/opt/ros/noetic/lib/python3/dist-packages/qt_gui/main.py", line 443, in main
    app = self.create_application(argv)
  File "/opt/ros/noetic/lib/python3/dist-packages/rqt_gui/main.py", line 69, in create_application
    app = super(Main, self).create_application(argv)
  File "/opt/ros/noetic/lib/python3/dist-packages/qt_gui/main.py", line 210, in create_application
    app = QApplication(argv)
KeyboardInterrupt
double free or corruption (fasttop)
[WARN] [1787626841.119192, 0.000000]: Robot Start At 8
[WARN] [1787626841.374802, 0.000000]: Tsp problem solved by Concorde. 0.25347232818603516
<class 'networkx.utils.decorators.argmap'> compilation 4:4: FutureWarning: laplacian_matrix will return a scipy.sparse array instead of a matrix in Networkx 3.0.
/home/wcqw/ac-slam/catkin_ws/src/cpp_solver/world/map3/map3.xml
74.0
True
Drawio scale: 0.10277777777777777
[INFO] [1787626840.885358, 0.000000]: Build prior map with 36 vertices.
[INFO] [1787626840.886343, 0.000000]: Build prior map.
[INFO] [1787626841.117210, 0.000000]: prior_map_save_path: /home/wcqw/ac-slam/catkin_ws/src/cpp_solver/results/prior_map_Phase4B_preflight_20260825T110007_mode0.pickle
Robot position: (-28.0, -28.0)
10: 2225.556520061729,(x, y) = (10.527777777777779, 45.986111111111114)
11: 1243.3435570987656,(x, y) = (10.527777777777779, 33.65277777777778)
Original tsp path is better!
tsp_path VS full_tsp_path:
[8, 7, 6, 5, 4, 3, 9, 15, 16, 10, 11, 35, 37, 20, 19, 23, 29, 30, 24, 25, 31, 32, 26, 38, 36, 12, 13, 14, 18, 17, 21, 22, 28, 34, 33, 27]
[8, 7, 6, 5, 4, 3, 9, 15, 16, 10, 11, 35, 37, 20, 19, 23, 29, 30, 24, 25, 31, 32, 26, 38, 36, 12, 13, 14, 18, 17, 21, 22, 28, 34, 33, 27]
[INFO] [1787626841.376988, 0.000000]: TSP_RECORD {"full_tsp_path": [8, 7, 6, 5, 4, 3, 9, 15, 16, 10, 11, 35, 37, 20, 19, 23, 29, 30, 24, 25, 31, 32, 26, 38, 36, 12, 13, 14, 18, 17, 21, 22, 28, 34, 33, 27], "initial_tsp_path": [8, 7, 6, 5, 4, 3, 9, 15, 16, 10, 11, 35, 37, 20, 19, 23, 29, 30, 24, 25, 31, 32, 26, 38, 36, 12, 13, 14, 18, 17, 21, 22, 28, 34, 33, 27], "predicted_full_tsp_length": 415.222222222222, "predicted_tsp_length": 415.222222222222, "seed": 21001, "solver": "concorde"}
[INFO] [1787626841.377801, 0.000000]: tsp_record_path: /home/wcqw/ac-slam/catkin_ws/src/cpp_solver/results/tsp_record_Phase4B_preflight_20260825T110007_mode0.json
[INFO] [1787626841.378588, 0.000000]: Find initial tsp path.
tsp_d_opt: 46.41588833612774, tsp_dist: 415.222222222222
current idx: 0 / 35
max_candidate_dist: 44.76564224112665
Iter <built-in function iter>: 0 / 36
Iter <built-in function iter>: 20 / 36
#candidates: 77
current obj: 0.11551712194359894, resistance: 1.0998852356650595, dis_incre: 1.0643564356435644 tsp_obj: 0.11178565561283113
Optimization ratio: 1.0
No candidate is better than current_d_opt. Iteration stops.
#Add edges: 4, [(8, 14), (26, 27), (11, 12), (15, 19)]
Time cost: 0.01s for best one; 0.05s for all.
  
optimized tsp path: [8, 7, 6, 5, 4, 3, 9, 15, 16, 10, 11, 35, 37, 20, 19, 15, 19, 23, 29, 30, 24, 25, 31, 32, 26, 38, 36, 12, 11, 12, 13, 14, 8, 14, 18, 17, 21, 22, 28, 34, 33, 27, 26]
non-optimized tsp path: [8, 7, 6, 5, 4, 3, 9, 15, 16, 10, 11, 35, 37, 20, 19, 23, 29, 30, 24, 25, 31, 32, 26, 38, 36, 12, 13, 14, 18, 17, 21, 22, 28, 34, 33, 27]
[INFO] [1787626841.756094, 0.000000]: Find modified curr_path and loop index
[INFO] [1787626841.759886, 0.000000]: g2o_save_path: /home/wcqw/ac-slam/catkin_ws/src/cpp_solver/results/graph_Phase4B_preflight_20260825T110007_mode0.g2o
[INFO] [1787626841.766463, 0.000000]: Replanning request. curr_vertex_idx: 0
[INFO] [1787626841.767087, 0.000000]:                     covered_vertices: ()
[INFO] [1787626841.767606, 0.000000]: Handle local replanning...
[INFO] [1787626841.768091, 0.000000]: curr path length: 43, is_loop length: 43
[INFO] [1787626841.768579, 0.000000]: Send new plan: 8  ---> 7 6 5 4 3 9 15 16 10 11 35 37 20 19 15(L) 19 23 29 30 24 25 31 32 26 38 36 12 11(L) 12 13 14 8(L) 14 18 17 21 22 28 34 33 27 26(L) 
[INFO] [1787626842.677914, 0.300000]: Really visited vertices: 
[INFO] [1787626846.584702, 3.600000]: Pose graph has: 1 vertices, 0 edges.
[31m[RVIZ-16] escalating to SIGTERM[0m
... logging to /home/wcqw/ac-slam/catkin_ws/.ros/log/26238788-a031-11f1-a1fb-ad5a2dc41d37/roslaunch-msxg-12928.log
Checking log directory for disk usage. This may take a while.
Press Ctrl-C to interrupt
Done checking log file disk usage. Usage is <1GB.
]2;/home/wcqw/ac-slam/baseline/Graph-Based_SLAM-Aware_Exploration/launch/exploration.launch
[1mstarted roslaunch server http://127.0.0.1:45077/[0m

SUMMARY
========

PARAMETERS
 * /Mapper/LoopMatchMaximumVarianceCoarse: 0.16
 * /Mapper/LoopMatchMinimumChainSize: 4
 * /Mapper/LoopMatchMinimumResponseCoarse: 0.6
 * /Mapper/LoopMatchMinimumResponseFine: 0.7
 * /Mapper/LoopSearchMaximumDistance: 4
 * /Mapper/LoopSearchSpaceDimension: 5.0
 * /Mapper/MinimumTravelDistance: 1.0
 * /Mapper/MinimumTravelHeading: 0.52
 * /Mapper/enable_loop_diagnostics: False
 * /Mapper/grid_resolution: 0.1
 * /Mapper/loop_diagnostics_path: 
 * /Mapper/loop_diagnostics_run_id: 
 * /Mapper/map_frame: map
 * /Mapper/map_update_rate: 5
 * /Mapper/max_covariance: 0.01
 * /Mapper/max_particles: 10000
 * /Mapper/min_map_size: 20
 * /Mapper/min_particles: 2500
 * /Mapper/publish_pose_graph: True
 * /Mapper/range_threshold: 25.0
 * /Mapper/transform_publish_period: 0.1
 * /Navigator/command_target_distance: 1.5
 * /Navigator/exploration_goal_distance: 3.0
 * /Navigator/exploration_strategy: MyPlanner
 * /Navigator/frequency: 1
 * /Navigator/map_inflation_radius: 1.0
 * /Navigator/max_replanning_period: 1.0
 * /Navigator/min_replanning_period: 5.0
 * /Navigator/min_target_area_size: 1.0
 * /Navigator/navigation_goal_angle: 1.0
 * /Navigator/navigation_goal_distance: 2.0
 * /Navigator/navigation_homing_distance: 4.0
 * /Navigator/robot_radius: 0.5
 * /Navigator/save_path_plan_time: /home/wcqw/ac-sla...
 * /Navigator/use_local_planner: True
 * /Navigator/visualize_frontiers: True
 * /Operator/conformance_weight: 1
 * /Operator/continue_weight: 1
 * /Operator/escape_weight: 1
 * /Operator/frequency: 10
 * /Operator/local_map/cost_scaling_factor: 2.0
 * /Operator/local_map/global_frame: odom
 * /Operator/local_map/height: 6.0
 * /Operator/local_map/inflation_radius: 0.75
 * /Operator/local_map/lethal_cost_threshold: 100
 * /Operator/local_map/map_type: costmap
 * /Operator/local_map/max_obstacle_height: 2.0
 * /Operator/local_map/min_obstacle_height: 0.0
 * /Operator/local_map/observation_sources: scan
 * /Operator/local_map/obstacle_range: 4.0
 * /Operator/local_map/publish_frequency: 1.0
 * /Operator/local_map/publish_voxel_map: True
 * /Operator/local_map/raytrace_range: 4.5
 * /Operator/local_map/resolution: 0.05
 * /Operator/local_map/robot_base_frame: base_link
 * /Operator/local_map/robot_radius: 0.4
 * /Operator/local_map/rolling_window: True
 * /Operator/local_map/scan/clearing: True
 * /Operator/local_map/scan/data_type: LaserScan
 * /Operator/local_map/scan/expected_update_rate: 0.4
 * /Operator/local_map/scan/marking: True
 * /Operator/local_map/scan/max_obstacle_height: 0.4
 * /Operator/local_map/scan/min_obstacle_height: 0.08
 * /Operator/local_map/scan/observation_persistence: 0.0
 * /Operator/local_map/static_map: False
 * /Operator/local_map/track_unknown_space: True
 * /Operator/local_map/transform_tolerance: 0.3
 * /Operator/local_map/update_frequency: 5.0
 * /Operator/local_map/width: 6.0
 * /Operator/max_free_space: 3.0
 * /Operator/max_velocity: 1.0
 * /Operator/publish_route: True
 * /Operator/safety_decay: 0.99
 * /Operator/safety_weight: 1
 * /Stage/base_watchdog_timeout: 0
 * /laser_frame: base_laser_link
 * /laser_topic: base_scan
 * /map_frame: map
 * /map_server/frame_id: map
 * /map_service: static_map
 * /map_topic: map
 * /odometry_frame: odom
 * /offset_frame: offset
 * /path_planner/g2o_save_path: /home/wcqw/ac-sla...
 * /path_planner/map_width: 74.0
 * /path_planner/need_noise: False
 * /path_planner/only_use_tsp: False
 * /path_planner/oracle_after: 8
 * /path_planner/oracle_before: 8
 * /path_planner/oracle_densify_m: 0.5
 * /path_planner/oracle_dir_lambda: 1.0
 * /path_planner/oracle_mode: 0
 * /path_planner/oracle_repair_densify: 0.5
 * /path_planner/oracle_repair_max_len: 12.0
 * /path_planner/oracle_repair_max_wp: 24
 * /path_planner/oracle_span_gate: 4.0
 * /path_planner/prior_map_save_path: /home/wcqw/ac-sla...
 * /path_planner/robot_position: -28.0 -28.0 0
 * /path_planner/tsp_record_path: /home/wcqw/ac-sla...
 * /path_planner/tsp_seed: 21001
 * /path_planner/tsp_solver: concorde
 * /path_planner/use_drawio: True
 * /path_planner/variance: 0.0
 * /path_planner/xml_path: /home/wcqw/ac-sla...
 * /pubPath/gt_save_path: /home/wcqw/ac-sla...
 * /pubPath/robot_position: -28.0 -28.0 0
 * /pubPath/slam_save_path: /home/wcqw/ac-sla...
 * /robot_description: <?xml version="1....
 * /robot_frame: base_link
 * /robot_start_position: -28.0 -28.0 0
 * /robot_state_publisher/publish_frequency: 30.0
 * /robot_state_publisher/tf_prefix: 
 * /rosdistro: noetic
 * /rosversion: 1.17.4
 * /use_sim_time: True
 * /use_tf1: True

NODES
  /
    Explore (nav2d_navigator/explore_client)
    GetMap (nav2d_navigator/get_map_client)
    Mapper (nav2d_karto/mapper)
    Navigator (nav2d_navigator/navigator)
    Operator (nav2d_operator/operator)
    RVIZ (rviz/rviz)
    SetGoal (nav2d_navigator/set_goal_client)
    Stage (stage_ros/stageros)
    exploration_button_server (cpp_solver/exploration_button_server.py)
    map_server (map_server/map_server)
    path_planner (cpp_solver/path_planner.py)
    pubPath (cpp_solver/pub_path)
    publisher (p2os_urdf/p2os_publisher_3at)
    robot_state_publisher (robot_state_publisher/robot_state_publisher)
    rqt_robot_steering (rqt_robot_steering/rqt_robot_steering)
    updateDistance (cpp_solver/updateDistance)

[1mROS_MASTER_URI=http://localhost:11311[0m
]2;/home/wcqw/ac-slam/baseline/Graph-Based_SLAM-Aware_Exploration/launch/exploration.launch http://localhost:11311
[1mprocess[Stage-1]: started with pid [13001][0m
[1mprocess[map_server-2]: started with pid [13002][0m
[1mprocess[Operator-3]: started with pid [13003][0m
[1mprocess[Mapper-4]: started with pid [13004][0m
[1mprocess[Navigator-5]: started with pid [13005][0m
[1mprocess[GetMap-6]: started with pid [13006][0m
[1mprocess[Explore-7]: started with pid [13019][0m
[1mprocess[SetGoal-8]: started with pid [13038][0m
[1mprocess[pubPath-9]: started with pid [13045][0m
[1mprocess[updateDistance-10]: started with pid [13058][0m
[1mprocess[exploration_button_server-11]: started with pid [13064][0m
[1mprocess[path_planner-12]: started with pid [13065][0m
[1mprocess[rqt_robot_steering-13]: started with pid [13071][0m
[1mprocess[robot_state_publisher-14]: started with pid [13118][0m
[1mprocess[publisher-15]: started with pid [13120][0m
[1mprocess[RVIZ-16]: started with pid [13162][0m
[RVIZ-16] killing on exit
[publisher-15] killing on exit
[robot_state_publisher-14] killing on exit
[rqt_robot_steering-13] killing on exit
[path_planner-12] killing on exit
[exploration_button_server-11] killing on exit
[updateDistance-10] killing on exit
[pubPath-9] killing on exit
[Explore-7] killing on exit
[SetGoal-8] killing on exit
[GetMap-6] killing on exit
[Navigator-5] killing on exit
[Mapper-4] killing on exit
[Operator-3] killing on exit
[map_server-2] killing on exit
[Stage-1] killing on exit
shutting down processing monitor...
... shutting down processing monitor complete
[1mdone[0m
