{
  "evo": {
    "ape_se2_translation_m": {
      "command": "/usr/bin/python3 -m evo.main_ape tum /home/wcqw/ac-slam/results/phase2/map3_pairs/pair_03/slam_aware/trajectory_gt.txt /home/wcqw/ac-slam/results/phase2/map3_pairs/pair_03/slam_aware/trajectory_slam.txt -r trans_part --project_to_plane xy --t_max_diff 0.05 --t_offset 0 --no_warnings --save_results /home/wcqw/ac-slam/results/phase2/map3_pairs/pair_03/slam_aware/evo/ape_se2_translation.zip",
      "result_archive": "ape_se2_translation.zip",
      "rmse": 1.476925,
      "stdout_stderr": "ape_se2_translation.txt"
    },
    "rpe_rotation_1m_deg": {
      "command": "/usr/bin/python3 -m evo.main_rpe tum /home/wcqw/ac-slam/results/phase2/map3_pairs/pair_03/slam_aware/trajectory_gt.txt /home/wcqw/ac-slam/results/phase2/map3_pairs/pair_03/slam_aware/trajectory_slam.txt -r angle_deg --project_to_plane xy --t_max_diff 0.05 --t_offset 0 --no_warnings -d 1 -u m --all_pairs --pairs_from_reference --save_results /home/wcqw/ac-slam/results/phase2/map3_pairs/pair_03/slam_aware/evo/rpe_rotation_1m.zip",
      "result_archive": "rpe_rotation_1m.zip",
      "rmse": 0.303805,
      "stdout_stderr": "rpe_rotation_1m.txt"
    },
    "rpe_translation_1m_m": {
      "command": "/usr/bin/python3 -m evo.main_rpe tum /home/wcqw/ac-slam/results/phase2/map3_pairs/pair_03/slam_aware/trajectory_gt.txt /home/wcqw/ac-slam/results/phase2/map3_pairs/pair_03/slam_aware/trajectory_slam.txt -r trans_part --project_to_plane xy --t_max_diff 0.05 --t_offset 0 --no_warnings -d 1 -u m --all_pairs --pairs_from_reference --save_results /home/wcqw/ac-slam/results/phase2/map3_pairs/pair_03/slam_aware/evo/rpe_translation_1m.zip",
      "result_archive": "rpe_translation_1m.zip",
      "rmse": 0.039715,
      "stdout_stderr": "rpe_translation_1m.txt"
    }
  },
  "executed_loops": 4,
  "full_tsp_path": [
    8,
    7,
    6,
    5,
    4,
    3,
    9,
    15,
    16,
    10,
    11,
    35,
    37,
    20,
    19,
    23,
    29,
    30,
    24,
    25,
    31,
    32,
    26,
    27,
    33,
    34,
    28,
    22,
    21,
    38,
    36,
    12,
    13,
    14,
    18,
    17
  ],
  "initial_tsp_path": [
    8,
    7,
    6,
    5,
    4,
    3,
    9,
    15,
    16,
    10,
    11,
    35,
    37,
    20,
    19,
    23,
    29,
    30,
    24,
    25,
    31,
    32,
    26,
    27,
    33,
    34,
    28,
    22,
    21,
    38,
    36,
    12,
    13,
    14,
    18,
    17
  ],
  "planned_loops": 4,
  "planned_vs_actual": {
    "actual_path_length": 534.8822213567705,
    "actual_sequence_precision_lcs": 0.926829268292683,
    "actual_vertex_count": 41,
    "actually_visited_high_level_vertices": [
      8,
      7,
      6,
      5,
      4,
      3,
      9,
      15,
      16,
      35,
      11,
      35,
      37,
      20,
      19,
      15,
      19,
      23,
      29,
      30,
      31,
      25,
      31,
      32,
      26,
      27,
      33,
      34,
      28,
      22,
      21,
      38,
      37,
      35,
      36,
      12,
      13,
      14,
      8,
      14,
      18
    ],
    "counts": {
      "goal_failures": 0,
      "goal_skip_seen_no_frontier": 5,
      "local_replanning_calls": 180,
      "no_frontier_at_vertex": 25,
      "no_frontier_reachable": 0,
      "repeated_visit_skip": 9,
      "replan_requests": 185
    },
    "executed_loop_vertices": [
      15,
      37,
      8,
      21
    ],
    "initial_tsp_predicted_path_length": 415.222222222222,
    "interpretation": "Order-sensitive exact vertex-sequence comparison. Normalized edit distance is Levenshtein distance divided by the longer sequence; 0 means identical. LCS recall/precision show how much order is retained without treating skipped vertices as substitutions.",
    "lcs_length": 38,
    "levenshtein_edit_distance": 5,
    "normalized_edit_distance": 0.11627906976744186,
    "planned_high_level_vertices": [
      8,
      7,
      6,
      5,
      4,
      3,
      9,
      15,
      16,
      10,
      11,
      35,
      37,
      20,
      19,
      15,
      19,
      23,
      29,
      30,
      24,
      25,
      31,
      32,
      26,
      27,
      33,
      34,
      28,
      22,
      21,
      38,
      37,
      38,
      36,
      12,
      13,
      14,
      8,
      14,
      18,
      17,
      21
    ],
    "planned_loop_vertices": [
      15,
      37,
      8,
      21
    ],
    "planned_path_length": 503.6111111111108,
    "planned_sequence_recall_lcs": 0.8837209302325582,
    "planned_vertex_count": 43,
    "successful_slam_loop_vertices": []
  },
  "predicted_full_tsp_length": 415.222222222222,
  "predicted_tsp_length": 415.222222222222,
  "seed": 21003,
  "solver": "concorde",
  "successful_slam_loops": 0,
  "total_exploration_time": 1394.8999999999999,
  "total_path_length_gt": 534.8822213567705
}
