{
  "executed_loops": 4,
  "full_tsp_path": [
    8,
    7,
    6,
    5,
    4,
    3,
    9,
    15,
    16,
    10,
    11,
    35,
    37,
    20,
    19,
    23,
    29,
    30,
    24,
    25,
    31,
    32,
    26,
    27,
    33,
    34,
    28,
    22,
    21,
    38,
    36,
    12,
    13,
    17,
    18,
    14
  ],
  "initial_tsp_path": [
    8,
    7,
    6,
    5,
    4,
    3,
    9,
    15,
    16,
    10,
    11,
    35,
    37,
    20,
    19,
    23,
    29,
    30,
    24,
    25,
    31,
    32,
    26,
    27,
    33,
    34,
    28,
    22,
    21,
    38,
    36,
    12,
    13,
    17,
    18,
    14
  ],
  "planned_loops": 5,
  "planned_vs_actual": {
    "actual_path_length": 620.0207040413414,
    "actual_sequence_precision_lcs": 0.75,
    "actual_vertex_count": 16,
    "actually_visited_high_level_vertices": [
      8,
      5,
      9,
      15,
      16,
      28,
      22,
      32,
      26,
      27,
      36,
      35,
      37,
      22,
      21,
      8
    ],
    "counts": {
      "goal_failures": 0,
      "goal_skip_seen_no_frontier": 7,
      "local_replanning_calls": 182,
      "no_frontier_at_vertex": 24,
      "no_frontier_reachable": 0,
      "repeated_visit_skip": 9,
      "replan_requests": 187
    },
    "executed_loop_vertices": [
      15,
      26,
      35,
      22
    ],
    "initial_tsp_predicted_path_length": 415.222222222222,
    "interpretation": "Order-sensitive exact vertex-sequence comparison. Normalized edit distance is Levenshtein distance divided by the longer sequence; 0 means identical. LCS recall/precision show how much order is retained without treating skipped vertices as substitutions.",
    "lcs_length": 12,
    "levenshtein_edit_distance": 33,
    "normalized_edit_distance": 0.7333333333333333,
    "planned_high_level_vertices": [
      8,
      7,
      6,
      5,
      4,
      3,
      9,
      15,
      16,
      10,
      11,
      35,
      37,
      20,
      19,
      15,
      19,
      23,
      29,
      30,
      24,
      25,
      31,
      32,
      26,
      27,
      33,
      34,
      28,
      22,
      21,
      38,
      26,
      38,
      36,
      35,
      36,
      12,
      13,
      17,
      18,
      22,
      18,
      14,
      8
    ],
    "planned_loop_vertices": [
      15,
      26,
      35,
      22,
      8
    ],
    "planned_path_length": 527.2499999999997,
    "planned_sequence_recall_lcs": 0.26666666666666666,
    "planned_vertex_count": 45,
    "successful_slam_loop_vertices": [
      15
    ]
  },
  "predicted_full_tsp_length": 415.222222222222,
  "predicted_tsp_length": 415.222222222222,
  "seed": 21005,
  "solver": "concorde",
  "successful_slam_loops": 1,
  "total_exploration_time": null,
  "total_path_length_gt": 620.0207040413414
}
