{
  "condition": "A",
  "execution_cost": {
    "active_loop_distance_m": 71.01121367241416,
    "active_loop_time_s": 154.30000000000007,
    "early_stop_count": 0,
    "early_stop_saved_remaining_polyline_m_lower_bound": 0.0,
    "no_repair_count": 3,
    "repair_distance_m": 0,
    "repair_time_s": 0,
    "repair_trigger_count": 0
  },
  "exploration": {
    "action_status": 3,
    "sim_time_s": 1388.1999999999998,
    "total_distance_m": 727.3349565862202,
    "wall_sim_ratio": 1.0002715066625847,
    "wall_time_s": 1388.576905549
  },
  "loop_realization": {
    "acceptance_rate": 0.6666666666666666,
    "accepted_active_loops": 2,
    "accepted_passive_or_unattributed_events": 0,
    "executed_active_loops": 3,
    "planned_active_loops": 3
  },
  "mapping": {
    "estimated_unknown_ratio": 0.2133562266700155,
    "occupied_boundary_f1": 0.560106262259414,
    "occupied_iou": 0.12662731801247437
  },
  "method": "Original",
  "oracle_mode": 0,
  "phase": "4B",
  "pose_graph": {
    "edge_count": 1829,
    "node_count": 1025
  },
  "seed": 21005,
  "trajectory": {
    "ape_se2_translation_rmse_m": 0.144062,
    "rpe_rotation_1m_rmse_deg": 0.19648,
    "rpe_translation_1m_rmse_m": 0.031821
  },
  "tsp": {
    "full_tsp_path": [
      20,
      37,
      17,
      16,
      15,
      14,
      15,
      13,
      17,
      12,
      17,
      11,
      18,
      10,
      36,
      9,
      36,
      8,
      0,
      35,
      1,
      35,
      6,
      19,
      38,
      26,
      21,
      24,
      21,
      22,
      21,
      23,
      21,
      25,
      27,
      31,
      32,
      29,
      32,
      30,
      32,
      28,
      33,
      7,
      5,
      4,
      3,
      34,
      2
    ],
    "initial_tsp_path": [
      20,
      37,
      16,
      14,
      15,
      13,
      12,
      17,
      11,
      18,
      10,
      9,
      36,
      8,
      0,
      35,
      1,
      6,
      19,
      38,
      26,
      21,
      24,
      22,
      23,
      25,
      27,
      31,
      29,
      30,
      32,
      28,
      33,
      7,
      5,
      4,
      3,
      34,
      2
    ],
    "predicted_full_tsp_length": 581.3749220957066,
    "predicted_tsp_length": 581.3749220957064,
    "seed": 21005,
    "solver": "concorde"
  },
  "validity": "VALID"
}
