{
  "executed_loops": 3,
  "full_tsp_path": [
    8,
    7,
    6,
    5,
    4,
    3,
    9,
    15,
    16,
    10,
    11,
    35,
    37,
    38,
    36,
    12,
    13,
    14,
    18,
    17,
    21,
    22,
    28,
    34,
    33,
    27,
    26,
    32,
    31,
    25,
    24,
    30,
    29,
    23,
    19,
    20
  ],
  "initial_tsp_path": [
    8,
    7,
    6,
    5,
    4,
    3,
    9,
    15,
    16,
    10,
    11,
    35,
    37,
    38,
    36,
    12,
    13,
    14,
    18,
    17,
    21,
    22,
    28,
    34,
    33,
    27,
    26,
    32,
    31,
    25,
    24,
    30,
    29,
    23,
    19,
    20
  ],
  "planned_loops": 3,
  "planned_vs_actual": {
    "actual_path_length": 468.8796414114731,
    "actual_sequence_precision_lcs": 1.0,
    "actual_vertex_count": 17,
    "actually_visited_high_level_vertices": [
      8,
      7,
      5,
      4,
      3,
      9,
      15,
      14,
      8,
      18,
      33,
      38,
      24,
      29,
      23,
      19,
      16
    ],
    "counts": {
      "goal_failures": 0,
      "goal_skip_seen_no_frontier": 5,
      "local_replanning_calls": 175,
      "no_frontier_at_vertex": 28,
      "no_frontier_reachable": 0,
      "repeated_visit_skip": 5,
      "replan_requests": 179
    },
    "executed_loop_vertices": [
      8,
      38,
      16
    ],
    "initial_tsp_predicted_path_length": 415.22222222222206,
    "interpretation": "Order-sensitive exact vertex-sequence comparison. Normalized edit distance is Levenshtein distance divided by the longer sequence; 0 means identical. LCS recall/precision show how much order is retained without treating skipped vertices as substitutions.",
    "lcs_length": 17,
    "levenshtein_edit_distance": 24,
    "normalized_edit_distance": 0.5853658536585366,
    "planned_high_level_vertices": [
      8,
      7,
      6,
      5,
      4,
      3,
      9,
      15,
      16,
      10,
      11,
      35,
      37,
      38,
      36,
      12,
      13,
      14,
      8,
      14,
      18,
      17,
      21,
      22,
      28,
      34,
      33,
      27,
      26,
      38,
      26,
      32,
      31,
      25,
      24,
      30,
      29,
      23,
      19,
      20,
      16
    ],
    "planned_loop_vertices": [
      8,
      38,
      16
    ],
    "planned_path_length": 478.94444444444423,
    "planned_sequence_recall_lcs": 0.4146341463414634,
    "planned_vertex_count": 41,
    "successful_slam_loop_vertices": []
  },
  "predicted_full_tsp_length": 415.22222222222206,
  "predicted_tsp_length": 415.22222222222206,
  "seed": 21002,
  "solver": "concorde",
  "successful_slam_loops": 0,
  "total_exploration_time": 1201.3000000000002,
  "total_path_length_gt": 468.8796414114731
}
