{
  "evo": {
    "ape_se2_translation_m": {
      "command": "env PYTHONPATH=/home/wcqw/ac-slam/evaluation/evo-1.31.1-target/site-packages /usr/bin/python3 -m evo.main_ape tum /home/wcqw/ac-slam/results/phase4b/map3/seed_21004/C_selective/trajectory_gt.txt /home/wcqw/ac-slam/results/phase4b/map3/seed_21004/C_selective/trajectory_slam.txt -r trans_part --project_to_plane xy --t_max_diff 0.05 --t_offset 0 --no_warnings --save_results /home/wcqw/ac-slam/results/phase4b/map3/seed_21004/C_selective/evo/ape_se2_translation.zip",
      "result_archive": "ape_se2_translation.zip",
      "rmse": 0.493636,
      "stdout_stderr": "ape_se2_translation.txt"
    },
    "rpe_rotation_1m_deg": {
      "command": "env PYTHONPATH=/home/wcqw/ac-slam/evaluation/evo-1.31.1-target/site-packages /usr/bin/python3 -m evo.main_rpe tum /home/wcqw/ac-slam/results/phase4b/map3/seed_21004/C_selective/trajectory_gt.txt /home/wcqw/ac-slam/results/phase4b/map3/seed_21004/C_selective/trajectory_slam.txt -r angle_deg --project_to_plane xy --t_max_diff 0.05 --t_offset 0 --no_warnings -d 1 -u m --all_pairs --pairs_from_reference --save_results /home/wcqw/ac-slam/results/phase4b/map3/seed_21004/C_selective/evo/rpe_rotation_1m.zip",
      "result_archive": "rpe_rotation_1m.zip",
      "rmse": 0.257093,
      "stdout_stderr": "rpe_rotation_1m.txt"
    },
    "rpe_translation_1m_m": {
      "command": "env PYTHONPATH=/home/wcqw/ac-slam/evaluation/evo-1.31.1-target/site-packages /usr/bin/python3 -m evo.main_rpe tum /home/wcqw/ac-slam/results/phase4b/map3/seed_21004/C_selective/trajectory_gt.txt /home/wcqw/ac-slam/results/phase4b/map3/seed_21004/C_selective/trajectory_slam.txt -r trans_part --project_to_plane xy --t_max_diff 0.05 --t_offset 0 --no_warnings -d 1 -u m --all_pairs --pairs_from_reference --save_results /home/wcqw/ac-slam/results/phase4b/map3/seed_21004/C_selective/evo/rpe_translation_1m.zip",
      "result_archive": "rpe_translation_1m.zip",
      "rmse": 0.041905,
      "stdout_stderr": "rpe_translation_1m.txt"
    }
  },
  "executed_loops": 5,
  "full_tsp_path": [
    8,
    7,
    6,
    5,
    4,
    3,
    9,
    15,
    16,
    10,
    11,
    35,
    37,
    20,
    19,
    23,
    29,
    30,
    24,
    25,
    31,
    32,
    26,
    27,
    33,
    34,
    28,
    22,
    21,
    38,
    36,
    12,
    13,
    17,
    18,
    14
  ],
  "initial_tsp_path": [
    8,
    7,
    6,
    5,
    4,
    3,
    9,
    15,
    16,
    10,
    11,
    35,
    37,
    20,
    19,
    23,
    29,
    30,
    24,
    25,
    31,
    32,
    26,
    27,
    33,
    34,
    28,
    22,
    21,
    38,
    36,
    12,
    13,
    17,
    18,
    14
  ],
  "planned_loops": 5,
  "planned_vs_actual": {
    "actual_path_length": 540.7777499866364,
    "actual_sequence_precision_lcs": 0.8863636363636364,
    "actual_vertex_count": 44,
    "actually_visited_high_level_vertices": [
      8,
      7,
      6,
      5,
      4,
      3,
      9,
      15,
      16,
      35,
      37,
      20,
      19,
      15,
      19,
      23,
      29,
      30,
      31,
      32,
      26,
      27,
      33,
      34,
      28,
      22,
      21,
      27,
      26,
      27,
      26,
      38,
      36,
      35,
      36,
      12,
      13,
      17,
      18,
      22,
      21,
      22,
      18,
      14
    ],
    "counts": {
      "goal_failures": 0,
      "goal_skip_seen_no_frontier": 6,
      "local_replanning_calls": 156,
      "no_frontier_at_vertex": 26,
      "no_frontier_reachable": 0,
      "repeated_visit_skip": 8,
      "replan_requests": 162
    },
    "executed_loop_vertices": [
      15,
      26,
      35,
      22,
      8
    ],
    "initial_tsp_predicted_path_length": 415.222222222222,
    "interpretation": "Order-sensitive exact vertex-sequence comparison. Normalized edit distance is Levenshtein distance divided by the longer sequence; 0 means identical. LCS recall/precision show how much order is retained without treating skipped vertices as substitutions.",
    "lcs_length": 39,
    "levenshtein_edit_distance": 10,
    "normalized_edit_distance": 0.2222222222222222,
    "planned_high_level_vertices": [
      8,
      7,
      6,
      5,
      4,
      3,
      9,
      15,
      16,
      10,
      11,
      35,
      37,
      20,
      19,
      15,
      19,
      23,
      29,
      30,
      24,
      25,
      31,
      32,
      26,
      27,
      33,
      34,
      28,
      22,
      21,
      38,
      26,
      38,
      36,
      35,
      36,
      12,
      13,
      17,
      18,
      22,
      18,
      14,
      8
    ],
    "planned_loop_vertices": [
      15,
      26,
      35,
      22,
      8
    ],
    "planned_path_length": 527.2499999999997,
    "planned_sequence_recall_lcs": 0.8666666666666667,
    "planned_vertex_count": 45,
    "successful_slam_loop_vertices": []
  },
  "predicted_full_tsp_length": 415.222222222222,
  "predicted_tsp_length": 415.222222222222,
  "seed": 21004,
  "solver": "concorde",
  "successful_slam_loops": 0,
  "total_exploration_time": 1412.0,
  "total_path_length_gt": 540.7777499866364
}
