{
  "condition": "C",
  "execution_cost": {
    "active_loop_distance_m": 156.1804701857195,
    "active_loop_time_s": 484.30000000000007,
    "early_stop_count": 0,
    "early_stop_saved_remaining_polyline_m_lower_bound": 0.0,
    "no_repair_count": 3,
    "repair_distance_m": 92.65233445748804,
    "repair_time_s": 303.20000000000005,
    "repair_trigger_count": 2
  },
  "exploration": {
    "action_status": 3,
    "sim_time_s": 1412.0,
    "total_distance_m": 540.7777499866364,
    "wall_sim_ratio": 1.000215128950425,
    "wall_time_s": 1412.303762078
  },
  "loop_realization": {
    "acceptance_rate": 0.0,
    "accepted_active_loops": 0,
    "accepted_passive_or_unattributed_events": 1,
    "executed_active_loops": 5,
    "planned_active_loops": 5
  },
  "mapping": {
    "estimated_unknown_ratio": 0.11588334243096016,
    "occupied_boundary_f1": 0.5455183656132634,
    "occupied_iou": 0.07584459037678844
  },
  "method": "Selective",
  "oracle_mode": 2,
  "phase": "4B",
  "pose_graph": {
    "edge_count": 1116,
    "node_count": 727
  },
  "seed": 21004,
  "trajectory": {
    "ape_se2_translation_rmse_m": 0.493636,
    "rpe_rotation_1m_rmse_deg": 0.257093,
    "rpe_translation_1m_rmse_m": 0.041905
  },
  "tsp": {
    "full_tsp_path": [
      8,
      7,
      6,
      5,
      4,
      3,
      9,
      15,
      16,
      10,
      11,
      35,
      37,
      20,
      19,
      23,
      29,
      30,
      24,
      25,
      31,
      32,
      26,
      27,
      33,
      34,
      28,
      22,
      21,
      38,
      36,
      12,
      13,
      17,
      18,
      14
    ],
    "initial_tsp_path": [
      8,
      7,
      6,
      5,
      4,
      3,
      9,
      15,
      16,
      10,
      11,
      35,
      37,
      20,
      19,
      23,
      29,
      30,
      24,
      25,
      31,
      32,
      26,
      27,
      33,
      34,
      28,
      22,
      21,
      38,
      36,
      12,
      13,
      17,
      18,
      14
    ],
    "predicted_full_tsp_length": 415.222222222222,
    "predicted_tsp_length": 415.222222222222,
    "seed": 21004,
    "solver": "concorde"
  },
  "validity": "VALID"
}
