{
  "condition": "C",
  "execution_cost": {
    "active_loop_distance_m": 0,
    "active_loop_time_s": 0,
    "early_stop_count": 0,
    "early_stop_saved_remaining_polyline_m_lower_bound": 0,
    "no_repair_count": 0,
    "repair_distance_m": 0,
    "repair_time_s": 0,
    "repair_trigger_count": 0
  },
  "exploration": {
    "action_status": 4,
    "sim_time_s": 5342.200000000001,
    "total_distance_m": 1617.1905027563184,
    "wall_sim_ratio": 1.0001190098270376,
    "wall_time_s": 5342.835774298001
  },
  "loop_realization": {
    "acceptance_rate": null,
    "accepted_active_loops": 0,
    "accepted_passive_or_unattributed_events": 15,
    "executed_active_loops": 0,
    "planned_active_loops": 0
  },
  "mapping": {
    "estimated_unknown_ratio": 0.3066165246479018,
    "occupied_boundary_f1": 0.15846220123881805,
    "occupied_iou": 0.030914373293238682
  },
  "method": "Selective",
  "oracle_mode": 2,
  "phase": "4B",
  "pose_graph": {
    "edge_count": 11903,
    "node_count": 4087
  },
  "seed": 21003,
  "trajectory": {
    "ape_se2_translation_rmse_m": 1.117157,
    "rpe_rotation_1m_rmse_deg": 3.379305,
    "rpe_translation_1m_rmse_m": 0.041412
  },
  "tsp": {
    "full_tsp_path": [
      62,
      82,
      98,
      106,
      90,
      81,
      63,
      70,
      63,
      52,
      48,
      56,
      57,
      51,
      57,
      56,
      48,
      30,
      20,
      9,
      147,
      7,
      147,
      9,
      4,
      9,
      20,
      16,
      5,
      16,
      148,
      10,
      148,
      16,
      20,
      30,
      24,
      22,
      24,
      15,
      14,
      15,
      6,
      15,
      24,
      37,
      31,
      37,
      42,
      44,
      33,
      28,
      33,
      29,
      33,
      41,
      36,
      38,
      36,
      32,
      149,
      18,
      146,
      3,
      146,
      18,
      27,
      18,
      8,
      18,
      13,
      18,
      19,
      12,
      19,
      26,
      19,
      23,
      21,
      17,
      21,
      25,
      11,
      25,
      39,
      43,
      35,
      150,
      35,
      40,
      35,
      43,
      39,
      45,
      49,
      45,
      58,
      73,
      58,
      154,
      54,
      50,
      54,
      59,
      74,
      59,
      157,
      156,
      155,
      55,
      69,
      55,
      60,
      47,
      46,
      47,
      61,
      80,
      79,
      89,
      78,
      87,
      163,
      86,
      75,
      162,
      77,
      88,
      85,
      88,
      97,
      111,
      166,
      111,
      124,
      133,
      124,
      129,
      104,
      108,
      92,
      105,
      116,
      130,
      134,
      137,
      134,
      125,
      138,
      125,
      117,
      139,
      117,
      140,
      117,
      121,
      141,
      121,
      122,
      112,
      122,
      123,
      142,
      123,
      126,
      113,
      109,
      165,
      100,
      165,
      109,
      99,
      109,
      113,
      126,
      127,
      143,
      127,
      118,
      101,
      91,
      83,
      91,
      93,
      91,
      101,
      102,
      94,
      102,
      101,
      118,
      167,
      114,
      110,
      114,
      135,
      114,
      128,
      131,
      145,
      131,
      144,
      131,
      136,
      131,
      119,
      115,
      120,
      115,
      132,
      115,
      107,
      164,
      96,
      164,
      107,
      103,
      95,
      84,
      68,
      153,
      68,
      64,
      53,
      64,
      71,
      64,
      68,
      153,
      152,
      151,
      34,
      151,
      152,
      153,
      68,
      84,
      72,
      158,
      65,
      158,
      72,
      161,
      160,
      66,
      159,
      67,
      76
    ],
    "initial_tsp_path": [
      62,
      82,
      98,
      106,
      90,
      81,
      63,
      70,
      52,
      48,
      51,
      57,
      56,
      30,
      7,
      147,
      4,
      9,
      16,
      5,
      148,
      10,
      20,
      24,
      22,
      15,
      14,
      6,
      31,
      37,
      42,
      44,
      28,
      33,
      29,
      41,
      38,
      36,
      32,
      149,
      18,
      3,
      146,
      27,
      8,
      13,
      19,
      12,
      26,
      23,
      17,
      21,
      11,
      25,
      39,
      35,
      150,
      40,
      43,
      45,
      49,
      58,
      73,
      154,
      54,
      50,
      59,
      74,
      157,
      156,
      155,
      55,
      69,
      60,
      47,
      46,
      61,
      80,
      79,
      89,
      78,
      87,
      163,
      86,
      75,
      162,
      77,
      85,
      88,
      97,
      111,
      166,
      133,
      124,
      129,
      104,
      108,
      92,
      105,
      116,
      130,
      137,
      134,
      125,
      138,
      117,
      139,
      140,
      121,
      141,
      122,
      112,
      123,
      142,
      126,
      113,
      109,
      100,
      165,
      99,
      143,
      127,
      118,
      83,
      91,
      93,
      94,
      102,
      101,
      167,
      110,
      114,
      135,
      128,
      131,
      145,
      144,
      136,
      119,
      120,
      115,
      132,
      96,
      164,
      107,
      103,
      95,
      84,
      153,
      68,
      53,
      64,
      71,
      152,
      151,
      34,
      72,
      158,
      65,
      161,
      160,
      66,
      159,
      67,
      76
    ],
    "predicted_full_tsp_length": 943.7374965464255,
    "predicted_tsp_length": 943.7374965464252,
    "seed": 21003,
    "solver": "concorde"
  },
  "validity": "EXPERIMENTAL_FAILURE"
}
