[WARN] [1787282819.192864144]: The root link base_link has an inertia specified in the URDF, but KDL does not support a root link with an inertia.  As a workaround, you can add an extra dummy link to your URDF.
0x55ad520ff820
[INFO] [1787282819.214998705]: Inititialized robot 1, starting to map now.
Create multimapper!!
concorde -s 21001 /tmp/tmpbvli8mtq/problem.tsp
Host: msxg  Current process id: 36939
Using random seed 21001
Number of Nodes: 72
Explicit Lengths (CC_MATRIXNORM)
Set initial upperbound to 8137 (from tour)
ERROR: No dual change in basis finding code
Did not find a basic optimal solution
Fractional matching routine failed
Warning: restarting running timer Miscellaneous
No warmstart, stumbling on anyway
Basic dual change required, but no candidate edges
  LP Value  1: 8125.000000  (0.00 seconds)
  LP Value  2: 8137.000000  (0.01 seconds)
New lower bound: 8137.000000
Final lower bound 8137.000000, upper bound 8137.000000
Exact lower bound: 8137.000000
DIFF: 0.000000
Final LP has 94 rows, 199 columns, 1183 nonzeros
Optimal Solution: 8137.00
Number of bbnodes: 1
Total Running Time: 0.03 (seconds)
[WARN] [1787282820.360563763, 0.400000000]: local_map: Parameter "plugins" not provided, loading pre-Hydro parameters
[INFO] [1787282819.223664233]: Waiting for prior_graph_service ...
[INFO] [1787282819.224273244]: waitForService: Service [/prior_graph_service] has not been advertised, waiting...
[INFO] [1787282819.756092598]: waitForService: Service [/prior_graph_service] is now available.
[INFO] [1787282819.757674842]: Receive response of service prior_graph_service.
[INFO] [1787282819.758256493]: Load prior_map.
[INFO] [1787282819.758275960]: Publishing prior graph......
[INFO] [1787282819.758535411]: Draw prior_map in RVIZ.
[INFO] [1787282819.758540400]: Waiting for path_plan_service ...
[INFO] [1787282819.761220644]: Receive tsp path: 8 7 6 5 4 3 9 15 16 10 11 35 37 20 19 23 29 30 24 25 31 32 26 38 36 12 13 14 18 17 21 22 28 34 33 27
[INFO] [1787282819.761246409]: Receive loop index: 0 0 0 0 0 0 0 0 0 0 0 0 0 0 0 0 0 0 0 0 0 0 0 0 0 0 0 0 0 0 0 0 0 0 0 0
[INFO] [1787282819.761251241]: Waiting for reliable_loop_service ...
[INFO] [1787282819.761682411]: reliable_loop_service is available.
[INFO] [1787282819.761815096]: MyPlanner is initialized and running!!
[INFO] [1787282819.761831130]: Successfully loaded exploration strategy [MyPlanner].
Warning: TF_REPEATED_DATA ignoring data with redundant timestamp for frame odom (parent offset) at time 0.400000 according to authority unknown_publisher
         at line 277 in Warning: /tmp/binarydeb/ros-noetic-tf2-0.7.10/src/buffer_core.cpp
TF_REPEATED_DATA ignoring data with redundant timestamp for frame odom (parent offset) at time 0.400000 according to authority unknown_publisherWarning: 
TF_REPEATED_DATA ignoring data with redundant timestamp for frame offset (parent map) at time 0.400000 according to authority unknown_publisher         at line 
         at line 277277 in [WARN] [1787282820.446757870, 0.400000000]: TF_REPEATED_DATA ignoring data with redundant timestamp for frame odom (parent offset) at time 0.400000 according to authority unknown_publisher
 in /tmp/binarydeb/ros-noetic-tf2-0.7.10/src/buffer_core.cpp/tmp/binarydeb/ros-noetic-tf2-0.7.10/src/buffer_core.cpp

Warning: TF_REPEATED_DATA ignoring data with redundant timestamp for frame offset (parent map) at time 0.400000 according to authority unknown_publisher
         at line 277 in /tmp/binarydeb/ros-noetic-tf2-0.7.10/src/buffer_core.cpp
[WARN] [1787282820.446797522, 0.400000000]: TF_REPEATED_DATA ignoring data with redundant timestamp for frame offset (parent map) at time 0.400000 according to authority unknown_publisher
Warning: TF_REPEATED_DATA ignoring data with redundant timestamp for frame odom (parent offset) at time 0.400000 according to authority unknown_publisher
         at line 277 in /tmp/binarydeb/ros-noetic-tf2-0.7.10/src/buffer_core.cpp
Warning: TF_REPEATED_DATA ignoring data with redundant timestamp for frame offset (parent map) at time 0.400000 according to authority unknown_publisher
         at line 277 in /tmp/binarydeb/ros-noetic-tf2-0.7.10/src/buffer_core.cpp
Warning: TF_REPEATED_DATA ignoring data with redundant timestamp for frame odom (parent offset) at time 0.400000 according to authority unknown_publisher
         at line 277 in /tmp/binarydeb/ros-noetic-tf2-0.7.10/src/buffer_core.cpp
Warning: TF_REPEATED_DATA ignoring data with redundant timestamp for frame offset (parent map) at time 0.400000 according to authority unknown_publisher
         at line 277 in /tmp/binarydeb/ros-noetic-tf2-0.7.10/src/buffer_core.cpp
[WARN] [1787282837.305193823, 17.300000000]: No frontier at vertex 8. #Frontier: 0
[WARN] [1787282850.369711423, 30.400000000]: No frontier at vertex 7. #Frontier: 0
[WARN] [1787282878.386386908, 58.400000000]: No frontier at vertex 6. #Frontier: 0
[WARN] [1787282914.457874033, 94.400000000]: No frontier at vertex 5. #Frontier: 0
[WARN] [1787282943.452584702, 123.400000000]: No frontier at vertex 4. #Frontier: 0
[WARN] [1787282964.539550392, 144.500000000]: No frontier at vertex 3. #Frontier: 0
[WARN] [1787282993.489237547, 173.500000000]: No frontier at vertex 9. #Frontier: 0
[INFO] [1787282828.063694271, 8.100000000]: Navigator is now initialized.
[INFO] [1787282837.302191478, 17.300000000]: Call local replanning...
[INFO] [1787282837.305179098, 17.300000000]: Reach vertex 8
[INFO] [1787282837.305230482, 17.300000000]: Set newGoal 7
[INFO] [1787282838.319076321, 18.300000000]: Call local replanning...
[INFO] [1787282844.338878873, 24.300000000]: Call local replanning...
[INFO] [1787282850.366232637, 30.400000000]: Call local replanning...
[INFO] [1787282850.369688427, 30.400000000]: Reach vertex 7
[INFO] [1787282850.369739790, 30.400000000]: Set newGoal 6
[INFO] [1787282856.375382078, 36.400000000]: Call local replanning...
[INFO] [1787282862.339418405, 42.300000000]: Call local replanning...
[INFO] [1787282868.375751216, 48.400000000]: Call local replanning...
[INFO] [1787282874.360792730, 54.400000000]: Call local replanning...
[INFO] [1787282874.363217067, 54.400000000]: Reach vertex 6
[INFO] [1787282874.364754225, 54.400000000]: Explore Goal 6 's frontiers...
[INFO] [1787282876.419902698, 56.400000000]: Call local replanning...
[INFO] [1787282876.425136911, 56.400000000]: Explore Goal 6 's frontiers...
[INFO] [1787282878.383269514, 58.400000000]: Call local replanning...
[INFO] [1787282878.386414154, 58.400000000]: Set newGoal 5
[INFO] [1787282878.386426117, 58.400000000]: Find middle goal point.
[INFO] [1787282884.430663818, 64.400000000]: Call local replanning...
[INFO] [1787282890.434463405, 70.400000000]: Call local replanning...
[INFO] [1787282896.437018205, 76.400000000]: Call local replanning...
[INFO] [1787282902.438999656, 82.400000000]: Call local replanning...
[INFO] [1787282908.396033452, 88.400000000]: Call local replanning...
[INFO] [1787282908.399204543, 88.400000000]: Reach vertex 5
[INFO] [1787282908.402493582, 88.400000000]: Explore Goal 5 's frontiers...
[INFO] [1787282912.461727288, 92.500000000]: Call local replanning...
[INFO] [1787282912.466561121, 92.500000000]: Explore Goal 5 's frontiers...
[INFO] [1787282914.454748389, 94.400000000]: Call local replanning...
[INFO] [1787282914.457910964, 94.400000000]: Set newGoal 4
[INFO] [1787282920.391523555, 100.400000000]: Call local replanning...
[INFO] [1787282926.405749984, 106.400000000]: Call local replanning...
[INFO] [1787282932.476702406, 112.500000000]: Call local replanning...
[INFO] [1787282938.429480036, 118.400000000]: Call local replanning...
[INFO] [1787282938.432683568, 118.400000000]: Reach vertex 4
[INFO] [1787282938.435420030, 118.400000000]: Explore Goal 4 's frontiers...
[INFO] [1787282943.449789585, 123.400000000]: Call local replanning...
[INFO] [1787282943.452605864, 123.400000000]: Set newGoal 3
[INFO] [1787282949.418319137, 129.400000000]: Call local replanning...
[INFO] [1787282955.511292327, 135.500000000]: Call local replanning...
[INFO] [1787282961.525910187, 141.500000000]: Call local replanning...
[INFO] [1787282961.529384956, 141.500000000]: Reach vertex 3
[INFO] [1787282961.532271160, 141.500000000]: Explore Goal 3 's frontiers...
[INFO] [1787282964.536044776, 144.500000000]: Call local replanning...
[INFO] [1787282964.539587963, 144.500000000]: Set newGoal 9
[INFO] [1787282970.527662141, 150.500000000]: Call local replanning...
[INFO] [1787282976.446740719, 156.400000000]: Call local replanning...
[INFO] [1787282982.562252394, 162.600000000]: Call local replanning...
[INFO] [1787282988.552739513, 168.500000000]: Call local replanning...
[INFO] [1787282988.555225706, 168.500000000]: Reach vertex 9
[INFO] [1787282988.557237388, 168.500000000]: Explore Goal 9 's frontiers...
[INFO] [1787282991.478149418, 171.500000000]: Call local replanning...
[INFO] [1787282991.483435417, 171.500000000]: Explore Goal 9 's frontiers...
[INFO] [1787282993.486749725, 173.500000000]: Call local replanning...
[INFO] [1787282993.489268674, 173.500000000]: Set newGoal 15
[INFO] [1787282993.489278364, 173.500000000]: Find middle goal point.
[INFO] [1787282999.489777141, 179.500000000]: Call local replanning...
[INFO] [1787282999.492554663, 179.500000000]: Find middle goal point.
[INFO] [1787283005.501365991, 185.5/home/wcqw/ac-slam/catkin_ws/src/cpp_solver/world/map3/map3.xml
74.0
True
Drawio scale: 0.10277777777777777
[INFO] [1787282819.686832, 0.000000]: Build prior map with 36 vertices.
[INFO] [1787282819.687464, 0.000000]: Build prior map.
[INFO] [1787282819.691675, 0.000000]: prior_map_save_path: /home/wcqw/ac-slam/catkin_ws/src/cpp_solver/results/prior_map_Phase2_pair01_PriorTSP_seed21001.pickle
Robot position: (-28.0, -28.0)
10: 2225.556520061729,(x, y) = (10.527777777777779, 45.986111111111114)
11: 1243.3435570987656,(x, y) = (10.527777777777779, 33.65277777777778)
Original tsp path is better!
tsp_path VS full_tsp_path:
[8, 7, 6, 5, 4, 3, 9, 15, 16, 10, 11, 35, 37, 20, 19, 23, 29, 30, 24, 25, 31, 32, 26, 38, 36, 12, 13, 14, 18, 17, 21, 22, 28, 34, 33, 27]
[8, 7, 6, 5, 4, 3, 9, 15, 16, 10, 11, 35, 37, 20, 19, 23, 29, 30, 24, 25, 31, 32, 26, 38, 36, 12, 13, 14, 18, 17, 21, 22, 28, 34, 33, 27]
[INFO] [1787282819.748124, 0.000000]: TSP_RECORD {"full_tsp_path": [8, 7, 6, 5, 4, 3, 9, 15, 16, 10, 11, 35, 37, 20, 19, 23, 29, 30, 24, 25, 31, 32, 26, 38, 36, 12, 13, 14, 18, 17, 21, 22, 28, 34, 33, 27], "initial_tsp_path": [8, 7, 6, 5, 4, 3, 9, 15, 16, 10, 11, 35, 37, 20, 19, 23, 29, 30, 24, 25, 31, 32, 26, 38, 36, 12, 13, 14, 18, 17, 21, 22, 28, 34, 33, 27], "predicted_full_tsp_length": 415.222222222222, "predicted_tsp_length": 415.222222222222, "seed": 21001, "solver": "concorde"}
[INFO] [1787282819.748907, 0.000000]: tsp_record_path: /home/wcqw/ac-slam/catkin_ws/src/cpp_solver/results/tsp_record_Phase2_pair01_PriorTSP_seed21001.json
[INFO] [1787282819.749640, 0.000000]: Find initial tsp path.
[INFO] [1787282819.750284, 0.000000]: Find modified curr_path and loop index
[INFO] [1787282819.753867, 0.000000]: g2o_save_path: /home/wcqw/ac-slam/catkin_ws/src/cpp_solver/results/graph_Phase2_pair01_PriorTSP_seed21001.g2o
[INFO] [1787282819.759484, 0.000000]: Replanning request. curr_vertex_idx: 0
[INFO] [1787282819.760295, 0.000000]:                     covered_vertices: ()
[INFO] [1787282820.447188, 0.400000]: Really visited vertices: 
[INFO] [1787282833.084092, 13.100000]: Really visited vertices: 8 
[INFO] [1787282837.303406, 17.300000]: Replanning request. curr_vertex_idx: 0
[INFO] [1787282837.304310, 17.300000]:                     covered_vertices: ()
[INFO] [1787282838.320066, 18.300000]: Replanning request. curr_vertex_idx: 1
[INFO] [1787282838.320836, 18.300000]:                     covered_vertices: ()
[INFO] [1787282844.340021, 24.300000]: Replanning request. curr_vertex_idx: 1
[INFO] [1787282844.340991, 24.300000]:                     covered_vertices: ()
[INFO] [1787282849.685061, 29.700000]: Really visited vertices: 8 7 
[INFO] [1787282850.367632, 30.400000]: Replanning request. curr_vertex_idx: 1
[INFO] [1787282850.368433, 30.400000]:                     covered_vertices: ()
[INFO] [1787282856.189974, 36.200000]: Really visited vertices: 8 7 
[INFO] [1787282856.376530, 36.400000]: Replanning request. curr_vertex_idx: 2
[INFO] [1787282856.377590, 36.400000]:                     covered_vertices: ()
[INFO] [1787282862.340596, 42.300000]: Replanning request. curr_vertex_idx: 2
[INFO] [1787282862.341624, 42.300000]:                     covered_vertices: ()
[INFO] [1787282868.377115, 48.400000]: Replanning request. curr_vertex_idx: 2
[INFO] [1787282868.378287, 48.400000]:                     covered_vertices: ()
[INFO] [1787282874.361684, 54.400000]: Replanning request. curr_vertex_idx: 2
[INFO] [1787282874.362433, 54.400000]:                     covered_vertices: ()
[INFO] [1787282876.421097, 56.400000]: Replanning request. curr_vertex_idx: 2
[INFO] [1787282876.422067, 56.400000]:                     covered_vertices: ()
[INFO] [1787282878.384402, 58.400000]: Replanning request. curr_vertex_idx: 2
[INFO] [1787282878.385393, 58.400000]:                     covered_vertices: ()
[INFO] [1787282884.431823, 64.400000]: Replanning request. curr_vertex_idx: 3
[INFO] [1787282884.432662, 64.400000]:                     covered_vertices: ()
[INFO] [1787282890.435601, 70.400000]: Replanning request. curr_vertex_idx: 3
[INFO] [1787282890.436612, 70.400000]:                     covered_vertices: ()
[INFO] [1787282896.438374, 76.400000]: Replanning request. curr_vertex_idx: 3
[INFO] [1787282896.439422, 76.400000]:                     covered_vertices: ()
[INFO] [1787282902.440399, 82.400000]: Replanning request. curr_vertex_idx: 3
[INFO] [1787282902.441538, 82.400000]:                     covered_vertices: ()
[INFO] [1787282908.397277, 88.400000]: Replanning request. curr_vertex_idx: 3
[INFO] [1787282908.398251, 88.400000]:                     covered_vertices: ()
[INFO] [1787282912.462687, 92.500000]: Replanning request. curr_vertex_idx: 3
[INFO] [1787282912.463537, 92.500000]:                     covered_vertices: ()
[INFO] [1787282914.456038, 94.400000]: Replanning request. curr_vertex_idx: 3
[INFO] [1787282914.456918, 94.400000]:                     covered_vertices: ()
[INFO] [1787282920.211490, 100.200000]: Really visited vertices: 8 7 6 5 
[INFO] [1787282920.392666, 100.400000]: Replanning request. curr_vertex_idx: 4
[INFO] [1787282920.393468, 100.400000]:                     covered_vertices: ()
[INFO] [1787282925.791765, 105.800000]: Really visited vertices: 8 7 6 5 
[INFO] [1787282926.406933, 106.400000]: Replanning request. curr_vertex_idx: 4
[INFO] [1787282926.407848, 106.400000]:                     covered_vertices: ()
[INFO] [1787282932.477881, 112.500000]: Replanning request. curr_vertex_idx: 4
[INFO] [1787282932.478854, 112.500000]:                     covered_vertices: ()
[INFO] [1787282938.430701, 118.400000]: Replanning request. curr_vertex_idx: 4
[INFO] [1787282938.431604, 118.400000]:                     covered_vertices: ()
[INFO] [1787282943.450944, 123.400000]: Replanning request. curr_vertex_idx: 4
[INFO] [1787282943.451774, 123.400000]:                     covered_vertices: ()
[INFO] [1787282949.208863, 129.200000]: Really visited vertices: 8 7 6 5 4 
[INFO] [1787282949.419626, 129.400000]: Replanning request. curr_vertex_idx: 5
[INFO] [1787282949.420489, 129.400000]:                     covered_vertices: ()
[INFO] [1787282954.430264, 134.400000]: Really visited vertices: 8 7 6 5 4 
[INFO] [1787282955.512581, 135.500000]: Replanning request. curr_vertex_idx: 5
[INFO] [1787282955.513611, 135.500000]:                     covered_vertices: ()
[INFO] [1787282961.032115, 141.000000]: Really visited vertices: 8 7 6 5 4 
[INFO] [1787282961.527199, 141.500000]: Replanning request. curr_vertex_idx: 5
[INFO] [1787282961.528311, 141.500000]:                     covered_vertices: ()
[INFO] [1787282964.537231, 144.500000]: Replanning request. curr_vertex_idx: 5
[INFO] [1787282964.538493, 144.500000]:                     covered_vertices: ()
[INFO] [1787282970.115523, 150.100000]: Really visited vertices: 8 7 6 5 4 3 
[INFO] [1787282970.528720, 150.500000]: Replanning request. curr_vertex_idx: 6
[INFO] [1787282970.529594, 150.500000]:                     covered_vertices: ()
[INFO] [1787282975.310596, 155.300000]: Really visited vertices: 8 7 6 5 4 3 
[INFO] [1787282976.447904, 156.400000]: Replanning request. curr_vertex_idx: 6
[INFO] [1787282976.449391, 156.400000]:                     covered_vertices: ()
[INFO] [1787282982.563421, 162.600000]: Replanning request. curr_vertex_idx: 6
[INFO] [1787282982.564246, 162.600000]:                     covered_vertices: ()
[INFO] [1787282988.553820, 168.500000]: Replanning request. curr_vertex_idx: 6
[INFO] [1787282988.554537, 168.500000]:                     covered_vertices: ()
[INFO] [1787282991.479255, 171.500000]: Replanning request. curr_vertex_idx: 6
[INFO] [1787282991.480337, 171.500000]:                     covered_vertices: ()
[INFO] [1787282993.487763, 173.500000]: Replanning request. curr_vertex_idx: 6
[INFO] [1787282993.488489, 173.500000]:                     covered_vertices: ()
[INFO] [1787282999.490962, 179.500000]: Replanning request. curr_vertex_idx: 7
[INFO] [1787282999.491756, 179.500000]:                     covered_vertices: ()
[INFO] [1787283005.502489, 185.500000]: Replanning request. curr_vertex_idx: 7
[WARN] [1787283033.625005034, 213.600000000]: No frontier at vertex 15. #Frontier: 0
[WARN] [1787283069.666488754, 249.700000000]: No frontier at vertex 16. #Frontier: 0
[WARN] [1787283105.691093710, 285.700000000]: No frontier at vertex 35. #Frontier: 0
[WARN] [1787283200.715257097, 380.700000000]: No frontier at vertex 19. #Frontier: 0
[WARN] [1787283212.615243172, 392.600000000]: No frontier at vertex 23. #Frontier: 0
00000000]: Call local replanning...
[INFO] [1787283011.459526696, 191.500000000]: Call local replanning...
[INFO] [1787283017.488233664, 197.500000000]: Call local replanning...
[INFO] [1787283023.484565458, 203.500000000]: Call local replanning...
[INFO] [1787283029.510329659, 209.500000000]: Call local replanning...
[INFO] [1787283029.513394995, 209.500000000]: Reach vertex 15
[INFO] [1787283029.516321806, 209.500000000]: Explore Goal 15 's frontiers...
[INFO] [1787283033.621974644, 213.600000000]: Call local replanning...
[INFO] [1787283033.625050221, 213.600000000]: Set newGoal 16
[INFO] [1787283039.526361367, 219.500000000]: Call local replanning...
[INFO] [1787283045.677024085, 225.700000000]: Call local replanning...
[INFO] [1787283051.589558250, 231.600000000]: Call local replanning...
[INFO] [1787283057.562660209, 237.600000000]: Call local replanning...
[INFO] [1787283063.507129447, 243.500000000]: Call local replanning...
[INFO] [1787283063.510063197, 243.500000000]: Reach vertex 16
[INFO] [1787283063.521465880, 243.500000000]: Explore Goal 16 's frontiers...
[INFO] [1787283069.663251986, 249.700000000]: Call local replanning...
[INFO] [1787283069.666537014, 249.700000000]: Skip repeated visit to vertex 10
[INFO] [1787283069.666548936, 249.700000000]: Set newGoal 11
[INFO] [1787283075.558979102, 255.500000000]: Call local replanning...
[INFO] [1787283081.526820079, 261.500000000]: Call local replanning...
[INFO] [1787283087.653613598, 267.600000000]: Call local replanning...
[INFO] [1787283093.533333928, 273.500000000]: Call local replanning...
[INFO] [1787283099.578835809, 279.600000000]: Call local replanning...
[INFO] [1787283099.581794476, 279.600000000]: Skip currGoal 11 that has no frontier and seen by robot
[INFO] [1787283099.581817328, 279.600000000]: Set newGoal 35
[INFO] [1787283105.687876026, 285.700000000]: Call local replanning...
[INFO] [1787283105.691073922, 285.700000000]: Reach vertex 35
[INFO] [1787283105.691125630, 285.700000000]: Set newGoal 37
[INFO] [1787283111.746381263, 291.700000000]: Call local replanning...
[INFO] [1787283117.551618387, 297.500000000]: Call local replanning...
[INFO] [1787283123.748425494, 303.700000000]: Call local replanning...
[INFO] [1787283129.642910943, 309.600000000]: Call local replanning...
[INFO] [1787283135.798144990, 315.800000000]: Call local replanning...
[INFO] [1787283141.570103745, 321.600000000]: Call local replanning...
[INFO] [1787283147.600649116, 327.600000000]: Call local replanning...
[INFO] [1787283147.603913764, 327.600000000]: Skip currGoal 37 that has no frontier and seen by robot
[INFO] [1787283147.603934551, 327.600000000]: Set newGoal 20
[INFO] [1787283153.578040219, 333.600000000]: Call local replanning...
[INFO] [1787283159.668551755, 339.700000000]: Call local replanning...
[INFO] [1787283165.594151111, 345.600000000]: Call local replanning...
[INFO] [1787283171.777952991, 351.800000000]: Call local replanning...
[INFO] [1787283177.622949755, 357.600000000]: Call local replanning...
[INFO] [1787283177.626843907, 357.600000000]: Skip currGoal 20 that has no frontier and seen by robot
[INFO] [1787283177.626865096, 357.600000000]: Set newGoal 19
[INFO] [1787283183.599861041, 363.600000000]: Call local replanning...
[INFO] [1787283189.772142870, 369.800000000]: Call local replanning...
[INFO] [1787283195.601599835, 375.600000000]: Call local replanning...
[INFO] [1787283200.712046923, 380.700000000]: Call local replanning...
[INFO] [1787283200.715235839, 380.700000000]: Reach vertex 19
[INFO] [1787283200.715284571, 380.700000000]: Set newGoal 23
[INFO] [1787283206.774970970, 386.800000000]: Call local replanning...
[INFO] [1787283212.612117068, 392.600000000]: Call local replanning...
[INFO] [1787283212.615231063, 392.600000000]: Reach vertex 23
[INFO] [1787283212.615267288, 392.600000000]: Set newGoal 29
[INFO] [1787283218.775390566, 398.800000000]: Call local replanning...
[INFO] [1787283224.626008310, 404.600000000]: Call local replanning...
[INFO] [1787283230.792734691, 410.800000000]: Call local replanning...
[INFO] [1787283230.7961[WARN] [1787283230.796213505, 410.800000000]: No frontier at vertex 29. #Frontier: 0
[INFO] [1787283005.503168, 185.500000]:                     covered_vertices: ()
[INFO] [1787283011.108043, 191.100000]: Really visited vertices: 8 7 6 5 4 3 9 
[INFO] [1787283011.460571, 191.500000]: Replanning request. curr_vertex_idx: 7
[INFO] [1787283011.461274, 191.500000]:                     covered_vertices: ()
[INFO] [1787283017.489448, 197.500000]: Replanning request. curr_vertex_idx: 7
[INFO] [1787283017.490180, 197.500000]:                     covered_vertices: ()
[INFO] [1787283022.652537, 202.600000]: Really visited vertices: 8 7 6 5 4 3 9 
[INFO] [1787283023.485893, 203.500000]: Replanning request. curr_vertex_idx: 7
[INFO] [1787283023.486707, 203.500000]:                     covered_vertices: ()
[INFO] [1787283029.511553, 209.500000]: Replanning request. curr_vertex_idx: 7
[INFO] [1787283029.512366, 209.500000]:                     covered_vertices: ()
[INFO] [1787283033.623179, 213.600000]: Replanning request. curr_vertex_idx: 7
[INFO] [1787283033.623970, 213.600000]:                     covered_vertices: ()
[INFO] [1787283039.527649, 219.500000]: Replanning request. curr_vertex_idx: 8
[INFO] [1787283039.528449, 219.500000]:                     covered_vertices: ()
[INFO] [1787283045.678216, 225.700000]: Replanning request. curr_vertex_idx: 8
[INFO] [1787283045.679152, 225.700000]:                     covered_vertices: ()
[INFO] [1787283051.252485, 231.200000]: Really visited vertices: 8 7 6 5 4 3 9 15 
[INFO] [1787283051.590667, 231.600000]: Replanning request. curr_vertex_idx: 8
[INFO] [1787283051.591415, 231.600000]:                     covered_vertices: ()
[INFO] [1787283057.563560, 237.600000]: Replanning request. curr_vertex_idx: 8
[INFO] [1787283057.564329, 237.600000]:                     covered_vertices: ()
[INFO] [1787283062.423838, 242.400000]: Really visited vertices: 8 7 6 5 4 3 9 15 
[INFO] [1787283063.508395, 243.500000]: Replanning request. curr_vertex_idx: 8
[INFO] [1787283063.509273, 243.500000]:                     covered_vertices: ()
[INFO] [1787283069.664380, 249.700000]: Replanning request. curr_vertex_idx: 8
[INFO] [1787283069.665421, 249.700000]:                     covered_vertices: ()
[INFO] [1787283075.560006, 255.600000]: Replanning request. curr_vertex_idx: 10
[INFO] [1787283075.561166, 255.600000]:                     covered_vertices: ()
[INFO] [1787283080.711922, 260.700000]: Really visited vertices: 8 7 6 5 4 3 9 15 16 
[INFO] [1787283081.527970, 261.500000]: Replanning request. curr_vertex_idx: 10
[INFO] [1787283081.528995, 261.500000]:                     covered_vertices: ()
[INFO] [1787283086.620215, 266.600000]: Really visited vertices: 8 7 6 5 4 3 9 15 16 
[INFO] [1787283087.655021, 267.600000]: Replanning request. curr_vertex_idx: 10
[INFO] [1787283087.655871, 267.600000]:                     covered_vertices: ()
[INFO] [1787283092.825756, 272.800000]: Really visited vertices: 8 7 6 5 4 3 9 15 16 
[INFO] [1787283093.534583, 273.500000]: Replanning request. curr_vertex_idx: 10
[INFO] [1787283093.535589, 273.500000]:                     covered_vertices: ()
[INFO] [1787283099.580106, 279.600000]: Replanning request. curr_vertex_idx: 10
[INFO] [1787283099.580999, 279.600000]:                     covered_vertices: ()
[INFO] [1787283104.519491, 284.500000]: Really visited vertices: 8 7 6 5 4 3 9 15 16 35 
[INFO] [1787283105.689214, 285.700000]: Replanning request. curr_vertex_idx: 11
[INFO] [1787283105.690133, 285.700000]:                     covered_vertices: ()
[INFO] [1787283111.747630, 291.700000]: Replanning request. curr_vertex_idx: 12
[INFO] [1787283111.748555, 291.700000]:                     covered_vertices: ()
[INFO] [1787283116.471174, 296.500000]: Really visited vertices: 8 7 6 5 4 3 9 15 16 35 
[INFO] [1787283117.552644, 297.500000]: Replanning request. curr_vertex_idx: 12
[INFO] [1787283117.553497, 297.500000]:                     covered_vertices: ()
[INFO] [1787283123.749716, 303.700000]: Replanning request. curr_vertex_idx: 12
[INFO] [1787283123.750565, 303.700000]:                     covered_vertices: ()
[INFO] [1787283129.644312, 309.600000]: Replanning request. curr_vertex_idx: 12
[INFO] [1787283129.645191, 309.600000]:                     covered_vertices: ()
[INFO] [1787283135.799388, 315.800000]: Replanning request. curr_vertex_idx: 12
[INFO] [1787283135.800234, 315.800000]:                     covered_vertices: ()
[INFO] [1787283140.726722, 320.700000]: Really visited vertices: 8 7 6 5 4 3 9 15 16 35 
[INFO] [1787283141.571155, 321.600000]: Replanning request. curr_vertex_idx: 12
[INFO] [1787283141.572016, 321.600000]:                     covered_vertices: ()
[INFO] [1787283147.601977, 327.600000]: Replanning request. curr_vertex_idx: 12
[INFO] [1787283147.602873, 327.600000]:                     covered_vertices: ()
[INFO] [1787283152.572756, 332.600000]: Really visited vertices: 8 7 6 5 4 3 9 15 16 35 37 
[INFO] [1787283153.579233, 333.600000]: Replanning request. curr_vertex_idx: 13
[INFO] [1787283153.579952, 333.600000]:                     covered_vertices: ()
[INFO] [1787283159.669941, 339.700000]: Replanning request. curr_vertex_idx: 13
[INFO] [1787283159.670791, 339.700000]:                     covered_vertices: ()
[INFO] [1787283165.075011, 345.100000]: Really visited vertices: 8 7 6 5 4 3 9 15 16 35 37 
[INFO] [1787283165.595213, 345.600000]: Replanning request. curr_vertex_idx: 13
[INFO] [1787283165.596163, 345.600000]:                     covered_vertices: ()
[INFO] [1787283171.779188, 351.800000]: Replanning request. curr_vertex_idx: 13
[INFO] [1787283171.780477, 351.800000]:                     covered_vertices: ()
[INFO] [1787283177.624235, 357.600000]: Replanning request. curr_vertex_idx: 13
[INFO] [1787283177.625370, 357.600000]:                     covered_vertices: ()
[INFO] [1787283182.532053, 362.500000]: Really visited vertices: 8 7 6 5 4 3 9 15 16 35 37 20 
[INFO] [1787283183.601072, 363.600000]: Replanning request. curr_vertex_idx: 14
[INFO] [1787283183.601770, 363.600000]:                     covered_vertices: ()
[INFO] [1787283189.033836, 369.000000]: Really visited vertices: 8 7 6 5 4 3 9 15 16 35 37 20 
[INFO] [1787283189.773616, 369.800000]: Replanning request. curr_vertex_idx: 14
[INFO] [1787283189.774843, 369.800000]:                     covered_vertices: ()
[INFO] [1787283194.484390, 374.500000]: Really visited vertices: 8 7 6 5 4 3 9 15 16 35 37 20 
[INFO] [1787283195.602948, 375.600000]: Replanning request. curr_vertex_idx: 14
[INFO] [1787283195.604062, 375.600000]:                     covered_vertices: ()
[INFO] [1787283200.713357, 380.700000]: Replanning request. curr_vertex_idx: 14
[INFO] [1787283200.714398, 380.700000]:                     covered_vertices: ()
[INFO] [1787283206.131472, 386.100000]: Really visited vertices: 8 7 6 5 4 3 9 15 16 35 37 20 19 
[INFO] [1787283206.776182, 386.800000]: Replanning request. curr_vertex_idx: 15
[INFO] [1787283206.777014, 386.800000]:                     covered_vertices: ()
[INFO] [1787283212.140950, 392.100000]: Really visited vertices: 8 7 6 5 4 3 9 15 16 35 37 20 19 
[INFO] [1787283212.613227, 392.600000]: Replanning request. curr_vertex_idx: 15
[INFO] [1787283212.614357, 392.600000]:                     covered_vertices: ()
[INFO] [1787283217.536016, 397.500000]: Really visited vertices: 8 7 6 5 4 3 9 15 16 35 37 20 19 23 
[INFO] [1787283218.776338, 398.800000]: Replanning request. curr_vertex_idx: 16
[INFO] [1787283218.777368, 398.800000]:                     covered_vertices: ()
[INFO] [1787283224.138541, 404.100000]: Really visited vertices: 8 7 6 5 4 3 9 15 16 35 37 20 19 23 
[INFO] [1787283224.627211, 404.600000]: Replanning request. curr_vertex_idx: 16
[INFO] [1787283224.628247, 404.600000]:                     covered_vertices: ()
[INFO] [1787283229.425713, 409.400000]: Really visited vertices: 8 7 6 5 4 3 9 15 16 35 37 20 19 23 
[INFO] [1787283230.793936, 410.800000]: Replanning request. curr_vertex_idx: 16
[INFO] [1787283230.795105, 410.800000]:                     covered_vertices: ()
[INFO] [1787283236.740094, 416.700000]: Replanning request. curr_vertex_idx: 17
[INFO] [1787283236.741166, 416.700000]:                     covered_vertices: ()
[WARN] [1787283251.792615829, 431.800000000]: No frontier at vertex 30. #Frontier: 0
[WARN] [1787283318.942717090, 498.900000000]: No frontier at vertex 25. #Frontier: 0
[WARN] [1787283342.889382617, 522.900000000]: No frontier at vertex 32. #Frontier: 0
[WARN] [1787283420.815460462, 600.800000000]: No frontier at vertex 38. #Frontier: 0
57890, 410.800000000]: Reach vertex 29
[INFO] [1787283230.796243370, 410.800000000]: Set newGoal 30
[INFO] [1787283236.739071905, 416.700000000]: Call local replanning...
[INFO] [1787283242.913766198, 422.900000000]: Call local replanning...
[INFO] [1787283248.750049908, 428.700000000]: Call local replanning...
[INFO] [1787283248.753247530, 428.700000000]: Reach vertex 30
[INFO] [1787283248.755748222, 428.700000000]: Explore Goal 30 's frontiers...
[INFO] [1787283251.789443102, 431.800000000]: Call local replanning...
[INFO] [1787283251.792657084, 431.800000000]: Set newGoal 24
[INFO] [1787283257.792242639, 437.800000000]: Call local replanning...
[INFO] [1787283257.795493735, 437.800000000]: Skip currGoal 24 that has no frontier and seen by robot
[INFO] [1787283257.795516935, 437.800000000]: Set newGoal 25
[INFO] [1787283263.666815766, 443.700000000]: Call local replanning...
[INFO] [1787283269.823356761, 449.800000000]: Call local replanning...
[INFO] [1787283275.705576037, 455.700000000]: Call local replanning...
[INFO] [1787283281.819675521, 461.800000000]: Call local replanning...
[INFO] [1787283287.835214706, 467.800000000]: Call local replanning...
[INFO] [1787283293.666993094, 473.700000000]: Call local replanning...
[INFO] [1787283293.669940216, 473.700000000]: Reach vertex 25
[INFO] [1787283293.684779384, 473.700000000]: Explore Goal 25 's frontiers...
[INFO] [1787283299.910134988, 479.900000000]: Call local replanning...
[INFO] [1787283299.927684899, 479.900000000]: Explore Goal 25 's frontiers...
[INFO] [1787283305.863085042, 485.900000000]: Call local replanning...
[INFO] [1787283305.874642673, 485.900000000]: Explore Goal 25 's frontiers...
[INFO] [1787283311.912008024, 491.900000000]: Call local replanning...
[INFO] [1787283311.920118092, 491.900000000]: Explore Goal 25 's frontiers...
[INFO] [1787283316.981088759, 497.000000000]: Call local replanning...
[INFO] [1787283316.987258670, 497.000000000]: Explore Goal 25 's frontiers...
[INFO] [1787283318.939320915, 498.900000000]: Call local replanning...
[INFO] [1787283318.942768745, 498.900000000]: Skip repeated visit to vertex 31
[INFO] [1787283318.942784643, 498.900000000]: Set newGoal 32
[INFO] [1787283324.937396785, 504.900000000]: Call local replanning...
[INFO] [1787283330.921157647, 510.900000000]: Call local replanning...
[INFO] [1787283336.775985195, 516.800000000]: Call local replanning...
[INFO] [1787283336.779384935, 516.800000000]: Reach vertex 32
[INFO] [1787283336.788072369, 516.800000000]: Explore Goal 32 's frontiers...
[INFO] [1787283342.886383884, 522.900000000]: Call local replanning...
[INFO] [1787283342.889424110, 522.900000000]: Skip repeated visit to vertex 26
[INFO] [1787283342.889435320, 522.900000000]: Set newGoal 38
[INFO] [1787283348.730903478, 528.700000000]: Call local replanning...
[INFO] [1787283354.887562280, 534.900000000]: Call local replanning...
[INFO] [1787283360.848636339, 540.800000000]: Call local replanning...
[INFO] [1787283366.849428982, 546.800000000]: Call local replanning...
[INFO] [1787283372.767249444, 552.800000000]: Call local replanning...
[INFO] [1787283378.995606247, 559.000000000]: Call local replanning...
[INFO] [1787283384.975897570, 565.000000000]: Call local replanning...
[INFO] [1787283390.782091517, 570.800000000]: Call local replanning...
[INFO] [1787283396.982930167, 577.000000000]: Call local replanning...
[INFO] [1787283402.837180566, 582.800000000]: Call local replanning...
[INFO] [1787283408.715930291, 588.700000000]: Call local replanning...
[INFO] [1787283408.719153923, 588.700000000]: Reach vertex 38
[INFO] [1787283408.726563979, 588.700000000]: Explore Goal 38 's frontiers...
[INFO] [1787283414.803396798, 594.800000000]: Call local replanning...
[INFO] [1787283414.814698831, 594.800000000]: Explore Goal 38 's frontiers...
[INFO] [1787283420.812494159, 600.800000000]: Call local replanning...
[INFO] [1787283420.815495239, 600.800000000]: Set newGoal 36
[INFO] [1787283426.715880523, 606.700000000]: Call local replanning...
[INFO] [1787283432.879407482, 612.900000000]: Call local replanning[INFO] [1787283242.914972, 422.900000]: Replanning request. curr_vertex_idx: 17
[INFO] [1787283242.916091, 422.900000]:                     covered_vertices: ()
[INFO] [1787283248.751240, 428.700000]: Replanning request. curr_vertex_idx: 17
[INFO] [1787283248.752290, 428.700000]:                     covered_vertices: ()
[INFO] [1787283251.790402, 431.800000]: Replanning request. curr_vertex_idx: 17
[INFO] [1787283251.791532, 431.800000]:                     covered_vertices: ()
[INFO] [1787283256.599057, 436.600000]: Really visited vertices: 8 7 6 5 4 3 9 15 16 35 37 20 19 23 29 30 
[INFO] [1787283257.793196, 437.800000]: Replanning request. curr_vertex_idx: 18
[INFO] [1787283257.794285, 437.800000]:                     covered_vertices: ()
[INFO] [1787283262.749040, 442.700000]: Really visited vertices: 8 7 6 5 4 3 9 15 16 35 37 20 19 23 29 30 
[INFO] [1787283263.667920, 443.700000]: Replanning request. curr_vertex_idx: 19
[INFO] [1787283263.668961, 443.700000]:                     covered_vertices: ()
[INFO] [1787283268.756849, 448.700000]: Really visited vertices: 8 7 6 5 4 3 9 15 16 35 37 20 19 23 29 30 
[INFO] [1787283269.824615, 449.800000]: Replanning request. curr_vertex_idx: 19
[INFO] [1787283269.825686, 449.800000]:                     covered_vertices: ()
[INFO] [1787283275.706754, 455.700000]: Replanning request. curr_vertex_idx: 19
[INFO] [1787283275.707797, 455.700000]:                     covered_vertices: ()
[INFO] [1787283280.605648, 460.600000]: Really visited vertices: 8 7 6 5 4 3 9 15 16 35 37 20 19 23 29 30 
[INFO] [1787283281.820955, 461.800000]: Replanning request. curr_vertex_idx: 19
[INFO] [1787283281.822037, 461.800000]:                     covered_vertices: ()
[INFO] [1787283286.808246, 466.800000]: Really visited vertices: 8 7 6 5 4 3 9 15 16 35 37 20 19 23 29 30 
[INFO] [1787283287.836405, 467.800000]: Replanning request. curr_vertex_idx: 19
[INFO] [1787283287.837559, 467.800000]:                     covered_vertices: ()
[INFO] [1787283292.340586, 472.300000]: Really visited vertices: 8 7 6 5 4 3 9 15 16 35 37 20 19 23 29 30 25 
[INFO] [1787283293.667984, 473.700000]: Replanning request. curr_vertex_idx: 19
[INFO] [1787283293.668912, 473.700000]:                     covered_vertices: ()
[INFO] [1787283299.911312, 479.900000]: Replanning request. curr_vertex_idx: 19
[INFO] [1787283299.912282, 479.900000]:                     covered_vertices: ()
[INFO] [1787283304.650655, 484.600000]: Really visited vertices: 8 7 6 5 4 3 9 15 16 35 37 20 19 23 29 30 25 
[INFO] [1787283305.864132, 485.900000]: Replanning request. curr_vertex_idx: 19
[INFO] [1787283305.865133, 485.900000]:                     covered_vertices: ()
[INFO] [1787283311.913146, 491.900000]: Replanning request. curr_vertex_idx: 19
[INFO] [1787283311.914240, 491.900000]:                     covered_vertices: ()
[INFO] [1787283316.982280, 497.000000]: Replanning request. curr_vertex_idx: 19
[INFO] [1787283316.983346, 497.000000]:                     covered_vertices: ()
[INFO] [1787283318.940413, 498.900000]: Replanning request. curr_vertex_idx: 19
[INFO] [1787283318.941551, 498.900000]:                     covered_vertices: ()
[INFO] [1787283324.938674, 504.900000]: Replanning request. curr_vertex_idx: 21
[INFO] [1787283324.939704, 504.900000]:                     covered_vertices: ()
[INFO] [1787283329.754788, 509.700000]: Really visited vertices: 8 7 6 5 4 3 9 15 16 35 37 20 19 23 29 30 25 26 
[INFO] [1787283330.922324, 510.900000]: Replanning request. curr_vertex_idx: 21
[INFO] [1787283330.923223, 510.900000]:                     covered_vertices: ()
[INFO] [1787283336.777255, 516.800000]: Replanning request. curr_vertex_idx: 21
[INFO] [1787283336.778186, 516.800000]:                     covered_vertices: ()
[INFO] [1787283341.538815, 521.500000]: Really visited vertices: 8 7 6 5 4 3 9 15 16 35 37 20 19 23 29 30 25 26 32 
[INFO] [1787283342.887554, 522.900000]: Replanning request. curr_vertex_idx: 21
[INFO] [1787283342.888306, 522.900000]:                     covered_vertices: ()
[INFO] [1787283347.860614, 527.900000]: Really visited vertices: 8 7 6 5 4 3 9 15 16 35 37 20 19 23 29 30 25 26 32 
[INFO] [1787283348.732034, 528.700000]: Replanning request. curr_vertex_idx: 23
[INFO] [1787283348.732855, 528.700000]:                     covered_vertices: ()
[INFO] [1787283353.870540, 533.900000]: Really visited vertices: 8 7 6 5 4 3 9 15 16 35 37 20 19 23 29 30 25 26 32 
[INFO] [1787283354.888847, 534.900000]: Replanning request. curr_vertex_idx: 23
[INFO] [1787283354.889755, 534.900000]:                     covered_vertices: ()
[INFO] [1787283360.849957, 540.800000]: Replanning request. curr_vertex_idx: 23
[INFO] [1787283360.850957, 540.800000]:                     covered_vertices: ()
[INFO] [1787283366.850550, 546.800000]: Replanning request. curr_vertex_idx: 23
[INFO] [1787283366.851435, 546.800000]:                     covered_vertices: ()
[INFO] [1787283372.768309, 552.800000]: Replanning request. curr_vertex_idx: 23
[INFO] [1787283372.769367, 552.800000]:                     covered_vertices: ()
[INFO] [1787283378.996737, 559.000000]: Replanning request. curr_vertex_idx: 23
[INFO] [1787283378.997653, 559.000000]:                     covered_vertices: ()
[INFO] [1787283384.977015, 565.000000]: Replanning request. curr_vertex_idx: 23
[INFO] [1787283384.977926, 565.000000]:                     covered_vertices: ()
[INFO] [1787283390.783010, 570.800000]: Replanning request. curr_vertex_idx: 23
[INFO] [1787283390.783853, 570.800000]:                     covered_vertices: ()
[INFO] [1787283396.984252, 577.000000]: Replanning request. curr_vertex_idx: 23
[INFO] [1787283396.985164, 577.000000]:                     covered_vertices: ()
[INFO] [1787283402.838423, 582.800000]: Replanning request. curr_vertex_idx: 23
[INFO] [1787283402.839351, 582.800000]:                     covered_vertices: ()
[INFO] [1787283407.969417, 588.000000]: Really visited vertices: 8 7 6 5 4 3 9 15 16 35 37 20 19 23 29 30 25 26 32 26 
[INFO] [1787283408.716985, 588.700000]: Replanning request. curr_vertex_idx: 23
[INFO] [1787283408.718132, 588.700000]:                     covered_vertices: ()
[INFO] [1787283414.804471, 594.800000]: Replanning request. curr_vertex_idx: 23
[INFO] [1787283414.805323, 594.800000]:                     covered_vertices: ()
[INFO] [1787283420.813607, 600.800000]: Replanning request. curr_vertex_idx: 23
[INFO] [1787283420.814560, 600.800000]:                     covered_vertices: ()
[INFO] [1787283425.979901, 606.000000]: Really visited vertices: 8 7 6 5 4 3 9 15 16 35 37 20 19 23 29 30 25 26 32 26 38 
[INFO] [1787283426.717160, 606.700000]: Replanning request. curr_vertex_idx: 24
[INFO] [1787283426.717849, 606.700000]:                     covered_vertices: ()
[INFO] [1787283432.880591, 612.900000]: Replanning request. curr_vertex_idx: 24
[INFO] [1787283432.881574, 612.900000]:                     covered_vertices: ()
[INFO] [1787283437.875035, 617.900000]: Really visited vertices: 8 7 6 5 4 3 9 15 16 35 37 20 19 23 29 30 25 26 32 26 38 
[INFO] [1787283438.734440, 618.700000]: Replanning request. curr_vertex_idx: 24
[INFO] [1787283438.735328, 618.700000]:                     covered_vertices: ()
[INFO] [1787283444.805400, 624.800000]: Replanning request. curr_vertex_idx: 24
[INFO] [1787283444.806304, 624.800000]:                     covered_vertices: ()
[INFO] [1787283450.875509, 630.900000]: Replanning request. curr_vertex_idx: 24
[INFO] [1787283450.876386, 630.900000]:                     covered_vertices: ()
[INFO] [1787283457.001094, 637.000000]: Replanning request. curr_vertex_idx: 24
[INFO] [1787283457.002004, 637.000000]:                     covered_vertices: ()
[INFO] [1787283463.083864, 643.100000]: Replanning request. curr_vertex_idx: 24
[INFO] [1787283463.084650, 643.100000]:                     covered_vertices: ()
[INFO] [1787283468.266447, 648.300000]: Really visited vertices: 8 7 6 5 4 3 9 15 16 35 37 20 19 23 29 30 25 26 32 26 38 36 
[INFO] [1787283468.990064, 649.000000]: Replanning request. curr_vertex_idx: 24
[INFO] [1787283468.990986, 649.000000]:                     covered_vertices: ()
[WARN] [1787283480.851116336, 660.800000000]: No frontier at vertex 36. #Frontier: 0
[WARN] [1787283504.765658760, 684.800000000]: No frontier at vertex 12. #Frontier: 0
[WARN] [1787283522.735074746, 702.700000000]: No frontier at vertex 13. #Frontier: 0
[WARN] [1787283534.737344095, 714.700000000]: No frontier at vertex 14. #Frontier: 0
Warning: Warning: TF_REPEATED_DATA ignoring data with redundant timestamp for frame odom (parent offset) at time 720.500000 according to authority unknown_publisherTF_REPEATED_DATA ignoring data with redundant timestamp for frame odom (parent offset) at time 720.500000 according to authority unknown_publisher

         at line          at line 277 in 277/tmp/binarydeb/ros-noetic-tf2-0.7.10/src/buffer_core.cpp in 
/tmp/binarydeb/ros-noetic-tf2-0.7.10/src/buffer_core.cpp
Warning: TF_REPEATED_DATA ignoring data with redundant timestamp for frame offset (parent map) at time 720.500000 according to authority unknown_publisher...
[INFO] [1787283438.733189109, 618.700000000]: Call local replanning...
[INFO] [1787283444.804149779, 624.800000000]: Call local replanning...
[INFO] [1787283450.874376435, 630.900000000]: Call local replanning...
[INFO] [1787283456.999751198, 637.000000000]: Call local replanning...
[INFO] [1787283457.002887655, 637.000000000]: Reach vertex 36
[INFO] [1787283457.009650640, 637.000000000]: Explore Goal 36 's frontiers...
[INFO] [1787283463.082673566, 643.100000000]: Call local replanning...
[INFO] [1787283463.094601519, 643.100000000]: Explore Goal 36 's frontiers...
[INFO] [1787283468.988804720, 649.000000000]: Call local replanning...
[INFO] [1787283469.009019231, 649.000000000]: Explore Goal 36 's frontiers...
[INFO] [1787283474.814965305, 654.800000000]: Call local replanning...
[INFO] [1787283474.826207678, 654.800000000]: Explore Goal 36 's frontiers...
[INFO] [1787283480.848455441, 660.800000000]: Call local replanning...
[INFO] [1787283480.851149240, 660.800000000]: Set newGoal 12
[INFO] [1787283486.727610767, 666.700000000]: Call local replanning...
[INFO] [1787283492.896771609, 672.900000000]: Call local replanning...
[INFO] [1787283498.948241810, 678.900000000]: Call local replanning...
[INFO] [1787283504.762976590, 684.800000000]: Call local replanning...
[INFO] [1787283504.765642041, 684.800000000]: Reach vertex 12
[INFO] [1787283504.765684223, 684.800000000]: Set newGoal 13
[INFO] [1787283510.768294287, 690.800000000]: Call local replanning...
[INFO] [1787283516.745782761, 696.700000000]: Call local replanning...
[INFO] [1787283522.732064841, 702.700000000]: Call local replanning...
[INFO] [1787283522.735062565, 702.700000000]: Reach vertex 13
[INFO] [1787283522.735097486, 702.700000000]: Set newGoal 14
[INFO] [1787283528.734609858, 708.700000000]: Call local replanning...
[INFO] [1787283534.734297788, 714.700000000]: Call local replanning...
[INFO] [1787283534.737326410, 714.700000000]: Reach vertex 14
[INFO] [1787283534.737374347, 714.700000000]: Set newGoal 18

Warning: Warning:          at line TF_REPEATED_DATA ignoring data with redundant timestamp for frame offset (parent map) at time 720.500000 according to authority unknown_publisherTF_REPEATED_DATA ignoring data with redundant timestamp for frame odom (parent offset) at time 720.500000 according to authority unknown_publisher277

 in          at line          at line /tmp/binarydeb/ros-noetic-tf2-0.7.10/src/buffer_core.cpp277277
 in  in /tmp/binarydeb/ros-noetic-tf2-0.7.10/src/buffer_core.cpp/tmp/binarydeb/ros-noetic-tf2-0.7.10/src/buffer_core.cpp

Warning: TF_REPEATED_DATA ignoring data with redundant timestamp for frame offset (parent map) at time 720.500000 according to authority unknown_publisher
         at line 277 in /tmp/binarydeb/ros-noetic-tf2-0.7.10/src/buffer_core.cpp
Warning: TF_REPEATED_DATA ignoring data with redundant timestamp for frame odom (parent offset) at time 720.500000 according to authority unknown_publisher
         at line 277 in /tmp/binarydeb/ros-noetic-tf2-0.7.10/src/buffer_core.cpp
Warning: TF_REPEATED_DATA ignoring data with redundant timestamp for frame offset (parent map) at time 720.500000 according to authority unknown_publisher
         at line 277 in /tmp/binarydeb/ros-noetic-tf2-0.7.10/src/buffer_core.cpp
[WARN] [1787283540.466267502, 720.500000000]: TF_REPEATED_DATA ignoring data with redundant timestamp for frame odom (parent offset) at time 720.500000 according to authority unknown_publisher
[WARN] [1787283540.466303234, 720.500000000]: TF_REPEATED_DATA ignoring data with redundant timestamp for frame offset (parent map) at time 720.500000 according to authority unknown_publisher
[WARN] [1787283550.835222349, 730.800000000]: No frontier at vertex 18. #Frontier: 0
Warning: TF_REPEATED_DATA ignoring data with redundant timestamp for frame odom (parent offset) at time 736.400000 according to authority unknown_publisherWarning: [INFO] [1787283540.917319807, 720.900000000]: Call local replanning...
[INFO] [1787283546.750603543, 726.700000000]: Call local replanning...
[INFO] [1787283546.753563462, 726.700000000]: Reach vertex 18
[INFO] [1787283546.756414460, 726.700000000]: Explore Goal 18 's frontiers...
[INFO] [1787283550.832242561, 730.800000000]: Call local replanning...
[INFO] [1787283550.835257050, 730.800000000]: Skip repeated visit to vertex 17
[INFO] [1787283550.835263626, 730.800000000]: Set newGoal 21

TF_REPEATED_DATA ignoring data with redundant timestamp for frame odom (parent offset) at time 736.400000 according to authority unknown_publisherWarning:          at line 
TF_REPEATED_DATA ignoring data with redundant timestamp for frame odom (parent offset) at time 736.400000 according to authority unknown_publisher         at line 277
277 in          at line  in /tmp/binarydeb/ros-noetic-tf2-0.7.10/src/buffer_core.cpp/tmp/binarydeb/ros-noetic-tf2-0.7.10/src/buffer_core.cpp277

 in /tmp/binarydeb/ros-noetic-tf2-0.7.10/src/buffer_core.cpp
Warning: Warning: TF_REPEATED_DATA ignoring data with redundant timestamp for frame offset (parent map) at time 736.400000 according to authority unknown_publisherTF_REPEATED_DATA ignoring data with redundant timestamp for frame offset (parent map) at time 736.400000 according to authority unknown_publisherWarning: 

TF_REPEATED_DATA ignoring data with redundant timestamp for frame offset (parent map) at time 736.400000 according to authority unknown_publisher         at line          at line 
277277         at line  in  in 277/tmp/binarydeb/ros-noetic-tf2-0.7.10/src/buffer_core.cpp/tmp/binarydeb/ros-noetic-tf2-0.7.10/src/buffer_core.cpp in 

/tmp/binarydeb/ros-noetic-tf2-0.7.10/src/buffer_core.cpp
Warning: TF_REPEATED_DATA ignoring data with redundant timestamp for frame odom (parent offset) at time 736.400000 according to authority unknown_publisher
         at line 277 in /tmp/binarydeb/ros-noetic-tf2-0.7.10/src/buffer_core.cpp
Warning: TF_REPEATED_DATA ignoring data with redundant timestamp for frame offset (parent map) at time 736.400000 according to authority unknown_publisher
         at line 277 in /tmp/binarydeb/ros-noetic-tf2-0.7.10/src/buffer_core.cpp
[WARN] [1787283556.366521158, 736.400000000]: TF_REPEATED_DATA ignoring data with redundant timestamp for frame odom (parent offset) at time 736.400000 according to authority unknown_publisher
[WARN] [1787283556.366572125, 736.400000000]: TF_REPEATED_DATA ignoring data with redundant timestamp for frame offset (parent map) at time 736.400000 according to authority unknown_publisher
Warning: TF_REPEATED_DATA ignoring data with redundant timestamp for frame odom (parent offset) at time 741.600000 according to authority unknown_publisher
         at line 277 in /tmp/binarydeb/ros-noetic-tf2-0.7.10/src/buffer_core.cpp
Warning: TF_REPEATED_DATA ignoring data with redundant timestamp for frame offset (parent map) at time 741.600000 according to authority unknown_publisher
         at line 277 in /tmp/binarydeb/ros-noetic-tf2-0.7.10/src/buffer_core.cpp
[INFO] [1787283557.071444623, 737.100000000]: Call local replanning...
Warning: TF_REPEATED_DATA ignoring data with redundant timestamp for frame odom (parent offset) at time 741.600000 according to authority unknown_publisherWarning: 
TF_REPEATED_DATA ignoring data with redundant timestamp for frame odom (parent offset) at time 741.600000 according to authority unknown_publisher         at line 
         at line 277 in 277/tmp/binarydeb/ros-noetic-tf2-0.7.10/src/buffer_core.cpp in 
/tmp/binarydeb/ros-noetic-tf2-0.7.10/src/buffer_core.cpp
Warning: TF_REPEATED_DATA ignoring data with redundant timestamp for frame offset (parent map) at time 741.600000 according to authority unknown_publisher
         at line Warning: 277TF_REPEATED_DATA ignoring data with redundant timestamp for frame odom (parent offset) at time 741.600000 according to authority unknown_publisher in 
/tmp/binarydeb/ros-noetic-tf2-0.7.10/src/buffer_core.cpp         at line 
277 in /tmp/binarydeb/ros-noetic-tf2-0.7.10/src/buffer_core.cpp
Warning: TF_REPEATED_DATA ignoring data with redundant timestamp for frame offset (parent map) at time 741.600000 according to authority unknown_publisher
         at line 277 in /tmp/binarydeb/ros-noetic-tf2-0.7.10/src/buffer_core.cpp
Warning: TF_REPEATED_DATA ignoring data with redundant timestamp for frame offset (parent map) at time 741.600000 according to authority unknown_publisher
         at line 277 in /tmp/binarydeb/ros-noetic-tf2-0.7.10/src/buffer_core.cpp
[WARN] [1787283561.567426000, 741.600000000]: TF_REPEATED_DATA ignoring data with redundant timestamp for frame odom (parent offset) at time 741.600000 according to authority unknown_publisher
[WARN] [1787283561.567448463, 741.600000000]: TF_REPEATED_DATA ignoring data with redundant timestamp for frame offset (parent map) at time 741.600000 according to authority unknown_publisher
Warning: TF_REPEATED_DATA ignoring data with redundant timestamp for frame odom (parent offset) at time 747.700000 according to authority unknown_publisher
         at line 277 in /tmp/binarydeb/ros-noetic-tf2-0.7.10/src/buffer_core.cpp
Warning: TF_REPEATED_DATA ignoring data with redundant timestamp for frame offset (parent map) at time 747.700000 according to authority unknown_publisher
         at line 277 in /tmp/binarydeb/ros-noetic-tf2-0.7.10/src/buffer_core.cpp
Warning: TF_REPEATED_DATA ignoring data with redundant timestamp for frame odom (parent offset) at time 747.700000 according to authority unknown_publisher
         at line [INFO] [1787283562.968779670, 743.000000000]: Call local replanning...
277Warning:  in TF_REPEATED_DATA ignoring data with redundant timestamp for frame odom (parent offset) at time 747.700000 according to authority unknown_publisher/tmp/binarydeb/ros-noetic-tf2-0.7.10/src/buffer_core.cpp

         at line 277 in /tmp/binarydeb/ros-noetic-tf2-0.7.10/src/buffer_core.cppWarning: 
TF_REPEATED_DATA ignoring data with redundant timestamp for frame offset (parent map) at time 747.700000 according to authority unknown_publisher
         at line 277Warning:  in TF_REPEATED_DATA ignoring data with redundant timestamp for frame offset (parent map) at time 747.700000 according to authority unknown_publisher/tmp/binarydeb/ros-noetic-tf2-0.7.10/src/buffer_core.cpp

         at line 277Warning:  in TF_REPEATED_DATA ignoring data with redundant timestamp for frame odom (parent offset) at time 747.700000 according to authority unknown_publisher/tmp/binarydeb/ros-noetic-tf2-0.7.10/src/buffer_core.cpp

         at line 277 in /tmp/binarydeb/ros-noetic-tf2-0.7.10/src/buffer_core.cpp
Warning: TF_REPEATED_DATA ignoring data with redundant timestamp for frame offset (parent map) at time 747.700000 according to authority unknown_publisher
         at line 277 in /tmp/binarydeb/ros-noetic-tf2-0.7.10/src/buffer_core.cpp
[WARN] [1787283567.678895897, 747.700000000]: TF_REPEATED_DATA ignoring data with redundant timestamp for frame odom (parent offset) at time 747.700000 according to authority unknown_publisher
[WARN] [1787283567.678933845, 747.700000000]: TF_REPEATED_DATA ignoring data with redundant timestamp for frame offset (parent map) at time 747.700000 according to authority unknown_publisher
Warning: TF_REPEATED_DATA ignoring data with redundant timestamp for frame odom (parent offset) at time 760.500000 according to authority unknown_publisher
         at line 277 in /tmp/binarydeb/ros-noetic-tf2-0.7.10/src/buffer_core.cpp
Warning: TF_REPEATED_DATA ignoring data with redundant timestamp for frame offset (parent map) at time 760.500000 according to authority unknown_publisher
         at line 277 in /tmp/binarydeb/ros-noetic-tf2-0.7.10/src/buffer_core.cpp
Warning: TF_REPEATED_DATA ignoring data with redundant timestamp for frame odom (parent offset) at time 760.500000 according to authority unknown_publisher
         at line 277 in /tmp/binarydeb/ros-noetic-tf2-0.7.10/src/buffer_core.cpp[INFO] [1787283568.751268953, 748.700000000]: Call local replanning...
[INFO] [1787283574.839176108, 754.800000000]: Call local replanning...

Warning: TF_REPEATED_DATA ignoring data with redundant timestamp for frame odom (parent offset) at time 760.500000 according to authority unknown_publisher
         at line 277 in /tmp/binarydeb/ros-noetic-tf2-0.7.10/src/buffer_core.cppWarning: 
TF_REPEATED_DATA ignoring data with redundant timestamp for frame odom (parent offset) at time 760.500000 according to authority unknown_publisher
         at line Warning: 277TF_REPEATED_DATA ignoring data with redundant timestamp for frame offset (parent map) at time 760.500000 according to authority unknown_publisher in 
/tmp/binarydeb/ros-noetic-tf2-0.7.10/src/buffer_core.cpp         at line 
277 in /tmp/binarydeb/ros-noetic-tf2-0.7.10/src/buffer_core.cpp
Warning: TF_REPEATED_DATA ignoring data with redundant timestamp for frame offset (parent map) at time 760.500000 according to authority unknown_publisher
         at line 277 in /tmp/binarydeb/ros-noetic-tf2-0.7.10/src/buffer_core.cpp
[WARN] [1787283580.464607697, 760.500000000]: TF_REPEATED_DATA ignoring data with redundant timestamp for frame odom (parent offset) at time 760.500000 according to authority unknown_publisher
Warning: TF_REPEATED_DATA ignoring data with redundant timestamp for frame offset (parent map) at time 760.500000 according to authority unknown_publisher
         at line 277 in [WARN] [1787283580.464635862, 760.500000000]: TF_REPEATED_DATA ignoring data with redundant timestamp for frame offset (parent map) at time 760.500000 according to authority unknown_publisher
/tmp/binarydeb/ros-noetic-tf2-0.7.10/src/buffer_core.cpp
[WARN] [1787283592.940373833, 772.900000000]: No frontier at vertex 21. #Frontier: 0
[WARN] [1787283598.968868096, 779.000000000]: No frontier at vertex 22. #Frontier: 0
Warning: TF_REPEATED_DATA ignoring data with redundant timestamp for frame odom (parent offset) at time 795.500000 according to authority unknown_publisher
         at line 277 in /tmp/binarydeb/ros-noetic-tf2-0.7.10/src/buffer_core.cpp
Warning: TF_REPEATED_DATA ignoring data with redundant timestamp for frame offset (parent map) at time 795.500000 according to authority unknown_publisher
         at line 277 in /tmp/binarydeb/ros-noetic-tf2-0.7.10/src/buffer_core.cpp
[INFO] [1787283580.953027044, 760.900000000]: Call local replanning...
[INFO] [1787283586.945734889, 766.900000000]: Call local replanning...
[INFO] [1787283592.937287051, 772.900000000]: Call local replanning...
[INFO] [1787283592.940360027, 772.900000000]: Reach vertex 21
[INFO] [1787283592.940397876, 772.900000000]: Set newGoal 22
[INFO] [1787283598.966081827, 779.000000000]: Call local replanning...
[INFO] [1787283598.968841923, 779.000000000]: Reach vertex 22
[INFO] [1787283598.968910513, 779.000000000]: Set newGoal 28
[INFO] [1787283605.081839509, 785.100000000]: Call local replanning...
[INFO] [1787283610.988173280, 791.000000000]: Call local replanning...
Warning: TF_REPEATED_DATA ignoring data with redundant timestamp for frame odom (parent offset) at time 795.500000 according to authority unknown_publisher
         at line 277 in /tmp/binarydeb/ros-noetic-tf2-0.7.10/src/buffer_core.cpp
[WARN] [1787283615.467282243, 795.500000000]: TF_REPEATED_DATA ignoring data with redundant timestamp for frame odom (parent offset) at time 795.500000 according to authority unknown_publisher
Warning: TF_REPEATED_DATA ignoring data with redundant timestamp for frame offset (parent map) at time 795.500000 according to authority unknown_publisher
         at line 277 in /tmp/binarydeb/ros-noetic-tf2-0.7.10/src/buffer_core.cpp
[WARN] [1787283615.467304947, 795.500000000]: TF_REPEATED_DATA ignoring data with redundant timestamp for frame offset (parent map) at time 795.500000 according to authority unknown_publisher
Warning: TF_REPEATED_DATA ignoring data with redundant timestamp for frame odom (parent offset) at time 795.500000 according to authority unknown_publisher
         at line 277 in /tmp/binarydeb/ros-noetic-tf2-0.7.10/src/buffer_core.cpp
Warning: TF_REPEATED_DATA ignoring data with redundant timestamp for frame offset (parent map) at time 795.500000 according to authority unknown_publisher
         at line 277 in /tmp/binarydeb/ros-noetic-tf2-0.7.10/src/buffer_core.cpp
Warning: TF_REPEATED_DATA ignoring data with redundant timestamp for frame odom (parent offset) at time 795.500000 according to authority unknown_publisher
         at line 277 in /tmp/binarydeb/ros-noetic-tf2-0.7.10/src/buffer_core.cpp
Warning: TF_REPEATED_DATA ignoring data with redundant timestamp for frame offset (parent map) at time 795.500000 according to authority unknown_publisher
         at line 277 in /tmp/binarydeb/ros-noetic-tf2-0.7.10/src/buffer_core.cpp
[WARN] [1787283621.888118187, 801.900000000]: No frontier at vertex 28. #Frontier: 0
[INFO] [1787283615.972818846, 796.000000000]: Call local replanning...
[INFO] [1787283615.975628436, 796.000000000]: Reach vertex 28
[INFO] [1787283615.978629744, 796.000000000]: Explore Goal 28 's frontiers...
[INFO] [1787283621.885352353, 801.900000000]: Call local replanning...
[INFO] [1787283621.888148355, 801.900000000]: Set newGoal 34
[INFO] [1787283627.775782093, 807.800000000]: Call local replanning...
Warning: Warning: Warning: TF_REPEATED_DATA ignoring data with redundant timestamp for frame odom (parent offset) at time 813.500000 according to authority unknown_publisherTF_REPEATED_DATA ignoring data with redundant timestamp for frame odom (parent offset) at time 813.500000 according to authority unknown_publisherTF_REPEATED_DATA ignoring data with redundant timestamp for frame odom (parent offset) at time 813.500000 according to authority unknown_publisher

[WARN] [1787283633.532342158, 813.500000000]: TF_REPEATED_DATA ignoring data with redundant timestamp for frame odom (parent offset) at time 813.500000 according to authority unknown_publisher

         at line          at line          at line 277277 in 277 in /tmp/binarydeb/ros-noetic-tf2-0.7.10/src/buffer_core.cpp in /tmp/binarydeb/ros-noetic-tf2-0.7.10/src/buffer_core.cpp
/tmp/binarydeb/ros-noetic-tf2-0.7.10/src/buffer_core.cpp

[WARN] [1787283633.532383461, 813.500000000]: TF_REPEATED_DATA ignoring data with redundant timestamp for frame offset (parent map) at time 813.500000 according to authority unknown_publisher
Warning: TF_REPEATED_DATA ignoring data with redundant timestamp for frame offset (parent map) at time 813.500000 according to authority unknown_publisherWarning: 
Warning: TF_REPEATED_DATA ignoring data with redundant timestamp for frame offset (parent map) at time 813.500000 according to authority unknown_publisher         at line TF_REPEATED_DATA ignoring data with redundant timestamp for frame offset (parent map) at time 813.500000 according to authority unknown_publisher
277
         at line  in          at line 277/tmp/binarydeb/ros-noetic-tf2-0.7.10/src/buffer_core.cpp277 in 
 in /tmp/binarydeb/ros-noetic-tf2-0.7.10/src/buffer_core.cpp/tmp/binarydeb/ros-noetic-tf2-0.7.10/src/buffer_core.cpp

Warning: TF_REPEATED_DATA ignoring data with redundant timestamp for frame odom (parent offset) at time 813.500000 according to authority unknown_publisher
         at line 277 in /tmp/binarydeb/ros-noetic-tf2-0.7.10/src/buffer_core.cpp
Warning: TF_REPEATED_DATA ignoring data with redundant timestamp for frame offset (parent map) at time 813.500000 according to authority unknown_publisher
         at line 277 in /tmp/binarydeb/ros-noetic-tf2-0.7.10/src/buffer_core.cpp
[WARN] [1787283634.313176704, 814.300000000]: Missed desired rate of 1.00Hz! Loop actually took 1.1000 seconds!
[WARN] [1787283639.773075204, 819.800000000]: No frontier at vertex 34. #Frontier: 0
Warning: TF_REPEATED_DATA ignoring data with redundant timestamp for frame odom (parent offset) at time 824.600000 according to authority unknown_publisher
         at line 277 in /tmp/binarydeb/ros-noetic-tf2-0.7.10/src/buffer_core.cpp
Warning: TF_REPEATED_DATA ignoring data with redundant timestamp for frame offset (parent map) at time 824.600000 according to authority unknown_publisher
         at line 277 in /tmp/binarydeb/ros-noetic-tf2-0.7.10/src/buffer_core.cpp
[INFO] [1787283634.199320798, 814.200000000]: Call local replanning...
[INFO] [1787283639.770256403, 819.800000000]: Call local replanning...
[INFO] [1787283639.773059082, 819.800000000]: Reach vertex 34
[INFO] [1787283639.773105463, 819.800000000]: Set newGoal 33
Warning: TF_REPEATED_DATA ignoring data with redundant timestamp for frame odom (parent offset) at time 824.600000 according to authority unknown_publisher
         at line Warning: 277TF_REPEATED_DATA ignoring data with redundant timestamp for frame odom (parent offset) at time 824.600000 according to authority unknown_publisher in 
/tmp/binarydeb/ros-noetic-tf2-0.7.10/src/buffer_core.cpp         at line 
277 in /tmp/binarydeb/ros-noetic-tf2-0.7.10/src/buffer_core.cpp
Warning: TF_REPEATED_DATA ignoring data with redundant timestamp for frame offset (parent map) at time 824.600000 according to authority unknown_publisher
         at line Warning: 277TF_REPEATED_DATA ignoring data with redundant timestamp for frame offset (parent map) at time 824.600000 according to authority unknown_publisher in 
/tmp/binarydeb/ros-noetic-tf2-0.7.10/src/buffer_core.cpp         at line 
277 in /tmp/binarydeb/ros-noetic-tf2-0.7.10/src/buffer_core.cpp
[WARN] [1787283644.581707086, 824.600000000]: TF_REPEATED_DATA ignoring data with redundant timestamp for frame odom (parent offset) at time 824.600000 according to authority unknown_publisher
Warning: TF_REPEATED_DATA ignoring data with redundant timestamp for frame odom (parent offset) at time 824.600000 according to authority unknown_publisher
[WARN] [1787283644.581741762, 824.600000000]: TF_REPEATED_DATA ignoring data with redundant timestamp for frame offset (parent map) at time 824.600000 according to authority unknown_publisher
         at line 277 in /tmp/binarydeb/ros-noetic-tf2-0.7.10/src/buffer_core.cpp
Warning: TF_REPEATED_DATA ignoring data with redundant timestamp for frame offset (parent map) at time 824.600000 according to authority unknown_publisher
         at line 277 in /tmp/binarydeb/ros-noetic-tf2-0.7.10/src/buffer_core.cpp
[INFO] [1787283645.768744305, 825.800000000]: Call local replanning...
[INFO] [1787283645.771436278, 825.800000000]: Skip currGoal 33 that has no frontier and seen by robot
[INFO] [1787283645.771466091, 825.800000000]: Skip repeated visit to vertex 27
[INFO] [1787283645.771532447, 825.800000000]: Exploration has finished.
double free or corruption (fasttop)
[WARN] [1787282819.694929, 0.000000]: Robot Start At 8
[WARN] [1787282819.746484, 0.000000]: Tsp problem solved by Concorde. 0.047716379165649414
[INFO] [1787283474.816122, 654.800000]: Replanning request. curr_vertex_idx: 24
[INFO] [1787283474.816949, 654.800000]:                     covered_vertices: ()
[INFO] [1787283480.849389, 660.800000]: Replanning request. curr_vertex_idx: 24
[INFO] [1787283480.850267, 660.800000]:                     covered_vertices: ()
[INFO] [1787283486.149599, 666.100000]: Really visited vertices: 8 7 6 5 4 3 9 15 16 35 37 20 19 23 29 30 25 26 32 26 38 36 
[INFO] [1787283486.728681, 666.700000]: Replanning request. curr_vertex_idx: 25
[INFO] [1787283486.729543, 666.700000]:                     covered_vertices: ()
[INFO] [1787283492.897960, 672.900000]: Replanning request. curr_vertex_idx: 25
[INFO] [1787283492.898843, 672.900000]:                     covered_vertices: ()
[INFO] [1787283498.949172, 678.900000]: Replanning request. curr_vertex_idx: 25
[INFO] [1787283498.949934, 678.900000]:                     covered_vertices: ()
[INFO] [1787283503.991159, 684.000000]: Really visited vertices: 8 7 6 5 4 3 9 15 16 35 37 20 19 23 29 30 25 26 32 26 38 36 
[INFO] [1787283504.763796, 684.800000]: Replanning request. curr_vertex_idx: 25
[INFO] [1787283504.764743, 684.800000]:                     covered_vertices: ()
[INFO] [1787283509.785136, 689.800000]: Really visited vertices: 8 7 6 5 4 3 9 15 16 35 37 20 19 23 29 30 25 26 32 26 38 36 12 
[INFO] [1787283510.769482, 690.800000]: Replanning request. curr_vertex_idx: 26
[INFO] [1787283510.770556, 690.800000]:                     covered_vertices: ()
[INFO] [1787283515.476945, 695.500000]: Really visited vertices: 8 7 6 5 4 3 9 15 16 35 37 20 19 23 29 30 25 26 32 26 38 36 12 
[INFO] [1787283516.747004, 696.700000]: Replanning request. curr_vertex_idx: 26
[INFO] [1787283516.747904, 696.700000]:                     covered_vertices: ()
[INFO] [1787283522.053809, 702.000000]: Really visited vertices: 8 7 6 5 4 3 9 15 16 35 37 20 19 23 29 30 25 26 32 26 38 36 12 13 
[INFO] [1787283522.733170, 702.700000]: Replanning request. curr_vertex_idx: 26
[INFO] [1787283522.734071, 702.700000]:                     covered_vertices: ()
[INFO] [1787283527.360109, 707.400000]: Really visited vertices: 8 7 6 5 4 3 9 15 16 35 37 20 19 23 29 30 25 26 32 26 38 36 12 13 
[INFO] [1787283528.735533, 708.700000]: Replanning request. curr_vertex_idx: 27
[INFO] [1787283528.736403, 708.700000]:                     covered_vertices: ()
[INFO] [1787283533.872037, 713.900000]: Really visited vertices: 8 7 6 5 4 3 9 15 16 35 37 20 19 23 29 30 25 26 32 26 38 36 12 13 
[INFO] [1787283534.735508, 714.700000]: Replanning request. curr_vertex_idx: 27
[INFO] [1787283534.736367, 714.700000]:                     covered_vertices: ()
[INFO] [1787283540.918482, 720.900000]: Replanning request. curr_vertex_idx: 28
[INFO] [1787283540.919446, 720.900000]:                     covered_vertices: ()
[INFO] [1787283545.880297, 725.900000]: Really visited vertices: 8 7 6 5 4 3 9 15 16 35 37 20 19 23 29 30 25 26 32 26 38 36 12 13 14 
[INFO] [1787283546.751689, 726.700000]: Replanning request. curr_vertex_idx: 28
[INFO] [1787283546.752547, 726.700000]:                     covered_vertices: ()
[INFO] [1787283550.833322, 730.800000]: Replanning request. curr_vertex_idx: 28
[INFO] [1787283550.834183, 730.800000]:                     covered_vertices: ()
[INFO] [1787283556.366058, 736.400000]: Really visited vertices: 8 7 6 5 4 3 9 15 16 35 37 20 19 23 29 30 25 26 32 26 38 36 12 13 14 18 
[INFO] [1787283557.072506, 737.100000]: Replanning request. curr_vertex_idx: 30
[INFO] [1787283557.073445, 737.100000]:                     covered_vertices: ()
[INFO] [1787283561.567708, 741.600000]: Really visited vertices: 8 7 6 5 4 3 9 15 16 35 37 20 19 23 29 30 25 26 32 26 38 36 12 13 14 18 
[INFO] [1787283562.969740, 743.000000]: Replanning request. curr_vertex_idx: 30
[INFO] [1787283562.970567, 743.000000]:                     covered_vertices: ()
[INFO] [1787283567.678926, 747.700000]: Really visited vertices: 8 7 6 5 4 3 9 15 16 35 37 20 19 23 29 30 25 26 32 26 38 36 12 13 14 18 
[INFO] [1787283568.752488, 748.700000]: Replanning request. curr_vertex_idx: 30
[INFO] [1787283568.753423, 748.700000]:                     covered_vertices: ()
[INFO] [1787283574.840413, 754.800000]: Replanning request. curr_vertex_idx: 30
[INFO] [1787283574.841252, 754.800000]:                     covered_vertices: ()
[INFO] [1787283580.954384, 760.900000]: Replanning request. curr_vertex_idx: 30
[INFO] [1787283580.955284, 760.900000]:                     covered_vertices: ()
[INFO] [1787283586.947076, 766.900000]: Replanning request. curr_vertex_idx: 30
[INFO] [1787283586.947961, 766.900000]:                     covered_vertices: ()
[INFO] [1787283592.938568, 772.900000]: Replanning request. curr_vertex_idx: 30
[INFO] [1787283592.939385, 772.900000]:                     covered_vertices: ()
[INFO] [1787283597.674148, 777.700000]: Really visited vertices: 8 7 6 5 4 3 9 15 16 35 37 20 19 23 29 30 25 26 32 26 38 36 12 13 14 18 22 21 
[INFO] [1787283598.967057, 779.000000]: Replanning request. curr_vertex_idx: 31
[INFO] [1787283598.967840, 779.000000]:                     covered_vertices: ()
[INFO] [1787283605.083070, 785.100000]: Replanning request. curr_vertex_idx: 32
[INFO] [1787283605.083908, 785.100000]:                     covered_vertices: ()
[INFO] [1787283609.797821, 789.800000]: Really visited vertices: 8 7 6 5 4 3 9 15 16 35 37 20 19 23 29 30 25 26 32 26 38 36 12 13 14 18 22 21 22 
[INFO] [1787283610.989411, 791.000000]: Replanning request. curr_vertex_idx: 32
[INFO] [1787283610.990346, 791.000000]:                     covered_vertices: ()
[INFO] [1787283615.973967, 796.000000]: Replanning request. curr_vertex_idx: 32
[INFO] [1787283615.974809, 796.000000]:                     covered_vertices: ()
[INFO] [1787283621.886383, 801.900000]: Replanning request. curr_vertex_idx: 32
[INFO] [1787283621.887215, 801.900000]:                     covered_vertices: ()
[INFO] [1787283626.683163, 806.700000]: Really visited vertices: 8 7 6 5 4 3 9 15 16 35 37 20 19 23 29 30 25 26 32 26 38 36 12 13 14 18 22 21 22 28 
[INFO] [1787283627.777066, 807.800000]: Replanning request. curr_vertex_idx: 33
[INFO] [1787283627.778000, 807.800000]:                     covered_vertices: ()
[INFO] [1787283634.200531, 814.200000]: Replanning request. curr_vertex_idx: 33
[INFO] [1787283634.201552, 814.200000]:                     covered_vertices: ()
[INFO] [1787283638.701896, 818.700000]: Really visited vertices: 8 7 6 5 4 3 9 15 16 35 37 20 19 23 29 30 25 26 32 26 38 36 12 13 14 18 22 21 22 28 
[INFO] [1787283639.771403, 819.800000]: Replanning request. curr_vertex_idx: 33
[INFO] [1787283639.772127, 819.800000]:                     covered_vertices: ()
[INFO] [1787283644.581842, 824.600000]: Really visited vertices: 8 7 6 5 4 3 9 15 16 35 37 20 19 23 29 30 25 26 32 26 38 36 12 13 14 18 22 21 22 28 34 
[INFO] [1787283645.769599, 825.800000]: Replanning request. curr_vertex_idx: 34
[INFO] [1787283645.770452, 825.800000]:                     covered_vertices: ()
[INFO] [1787283657.228945, 836.600000]: Pose graph has: 464 vertices, 624 edges.
[31m[RVIZ-16] escalating to SIGTERM[0m
... logging to /home/wcqw/ac-slam/catkin_ws/.ros/log/29e8dad6-9d10-11f1-a38e-cf9a7ef17d8f/roslaunch-msxg-36398.log
Checking log directory for disk usage. This may take a while.
Press Ctrl-C to interrupt
Done checking log file disk usage. Usage is <1GB.
]2;/home/wcqw/ac-slam/baseline/Graph-Based_SLAM-Aware_Exploration/launch/exploration.launch
[1mstarted roslaunch server http://127.0.0.1:41317/[0m

SUMMARY
========

PARAMETERS
 * /Mapper/LoopMatchMaximumVarianceCoarse: 0.16
 * /Mapper/LoopMatchMinimumChainSize: 4
 * /Mapper/LoopMatchMinimumResponseCoarse: 0.6
 * /Mapper/LoopMatchMinimumResponseFine: 0.7
 * /Mapper/LoopSearchMaximumDistance: 4
 * /Mapper/LoopSearchSpaceDimension: 5.0
 * /Mapper/MinimumTravelDistance: 1.0
 * /Mapper/MinimumTravelHeading: 0.52
 * /Mapper/grid_resolution: 0.1
 * /Mapper/map_frame: map
 * /Mapper/map_update_rate: 5
 * /Mapper/max_covariance: 0.01
 * /Mapper/max_particles: 10000
 * /Mapper/min_map_size: 20
 * /Mapper/min_particles: 2500
 * /Mapper/publish_pose_graph: True
 * /Mapper/range_threshold: 25.0
 * /Mapper/transform_publish_period: 0.1
 * /Navigator/command_target_distance: 1.5
 * /Navigator/exploration_goal_distance: 3.0
 * /Navigator/exploration_strategy: MyPlanner
 * /Navigator/frequency: 1
 * /Navigator/map_inflation_radius: 1.0
 * /Navigator/max_replanning_period: 1.0
 * /Navigator/min_replanning_period: 5.0
 * /Navigator/min_target_area_size: 1.0
 * /Navigator/navigation_goal_angle: 1.0
 * /Navigator/navigation_goal_distance: 2.0
 * /Navigator/navigation_homing_distance: 4.0
 * /Navigator/robot_radius: 0.5
 * /Navigator/save_path_plan_time: /home/wcqw/ac-sla...
 * /Navigator/use_local_planner: True
 * /Navigator/visualize_frontiers: True
 * /Operator/conformance_weight: 1
 * /Operator/continue_weight: 1
 * /Operator/escape_weight: 1
 * /Operator/frequency: 10
 * /Operator/local_map/cost_scaling_factor: 2.0
 * /Operator/local_map/global_frame: odom
 * /Operator/local_map/height: 6.0
 * /Operator/local_map/inflation_radius: 0.75
 * /Operator/local_map/lethal_cost_threshold: 100
 * /Operator/local_map/map_type: costmap
 * /Operator/local_map/max_obstacle_height: 2.0
 * /Operator/local_map/min_obstacle_height: 0.0
 * /Operator/local_map/observation_sources: scan
 * /Operator/local_map/obstacle_range: 4.0
 * /Operator/local_map/publish_frequency: 1.0
 * /Operator/local_map/publish_voxel_map: True
 * /Operator/local_map/raytrace_range: 4.5
 * /Operator/local_map/resolution: 0.05
 * /Operator/local_map/robot_base_frame: base_link
 * /Operator/local_map/robot_radius: 0.4
 * /Operator/local_map/rolling_window: True
 * /Operator/local_map/scan/clearing: True
 * /Operator/local_map/scan/data_type: LaserScan
 * /Operator/local_map/scan/expected_update_rate: 0.4
 * /Operator/local_map/scan/marking: True
 * /Operator/local_map/scan/max_obstacle_height: 0.4
 * /Operator/local_map/scan/min_obstacle_height: 0.08
 * /Operator/local_map/scan/observation_persistence: 0.0
 * /Operator/local_map/static_map: False
 * /Operator/local_map/track_unknown_space: True
 * /Operator/local_map/transform_tolerance: 0.3
 * /Operator/local_map/update_frequency: 5.0
 * /Operator/local_map/width: 6.0
 * /Operator/max_free_space: 3.0
 * /Operator/max_velocity: 1.0
 * /Operator/publish_route: True
 * /Operator/safety_decay: 0.99
 * /Operator/safety_weight: 1
 * /Stage/base_watchdog_timeout: 0
 * /laser_frame: base_laser_link
 * /laser_topic: base_scan
 * /map_frame: map
 * /map_server/frame_id: map
 * /map_service: static_map
 * /map_topic: map
 * /odometry_frame: odom
 * /offset_frame: offset
 * /path_planner/g2o_save_path: /home/wcqw/ac-sla...
 * /path_planner/map_width: 74.0
 * /path_planner/need_noise: False
 * /path_planner/only_use_tsp: True
 * /path_planner/prior_map_save_path: /home/wcqw/ac-sla...
 * /path_planner/robot_position: -28.0 -28.0 0
 * /path_planner/tsp_record_path: /home/wcqw/ac-sla...
 * /path_planner/tsp_seed: 21001
 * /path_planner/tsp_solver: concorde
 * /path_planner/use_drawio: True
 * /path_planner/variance: 0.0
 * /path_planner/xml_path: /home/wcqw/ac-sla...
 * /pubPath/gt_save_path: /home/wcqw/ac-sla...
 * /pubPath/robot_position: -28.0 -28.0 0
 * /pubPath/slam_save_path: /home/wcqw/ac-sla...
 * /robot_description: <?xml version="1....
 * /robot_frame: base_link
 * /robot_start_position: -28.0 -28.0 0
 * /robot_state_publisher/publish_frequency: 30.0
 * /robot_state_publisher/tf_prefix: 
 * /rosdistro: noetic
 * /rosversion: 1.17.4
 * /use_sim_time: True
 * /use_tf1: True

NODES
  /
    Explore (nav2d_navigator/explore_client)
    GetMap (nav2d_navigator/get_map_client)
    Mapper (nav2d_karto/mapper)
    Navigator (nav2d_navigator/navigator)
    Operator (nav2d_operator/operator)
    RVIZ (rviz/rviz)
    SetGoal (nav2d_navigator/set_goal_client)
    Stage (stage_ros/stageros)
    exploration_button_server (cpp_solver/exploration_button_server.py)
    map_server (map_server/map_server)
    path_planner (cpp_solver/path_planner.py)
    pubPath (cpp_solver/pub_path)
    publisher (p2os_urdf/p2os_publisher_3at)
    robot_state_publisher (robot_state_publisher/robot_state_publisher)
    rqt_robot_steering (rqt_robot_steering/rqt_robot_steering)
    updateDistance (cpp_solver/updateDistance)

[1mROS_MASTER_URI=http://localhost:11311[0m
]2;/home/wcqw/ac-slam/baseline/Graph-Based_SLAM-Aware_Exploration/launch/exploration.launch http://localhost:11311
[1mprocess[Stage-1]: started with pid [36505][0m
[1mprocess[map_server-2]: started with pid [36506][0m
[1mprocess[Operator-3]: started with pid [36507][0m
[1mprocess[Mapper-4]: started with pid [36509][0m
[1mprocess[Navigator-5]: started with pid [36517][0m
[1mprocess[GetMap-6]: started with pid [36519][0m
[1mprocess[Explore-7]: started with pid [36526][0m
[1mprocess[SetGoal-8]: started with pid [36535][0m
[1mprocess[pubPath-9]: started with pid [36540][0m
[1mprocess[updateDistance-10]: started with pid [36548][0m
[1mprocess[exploration_button_server-11]: started with pid [36552][0m
[1mprocess[path_planner-12]: started with pid [36557][0m
[1mprocess[rqt_robot_steering-13]: started with pid [36561][0m
[1mprocess[robot_state_publisher-14]: started with pid [36563][0m
[1mprocess[publisher-15]: started with pid [36564][0m
[1mprocess[RVIZ-16]: started with pid [36568][0m
[RVIZ-16] killing on exit
[publisher-15] killing on exit
[robot_state_publisher-14] killing on exit
[path_planner-12] killing on exit
[rqt_robot_steering-13] killing on exit
[exploration_button_server-11] killing on exit
[updateDistance-10] killing on exit
[pubPath-9] killing on exit
[SetGoal-8] killing on exit
[Explore-7] killing on exit
[GetMap-6] killing on exit
[Navigator-5] killing on exit
[Mapper-4] killing on exit
[Operator-3] killing on exit
[map_server-2] killing on exit
[Stage-1] killing on exit
shutting down processing monitor...
... shutting down processing monitor complete
[1mdone[0m
