... logging to /home/wcqw/ac-slam/catkin_ws/.ros/log/143ff13a-9d31-11f1-a38e-cf9a7ef17d8f/roslaunch-msxg-93186.log
Checking log directory for disk usage. This may take a while.
Press Ctrl-C to interrupt
Done checking log file disk usage. Usage is <1GB.
]2;roscore
[1mstarted roslaunch server http://127.0.0.1:38197/[0m
ros_comm version 1.17.4


SUMMARY
========

PARAMETERS
 * /rosdistro: noetic
 * /rosversion: 1.17.4

NODES

auto-starting new master
[1mprocess[master]: started with pid [93222][0m
[1mROS_MASTER_URI=http://127.0.0.1:11311/[0m
]2;roscore http://127.0.0.1:11311/
[1msetting /run_id to 143ff13a-9d31-11f1-a38e-cf9a7ef17d8f[0m
[1mprocess[rosout-1]: started with pid [93261][0m
started core service [/rosout]
[rosout-1] killing on exit
[master] killing on exit
shutting down processing monitor...
... shutting down processing monitor complete
[1mdone[0m
