{
  "evo": {
    "ape_se2_translation_m": {
      "command": "env PYTHONPATH=/home/wcqw/ac-slam/evaluation/evo-1.31.1-target/site-packages /usr/bin/python3 -m evo.main_ape tum /home/wcqw/ac-slam/results/phase4b/map3/seed_21001/A_original/trajectory_gt.txt /home/wcqw/ac-slam/results/phase4b/map3/seed_21001/A_original/trajectory_slam.txt -r trans_part --project_to_plane xy --t_max_diff 0.05 --t_offset 0 --no_warnings --save_results /home/wcqw/ac-slam/results/phase4b/map3/seed_21001/A_original/evo/ape_se2_translation.zip",
      "result_archive": "ape_se2_translation.zip",
      "rmse": 1.931035,
      "stdout_stderr": "ape_se2_translation.txt"
    },
    "rpe_rotation_1m_deg": {
      "command": "env PYTHONPATH=/home/wcqw/ac-slam/evaluation/evo-1.31.1-target/site-packages /usr/bin/python3 -m evo.main_rpe tum /home/wcqw/ac-slam/results/phase4b/map3/seed_21001/A_original/trajectory_gt.txt /home/wcqw/ac-slam/results/phase4b/map3/seed_21001/A_original/trajectory_slam.txt -r angle_deg --project_to_plane xy --t_max_diff 0.05 --t_offset 0 --no_warnings -d 1 -u m --all_pairs --pairs_from_reference --save_results /home/wcqw/ac-slam/results/phase4b/map3/seed_21001/A_original/evo/rpe_rotation_1m.zip",
      "result_archive": "rpe_rotation_1m.zip",
      "rmse": 0.208282,
      "stdout_stderr": "rpe_rotation_1m.txt"
    },
    "rpe_translation_1m_m": {
      "command": "env PYTHONPATH=/home/wcqw/ac-slam/evaluation/evo-1.31.1-target/site-packages /usr/bin/python3 -m evo.main_rpe tum /home/wcqw/ac-slam/results/phase4b/map3/seed_21001/A_original/trajectory_gt.txt /home/wcqw/ac-slam/results/phase4b/map3/seed_21001/A_original/trajectory_slam.txt -r trans_part --project_to_plane xy --t_max_diff 0.05 --t_offset 0 --no_warnings -d 1 -u m --all_pairs --pairs_from_reference --save_results /home/wcqw/ac-slam/results/phase4b/map3/seed_21001/A_original/evo/rpe_translation_1m.zip",
      "result_archive": "rpe_translation_1m.zip",
      "rmse": 0.033705,
      "stdout_stderr": "rpe_translation_1m.txt"
    }
  },
  "executed_loops": 4,
  "full_tsp_path": [
    8,
    7,
    6,
    5,
    4,
    3,
    9,
    15,
    16,
    10,
    11,
    35,
    37,
    20,
    19,
    23,
    29,
    30,
    24,
    25,
    31,
    32,
    26,
    38,
    36,
    12,
    13,
    14,
    18,
    17,
    21,
    22,
    28,
    34,
    33,
    27
  ],
  "initial_tsp_path": [
    8,
    7,
    6,
    5,
    4,
    3,
    9,
    15,
    16,
    10,
    11,
    35,
    37,
    20,
    19,
    23,
    29,
    30,
    24,
    25,
    31,
    32,
    26,
    38,
    36,
    12,
    13,
    14,
    18,
    17,
    21,
    22,
    28,
    34,
    33,
    27
  ],
  "planned_loops": 4,
  "planned_vs_actual": {
    "actual_path_length": 555.1363452023396,
    "actual_sequence_precision_lcs": 0.8723404255319149,
    "actual_vertex_count": 47,
    "actually_visited_high_level_vertices": [
      8,
      7,
      6,
      5,
      4,
      3,
      9,
      15,
      16,
      10,
      11,
      35,
      37,
      20,
      19,
      15,
      19,
      23,
      29,
      30,
      31,
      25,
      26,
      25,
      31,
      32,
      26,
      38,
      36,
      12,
      11,
      35,
      11,
      12,
      13,
      14,
      8,
      14,
      18,
      17,
      18,
      21,
      22,
      28,
      34,
      33,
      27
    ],
    "counts": {
      "goal_failures": 0,
      "goal_skip_seen_no_frontier": 6,
      "local_replanning_calls": 212,
      "no_frontier_at_vertex": 28,
      "no_frontier_reachable": 0,
      "repeated_visit_skip": 5,
      "replan_requests": 217
    },
    "executed_loop_vertices": [
      15,
      11,
      8,
      26
    ],
    "initial_tsp_predicted_path_length": 415.222222222222,
    "interpretation": "Order-sensitive exact vertex-sequence comparison. Normalized edit distance is Levenshtein distance divided by the longer sequence; 0 means identical. LCS recall/precision show how much order is retained without treating skipped vertices as substitutions.",
    "lcs_length": 41,
    "levenshtein_edit_distance": 7,
    "normalized_edit_distance": 0.14893617021276595,
    "planned_high_level_vertices": [
      8,
      7,
      6,
      5,
      4,
      3,
      9,
      15,
      16,
      10,
      11,
      35,
      37,
      20,
      19,
      15,
      19,
      23,
      29,
      30,
      24,
      25,
      31,
      32,
      26,
      38,
      36,
      12,
      11,
      12,
      13,
      14,
      8,
      14,
      18,
      17,
      21,
      22,
      28,
      34,
      33,
      27,
      26
    ],
    "planned_loop_vertices": [
      15,
      11,
      8,
      26
    ],
    "planned_path_length": 503.6111111111108,
    "planned_sequence_recall_lcs": 0.9534883720930233,
    "planned_vertex_count": 43,
    "successful_slam_loop_vertices": []
  },
  "predicted_full_tsp_length": 415.222222222222,
  "predicted_tsp_length": 415.222222222222,
  "seed": 21001,
  "solver": "concorde",
  "successful_slam_loops": 0,
  "total_exploration_time": 1470.6000000000001,
  "total_path_length_gt": 555.1363452023396
}
