{
  "condition": "A",
  "execution_cost": {
    "active_loop_distance_m": 66.77195318445612,
    "active_loop_time_s": 224.90000000000032,
    "early_stop_count": 0,
    "early_stop_saved_remaining_polyline_m_lower_bound": 0.0,
    "no_repair_count": 4,
    "repair_distance_m": 0,
    "repair_time_s": 0,
    "repair_trigger_count": 0
  },
  "exploration": {
    "action_status": 3,
    "sim_time_s": 1470.6000000000001,
    "total_distance_m": 555.1363452023396,
    "wall_sim_ratio": 1.000752457910377,
    "wall_time_s": 1471.7065646030005
  },
  "loop_realization": {
    "acceptance_rate": 0.0,
    "accepted_active_loops": 0,
    "accepted_passive_or_unattributed_events": 0,
    "executed_active_loops": 4,
    "planned_active_loops": 4
  },
  "mapping": {
    "estimated_unknown_ratio": 0.10054734293597127,
    "occupied_boundary_f1": 0.391957362057004,
    "occupied_iou": 0.06127131782945736
  },
  "method": "Original",
  "oracle_mode": 0,
  "phase": "4B",
  "pose_graph": {
    "edge_count": 1104,
    "node_count": 743
  },
  "seed": 21001,
  "trajectory": {
    "ape_se2_translation_rmse_m": 1.931035,
    "rpe_rotation_1m_rmse_deg": 0.208282,
    "rpe_translation_1m_rmse_m": 0.033705
  },
  "tsp": {
    "full_tsp_path": [
      8,
      7,
      6,
      5,
      4,
      3,
      9,
      15,
      16,
      10,
      11,
      35,
      37,
      20,
      19,
      23,
      29,
      30,
      24,
      25,
      31,
      32,
      26,
      38,
      36,
      12,
      13,
      14,
      18,
      17,
      21,
      22,
      28,
      34,
      33,
      27
    ],
    "initial_tsp_path": [
      8,
      7,
      6,
      5,
      4,
      3,
      9,
      15,
      16,
      10,
      11,
      35,
      37,
      20,
      19,
      23,
      29,
      30,
      24,
      25,
      31,
      32,
      26,
      38,
      36,
      12,
      13,
      14,
      18,
      17,
      21,
      22,
      28,
      34,
      33,
      27
    ],
    "predicted_full_tsp_length": 415.222222222222,
    "predicted_tsp_length": 415.222222222222,
    "seed": 21001,
    "solver": "concorde"
  },
  "validity": "VALID"
}
