... logging to /home/wcqw/ac-slam/catkin_ws/.ros/log/d56bd6d4-9de6-11f1-a096-8b6a3f3f7a5c/roslaunch-msxg-49325.log
Checking log directory for disk usage. This may take a while.
Press Ctrl-C to interrupt
Done checking log file disk usage. Usage is <1GB.
]2;roscore
[1mstarted roslaunch server http://127.0.0.1:36263/[0m
ros_comm version 1.17.4


SUMMARY
========

PARAMETERS
 * /rosdistro: noetic
 * /rosversion: 1.17.4

NODES

auto-starting new master
[1mprocess[master]: started with pid [49358][0m
[1mROS_MASTER_URI=http://127.0.0.1:11311/[0m
]2;roscore http://127.0.0.1:11311/
[1msetting /run_id to d56bd6d4-9de6-11f1-a096-8b6a3f3f7a5c[0m
[1mprocess[rosout-1]: started with pid [49391][0m
started core service [/rosout]
[rosout-1] killing on exit
[master] killing on exit
shutting down processing monitor...
... shutting down processing monitor complete
[1mdone[0m
