[  0%] Built target geometry_msgs_generate_messages_nodejs
[  0%] Built target sensor_msgs_generate_messages_nodejs
[  0%] Built target sensor_msgs_generate_messages_py
[  0%] Built target geometry_msgs_generate_messages_py
[  0%] Built target std_msgs_generate_messages_py
[  0%] Built target geometry_msgs_generate_messages_cpp
[  0%] Built target sensor_msgs_generate_messages_cpp
[  0%] Built target geometry_msgs_generate_messages_eus
[  0%] Built target std_msgs_generate_messages_lisp
[  0%] Built target sensor_msgs_generate_messages_lisp
[  0%] Built target std_msgs_generate_messages_cpp
[  0%] Built target std_msgs_generate_messages_nodejs
[  0%] Built target geometry_msgs_generate_messages_lisp
[  0%] Built target sensor_msgs_generate_messages_eus
[  0%] Built target std_msgs_generate_messages_eus
[  0%] Built target nav_msgs_generate_messages_py
[  0%] Built target map_msgs_generate_messages_cpp
[  1%] Built target p2os_publisher_3dx
[  5%] Built target SelfLocalizer
[  6%] Built target p2os_publisher_3at
[  6%] Built target tf2_msgs_generate_messages_py
[  7%] Built target p2os_publisher
[ 16%] Built target OpenKarto
[ 16%] Built target tf_generate_messages_lisp
[ 16%] Built target rosgraph_msgs_generate_messages_py
[ 16%] Built target rosgraph_msgs_generate_messages_eus
[ 16%] Built target tf_generate_messages_cpp
[ 16%] Built target roscpp_generate_messages_nodejs
[ 16%] Built target nav_msgs_generate_messages_lisp
[ 16%] Built target tf2_msgs_generate_messages_lisp
[ 16%] Built target nav_msgs_generate_messages_cpp
[ 16%] Built target rosgraph_msgs_generate_messages_lisp
[ 16%] Built target rosgraph_msgs_generate_messages_cpp
[ 16%] Built target actionlib_generate_messages_py
[ 16%] Built target actionlib_msgs_generate_messages_nodejs
[ 16%] Built target tf_generate_messages_py
[ 16%] Built target actionlib_msgs_generate_messages_eus
[ 16%] Built target roscpp_generate_messages_lisp
[ 16%] Built target _nav2d_msgs_generate_messages_check_deps_RobotPose
[ 16%] Built target _nav2d_msgs_generate_messages_check_deps_LocalizedScan
[ 16%] Built target nav_msgs_generate_messages_nodejs
[ 16%] Built target actionlib_generate_messages_lisp
[ 16%] Built target roscpp_generate_messages_py
[ 16%] Built target roscpp_generate_messages_eus
[ 16%] Built target tf2_msgs_generate_messages_eus
[ 16%] Built target tf_generate_messages_nodejs
[ 16%] Built target roscpp_generate_messages_cpp
[ 16%] Built target actionlib_generate_messages_nodejs
[ 16%] Built target actionlib_msgs_generate_messages_lisp
[ 16%] Built target rosgraph_msgs_generate_messages_nodejs
[ 16%] Built target tf_generate_messages_eus
[ 16%] Built target actionlib_generate_messages_eus
[ 16%] Built target nav_msgs_generate_messages_eus
[ 16%] Built target visualization_msgs_generate_messages_cpp
[ 16%] Built target tf2_msgs_generate_messages_cpp
[ 16%] Built target actionlib_msgs_generate_messages_cpp
[ 16%] Built target tf2_msgs_generate_messages_nodejs
[ 16%] Built target visualization_msgs_generate_messages_eus
[ 16%] Built target visualization_msgs_generate_messages_py
[ 16%] Built target actionlib_generate_messages_cpp
[ 16%] Built target actionlib_msgs_generate_messages_py
[ 16%] Built target visualization_msgs_generate_messages_lisp
[ 16%] Built target dynamic_reconfigure_generate_messages_nodejs
[ 16%] Built target costmap_2d_generate_messages_py
[ 16%] Built target visualization_msgs_generate_messages_nodejs
[ 16%] Built target dynamic_reconfigure_generate_messages_py
[ 16%] Built target dynamic_reconfigure_generate_messages_cpp
[ 16%] Built target costmap_2d_generate_messages_eus
[ 16%] Built target costmap_2d_generate_messages_nodejs
[ 16%] Built target dynamic_reconfigure_generate_messages_eus
[ 16%] Built target dynamic_reconfigure_gencfg
[ 16%] Built target map_msgs_generate_messages_eus
[ 16%] Built target costmap_2d_generate_messages_lisp
[ 16%] Built target costmap_2d_generate_messages_cpp
[ 16%] Built target dynamic_reconfigure_generate_messages_lisp
[ 16%] Built target map_msgs_generate_messages_py
[ 16%] Built target map_msgs_generate_messages_nodejs
[ 16%] Built target costmap_2d_gencfg
[ 16%] Built target map_msgs_generate_messages_lisp
[ 16%] Built target _nav2d_operator_generate_messages_check_deps_cmd
[ 16%] Built target _nav2d_navigator_generate_messages_check_deps_GetFirstMapActionGoal
[ 16%] Built target _nav2d_navigator_generate_messages_check_deps_ExploreActionFeedback
[ 16%] Built target _nav2d_navigator_generate_messages_check_deps_LocalizeFeedback
[ 16%] Built target _nav2d_navigator_generate_messages_check_deps_ExploreActionGoal
[ 16%] Built target _nav2d_navigator_generate_messages_check_deps_GetFirstMapGoal
[ 16%] Built target _nav2d_navigator_generate_messages_check_deps_ExploreResult
[ 16%] Built target _nav2d_navigator_generate_messages_check_deps_ExploreGoal
[ 16%] Built target _nav2d_navigator_generate_messages_check_deps_MoveToPosition2DFeedback
[ 16%] Built target _nav2d_navigator_generate_messages_check_deps_ExploreAction
[ 16%] Built target _nav2d_navigator_generate_messages_check_deps_GetFirstMapActionFeedback
[ 16%] Built target _nav2d_navigator_generate_messages_check_deps_MoveToPosition2DActionFeedback
[ 16%] Built target _nav2d_navigator_generate_messages_check_deps_MoveToPosition2DResult
[ 16%] Built target _nav2d_navigator_generate_messages_check_deps_MoveToPosition2DActionResult
[ 16%] Built target _nav2d_navigator_generate_messages_check_deps_LocalizeAction
[ 16%] Built target _nav2d_navigator_generate_messages_check_deps_MoveToPosition2DActionGoal
[ 16%] Built target _nav2d_navigator_generate_messages_check_deps_ExploreActionResult
[ 16%] Built target _nav2d_navigator_generate_messages_check_deps_GetFirstMapFeedback
[ 16%] Built target _nav2d_navigator_generate_messages_check_deps_LocalizeActionGoal
[ 17%] Built target MapInflationTool
[ 17%] Built target gridastar
[ 17%] Built target _nav2d_navigator_generate_messages_check_deps_LocalizeActionFeedback
[ 17%] Built target _nav2d_navigator_generate_messages_check_deps_MoveToPosition2DGoal
[ 17%] Built target _nav2d_navigator_generate_messages_check_deps_ExploreFeedback
[ 17%] Built target nav2d_msgs_generate_messages_nodejs
[ 18%] Built target nav2d_msgs_generate_messages_py
[ 18%] Built target nav2d_msgs_generate_messages_cpp
[ 19%] Built target nav2d_msgs_generate_messages_eus
[ 19%] Built target _nav2d_navigator_generate_messages_check_deps_LocalizeActionResult
[ 20%] Built target nav2d_msgs_generate_messages_lisp
[ 20%] Built target _nav2d_navigator_generate_messages_check_deps_MoveToPosition2DAction
[ 20%] Built target _nav2d_navigator_generate_messages_check_deps_GetFirstMapResult
[ 20%] Built target _nav2d_navigator_generate_messages_check_deps_LocalizeResult
[ 22%] Built target nav2d_operator_generate_messages_nodejs
[ 22%] Built target localizer
[ 22%] Built target nav2d_operator_generate_messages_py
[ 22%] Built target nav2d_operator_generate_messages_eus
[ 22%] Built target _nav2d_navigator_generate_messages_check_deps_GetFirstMapActionResult
[ 22%] Built target MultiMapper
[ 23%] Built target nav2d_operator_generate_messages_cpp
[ 23%] Built target _catkin_empty_exported_target
[ 23%] Built target nav2d_msgs_generate_messages
[ 23%] Built target _cpp_solver_generate_messages_check_deps_ReliableLoop
[ 23%] Built target _nav2d_navigator_generate_messages_check_deps_LocalizeGoal
[ 23%] Built target _cpp_solver_generate_messages_check_deps_ExplorationButton
[ 23%] Built target _cpp_solver_generate_messages_check_deps_LoopClosureEvent
[ 23%] Built target _nav2d_navigator_generate_messages_check_deps_GetFirstMapAction
[ 23%] Built target _cpp_solver_generate_messages_check_deps_EdgeDistance
[ 23%] Built target _cpp_solver_generate_messages_check_deps_RequestGraph
[ 23%] Built target nav2d_operator_generate_messages_lisp
[ 23%] Built target RobotOperator
[ 56%] Built target nav2d_navigator_generate_messages_py
[ 56%] Built target nav2d_navigator_generate_messages_eus
[ 56%] Built target nav2d_navigator_generate_messages_cpp
[ 57%] Built target nav2d_navigator_generate_messages_lisp
[ 69%] Built target mapper
[ 69%] Built target _cpp_solver_generate_messages_check_deps_PoseGraph
[ 69%] Built target nav2d_operator_generate_messages
[ 78%] Built target nav2d_navigator_generate_messages_nodejs
[ 79%] Built target operator
[ 79%] Built target _cpp_solver_generate_messages_check_deps_TspPathList
[ 80%] Built target localize_client
[ 80%] Built target set_goal_client
[ 80%] Built target explore_client
[ 80%] Built target nav2d_navigator_generate_messages
[ 81%] Built target get_map_client
[ 82%] Built target RobotNavigator
[ 88%] Built target cpp_solver_generate_messages_py
[ 88%] Built target cpp_solver_generate_messages_cpp
[ 89%] Built target cpp_solver_generate_messages_eus
[ 91%] Built target cpp_solver_generate_messages_nodejs
[ 93%] Built target cpp_solver_generate_messages_lisp
[ 94%] Built target updateDistance
[ 95%] Built target sim_joy
[ 96%] Built target navigator
[ 96%] Built target pub_path
[ 97%] Built target ExplorationPlugins
[ 97%] Built target cpp_solver_gencpp
[ 98%] Built target remote_joy
[ 98%] Built target cpp_solver_generate_messages
[100%] Built target CppExplorationPlugins
Base path: /home/wcqw/ac-slam/catkin_ws
Source space: /home/wcqw/ac-slam/catkin_ws/src
Build space: /home/wcqw/ac-slam/catkin_ws/build
Devel space: /home/wcqw/ac-slam/catkin_ws/devel
Install space: /home/wcqw/ac-slam/catkin_ws/install
####
#### Running command: "make cmake_check_build_system" in "/home/wcqw/ac-slam/catkin_ws/build"
####
####
#### Running command: "make -j24 -l24" in "/home/wcqw/ac-slam/catkin_ws/build"
####
