{
  "executed_loops": 5,
  "full_tsp_path": [
    8,
    7,
    6,
    5,
    4,
    3,
    9,
    15,
    16,
    10,
    11,
    35,
    37,
    20,
    19,
    23,
    29,
    30,
    24,
    25,
    31,
    32,
    26,
    27,
    33,
    34,
    28,
    22,
    21,
    38,
    36,
    12,
    13,
    17,
    18,
    14
  ],
  "initial_tsp_path": [
    8,
    7,
    6,
    5,
    4,
    3,
    9,
    15,
    16,
    10,
    11,
    35,
    37,
    20,
    19,
    23,
    29,
    30,
    24,
    25,
    31,
    32,
    26,
    27,
    33,
    34,
    28,
    22,
    21,
    38,
    36,
    12,
    13,
    17,
    18,
    14
  ],
  "planned_loops": 5,
  "planned_vs_actual": {
    "actual_path_length": 512.5661258181478,
    "actual_sequence_precision_lcs": 1.0,
    "actual_vertex_count": 13,
    "actually_visited_high_level_vertices": [
      8,
      7,
      6,
      5,
      4,
      35,
      15,
      30,
      27,
      26,
      35,
      22,
      8
    ],
    "counts": {
      "goal_failures": 0,
      "goal_skip_seen_no_frontier": 9,
      "local_replanning_calls": 179,
      "no_frontier_at_vertex": 24,
      "no_frontier_reachable": 0,
      "repeated_visit_skip": 7,
      "replan_requests": 185
    },
    "executed_loop_vertices": [
      15,
      26,
      35,
      22,
      8
    ],
    "initial_tsp_predicted_path_length": 415.222222222222,
    "interpretation": "Order-sensitive exact vertex-sequence comparison. Normalized edit distance is Levenshtein distance divided by the longer sequence; 0 means identical. LCS recall/precision show how much order is retained without treating skipped vertices as substitutions.",
    "lcs_length": 13,
    "levenshtein_edit_distance": 32,
    "normalized_edit_distance": 0.7111111111111111,
    "planned_high_level_vertices": [
      8,
      7,
      6,
      5,
      4,
      3,
      9,
      15,
      16,
      10,
      11,
      35,
      37,
      20,
      19,
      15,
      19,
      23,
      29,
      30,
      24,
      25,
      31,
      32,
      26,
      27,
      33,
      34,
      28,
      22,
      21,
      38,
      26,
      38,
      36,
      35,
      36,
      12,
      13,
      17,
      18,
      22,
      18,
      14,
      8
    ],
    "planned_loop_vertices": [
      15,
      26,
      35,
      22,
      8
    ],
    "planned_path_length": 527.2499999999997,
    "planned_sequence_recall_lcs": 0.28888888888888886,
    "planned_vertex_count": 45,
    "successful_slam_loop_vertices": []
  },
  "predicted_full_tsp_length": 415.222222222222,
  "predicted_tsp_length": 415.222222222222,
  "seed": 21005,
  "solver": "concorde",
  "successful_slam_loops": 0,
  "total_exploration_time": 1330.1999999999998,
  "total_path_length_gt": 512.5661258181478
}
