{
  "condition": "C",
  "execution_cost": {
    "active_loop_distance_m": 106.03465665069703,
    "active_loop_time_s": 357.79999999999995,
    "early_stop_count": 1,
    "early_stop_saved_planned_distance_m_estimate": 47.81194501084784,
    "no_repair_count": 1,
    "repair_distance_m": 77.26251200580873,
    "repair_time_s": 235.79999999999995,
    "repair_trigger_count": 3
  },
  "exploration": {
    "action_status": 3,
    "sim_time_s": 1362.8,
    "total_distance_m": 517.6635190696006,
    "wall_sim_ratio": 1.0004308795611976,
    "wall_time_s": 1363.3872026660001
  },
  "loop_realization": {
    "acceptance_rate": 0.25,
    "accepted_active_loops": 1,
    "accepted_passive_or_unattributed_events": 0,
    "executed_active_loops": 4,
    "planned_active_loops": 4
  },
  "mapping": {
    "estimated_unknown_ratio": 0.12411762303147779,
    "occupied_boundary_f1": 0.5879432647780882,
    "occupied_iou": 0.07507379262701752
  },
  "method": "Selective",
  "oracle_mode": 2,
  "phase": "4B",
  "pose_graph": {
    "edge_count": 1123,
    "node_count": 731
  },
  "seed": 21001,
  "trajectory": {
    "ape_se2_translation_rmse_m": 0.257517,
    "rpe_rotation_1m_rmse_deg": 0.270592,
    "rpe_translation_1m_rmse_m": 0.043351
  },
  "tsp": {
    "full_tsp_path": [
      8,
      7,
      6,
      5,
      4,
      3,
      9,
      15,
      16,
      10,
      11,
      35,
      37,
      20,
      19,
      23,
      29,
      30,
      24,
      25,
      31,
      32,
      26,
      38,
      36,
      12,
      13,
      14,
      18,
      17,
      21,
      22,
      28,
      34,
      33,
      27
    ],
    "initial_tsp_path": [
      8,
      7,
      6,
      5,
      4,
      3,
      9,
      15,
      16,
      10,
      11,
      35,
      37,
      20,
      19,
      23,
      29,
      30,
      24,
      25,
      31,
      32,
      26,
      38,
      36,
      12,
      13,
      14,
      18,
      17,
      21,
      22,
      28,
      34,
      33,
      27
    ],
    "predicted_full_tsp_length": 415.222222222222,
    "predicted_tsp_length": 415.222222222222,
    "seed": 21001,
    "solver": "concorde"
  },
  "validity": "VALID"
}
