... logging to /home/wcqw/ac-slam/catkin_ws/.ros/log/6f044d72-a511-11f1-921f-c18b8a8af72c/roslaunch-msxg-30477.log
Checking log directory for disk usage. This may take a while.
Press Ctrl-C to interrupt
Done checking log file disk usage. Usage is <1GB.
]2;roscore
[1mstarted roslaunch server http://127.0.0.1:41117/[0m
ros_comm version 1.17.4


SUMMARY
========

PARAMETERS
 * /rosdistro: noetic
 * /rosversion: 1.17.4

NODES

auto-starting new master
[1mprocess[master]: started with pid [30510][0m
[1mROS_MASTER_URI=http://127.0.0.1:11311/[0m
]2;roscore http://127.0.0.1:11311/
[1msetting /run_id to 6f044d72-a511-11f1-921f-c18b8a8af72c[0m
[1mprocess[rosout-1]: started with pid [30543][0m
started core service [/rosout]
[rosout-1] killing on exit
[master] killing on exit
shutting down processing monitor...
... shutting down processing monitor complete
[1mdone[0m
