[ERROR] [1787712764.453686, 2181.400000]: bad callback: <bound method Phase2Observer.on_ground_truth of <__main__.Phase2Observer object at 0x7f7a96c846d0>>
Traceback (most recent call last):
  File "/opt/ros/noetic/lib/python3/dist-packages/rospy/topics.py", line 750, in _invoke_callback
    cb(msg)
  File "/home/wcqw/ac-slam/tools/phase2_observer.py", line 499, in on_ground_truth
    self.gt_writer.writerow([
ValueError: I/O operation on closed file.

[ERROR] [1787712764.455900, 2181.400000]: bad callback: <bound method Phase2Observer.on_ground_truth of <__main__.Phase2Observer object at 0x7f7a96c846d0>>
Traceback (most recent call last):
  File "/opt/ros/noetic/lib/python3/dist-packages/rospy/topics.py", line 750, in _invoke_callback
    cb(msg)
  File "/home/wcqw/ac-slam/tools/phase2_observer.py", line 499, in on_ground_truth
    self.gt_writer.writerow([
ValueError: I/O operation on closed file.

[ERROR] [1787712764.456821, 2181.400000]: bad callback: <bound method Phase2Observer.on_ground_truth of <__main__.Phase2Observer object at 0x7f7a96c846d0>>
Traceback (most recent call last):
  File "/opt/ros/noetic/lib/python3/dist-packages/rospy/topics.py", line 750, in _invoke_callback
    cb(msg)
  File "/home/wcqw/ac-slam/tools/phase2_observer.py", line 499, in on_ground_truth
    self.gt_writer.writerow([
ValueError: I/O operation on closed file.

