{
  "condition": "B",
  "execution_cost": {
    "active_loop_distance_m": 251.98799159745928,
    "active_loop_time_s": 1085.9999999999995,
    "early_stop_count": 0,
    "early_stop_saved_remaining_polyline_m_lower_bound": 0.0,
    "no_repair_count": 0,
    "repair_distance_m": 251.98799159745928,
    "repair_time_s": 1085.9999999999995,
    "repair_trigger_count": 5
  },
  "exploration": {
    "action_status": 3,
    "sim_time_s": 2153.5,
    "total_distance_m": 684.7858037254215,
    "wall_sim_ratio": 1.000411993453448,
    "wall_time_s": 2154.387227902
  },
  "loop_realization": {
    "acceptance_rate": 0.0,
    "accepted_active_loops": 0,
    "accepted_passive_or_unattributed_events": 0,
    "executed_active_loops": 5,
    "planned_active_loops": 5
  },
  "mapping": {
    "estimated_unknown_ratio": 0.1030835384941014,
    "occupied_boundary_f1": 0.5841958433903082,
    "occupied_iou": 0.07766435685368701
  },
  "method": "Always-Trace",
  "oracle_mode": 1,
  "phase": "4B",
  "pose_graph": {
    "edge_count": 6612,
    "node_count": 1412
  },
  "seed": 21005,
  "trajectory": {
    "ape_se2_translation_rmse_m": 0.905463,
    "rpe_rotation_1m_rmse_deg": 1.328437,
    "rpe_translation_1m_rmse_m": 0.067362
  },
  "tsp": {
    "full_tsp_path": [
      8,
      7,
      6,
      5,
      4,
      3,
      9,
      15,
      16,
      10,
      11,
      35,
      37,
      20,
      19,
      23,
      29,
      30,
      24,
      25,
      31,
      32,
      26,
      27,
      33,
      34,
      28,
      22,
      21,
      38,
      36,
      12,
      13,
      17,
      18,
      14
    ],
    "initial_tsp_path": [
      8,
      7,
      6,
      5,
      4,
      3,
      9,
      15,
      16,
      10,
      11,
      35,
      37,
      20,
      19,
      23,
      29,
      30,
      24,
      25,
      31,
      32,
      26,
      27,
      33,
      34,
      28,
      22,
      21,
      38,
      36,
      12,
      13,
      17,
      18,
      14
    ],
    "predicted_full_tsp_length": 415.222222222222,
    "predicted_tsp_length": 415.222222222222,
    "seed": 21005,
    "solver": "concorde"
  },
  "validity": "VALID"
}
