{
  "condition": "C",
  "execution_cost": {
    "active_loop_distance_m": 55.57609681509156,
    "active_loop_time_s": 115.40000000000009,
    "early_stop_count": 2,
    "early_stop_saved_remaining_polyline_m_lower_bound": 16.333054040706987,
    "no_repair_count": 1,
    "repair_distance_m": 36.16495492652586,
    "repair_time_s": 67.40000000000009,
    "repair_trigger_count": 2
  },
  "exploration": {
    "action_status": 3,
    "sim_time_s": 1405.8,
    "total_distance_m": 727.6823576018498,
    "wall_sim_ratio": 1.000073319181961,
    "wall_time_s": 1405.9030721060008
  },
  "loop_realization": {
    "acceptance_rate": 0.6666666666666666,
    "accepted_active_loops": 2,
    "accepted_passive_or_unattributed_events": 0,
    "executed_active_loops": 3,
    "planned_active_loops": 3
  },
  "mapping": {
    "estimated_unknown_ratio": 0.21421256159981986,
    "occupied_boundary_f1": 0.5461778504267958,
    "occupied_iou": 0.12573841439657987
  },
  "method": "Selective",
  "oracle_mode": 2,
  "phase": "4B",
  "pose_graph": {
    "edge_count": 1765,
    "node_count": 1032
  },
  "seed": 21003,
  "trajectory": {
    "ape_se2_translation_rmse_m": 0.152886,
    "rpe_rotation_1m_rmse_deg": 0.183652,
    "rpe_translation_1m_rmse_m": 0.031988
  },
  "tsp": {
    "full_tsp_path": [
      20,
      37,
      17,
      12,
      17,
      16,
      15,
      14,
      15,
      13,
      17,
      11,
      18,
      10,
      36,
      9,
      36,
      8,
      0,
      35,
      1,
      35,
      6,
      19,
      38,
      26,
      21,
      22,
      21,
      24,
      21,
      23,
      21,
      25,
      27,
      31,
      32,
      29,
      32,
      30,
      32,
      28,
      33,
      7,
      5,
      4,
      3,
      34,
      2
    ],
    "initial_tsp_path": [
      20,
      37,
      17,
      12,
      16,
      15,
      14,
      13,
      11,
      18,
      10,
      36,
      9,
      8,
      0,
      35,
      1,
      6,
      19,
      38,
      26,
      22,
      21,
      24,
      23,
      25,
      27,
      31,
      29,
      32,
      30,
      28,
      33,
      7,
      5,
      4,
      3,
      34,
      2
    ],
    "predicted_full_tsp_length": 581.3749220957066,
    "predicted_tsp_length": 581.3749220957063,
    "seed": 21003,
    "solver": "concorde"
  },
  "validity": "VALID"
}
