{
  "automatic_retry": false,
  "completed_cells": [
    {
      "attempt": "attempt_01",
      "condition": "A",
      "executed_loop_count": 3,
      "experimental_failure_reason": null,
      "map": "map8",
      "planned_loop_count": 3,
      "run_dir": "results/phase4c/formal/map8/seed_21001/A_original/attempt_01",
      "seed": 21001,
      "selected_wall_time_utc": "2026-08-31T08:23:58.853998+00:00",
      "selection_sequence_file": "selection_sequence.json",
      "skipped_completed": true,
      "validity": "VALID"
    },
    {
      "attempt": "attempt_01",
      "condition": "B",
      "executed_loop_count": 3,
      "experimental_failure_reason": null,
      "map": "map8",
      "planned_loop_count": 3,
      "run_dir": "results/phase4c/formal/map8/seed_21001/B_always_trace/attempt_01",
      "seed": 21001,
      "selected_wall_time_utc": "2026-08-31T08:51:39.193138+00:00",
      "selection_sequence_file": "selection_sequence.json",
      "skipped_completed": true,
      "validity": "VALID"
    },
    {
      "attempt": "attempt_01",
      "condition": "C",
      "executed_loop_count": 3,
      "experimental_failure_reason": null,
      "map": "map8",
      "planned_loop_count": 3,
      "run_dir": "results/phase4c/formal/map8/seed_21001/C_selective/attempt_01",
      "seed": 21001,
      "selected_wall_time_utc": "2026-08-31T09:16:38.946345+00:00",
      "selection_sequence_file": "selection_sequence.json",
      "skipped_completed": true,
      "validity": "VALID"
    },
    {
      "attempt": "attempt_01",
      "condition": "B",
      "executed_loop_count": 3,
      "experimental_failure_reason": null,
      "map": "map8",
      "planned_loop_count": 3,
      "run_dir": "results/phase4c/formal/map8/seed_21002/B_always_trace/attempt_01",
      "seed": 21002,
      "selected_wall_time_utc": "2026-08-31T09:47:01.381308+00:00",
      "selection_sequence_file": "selection_sequence.json",
      "skipped_completed": true,
      "validity": "VALID"
    },
    {
      "attempt": "attempt_02",
      "condition": "C",
      "executed_loop_count": 3,
      "experimental_failure_reason": null,
      "map": "map8",
      "planned_loop_count": 3,
      "run_dir": "results/phase4c/formal/map8/seed_21002/C_selective/attempt_02",
      "seed": 21002,
      "selected_wall_time_utc": "2026-09-01T01:45:02.647904+00:00",
      "selection_sequence_file": "selection_sequence.json",
      "skipped_completed": true,
      "validity": "VALID"
    },
    {
      "attempt": "attempt_01",
      "condition": "A",
      "executed_loop_count": 3,
      "experimental_failure_reason": null,
      "map": "map8",
      "planned_loop_count": 3,
      "run_dir": "results/phase4c/formal/map8/seed_21002/A_original/attempt_01",
      "seed": 21002,
      "selected_wall_time_utc": "2026-09-01T02:11:27.781832+00:00",
      "selection_sequence_file": "selection_sequence.json",
      "skipped_completed": true,
      "validity": "VALID"
    },
    {
      "attempt": "attempt_01",
      "condition": "C",
      "executed_loop_count": 3,
      "experimental_failure_reason": null,
      "map": "map8",
      "planned_loop_count": 3,
      "run_dir": "results/phase4c/formal/map8/seed_21003/C_selective/attempt_01",
      "seed": 21003,
      "selected_wall_time_utc": "2026-09-01T02:35:50.399756+00:00",
      "selection_sequence_file": "selection_sequence.json",
      "skipped_completed": true,
      "validity": "VALID"
    },
    {
      "attempt": "attempt_01",
      "condition": "A",
      "executed_loop_count": 3,
      "experimental_failure_reason": null,
      "map": "map8",
      "planned_loop_count": 3,
      "run_dir": "results/phase4c/formal/map8/seed_21003/A_original/attempt_01",
      "seed": 21003,
      "selected_wall_time_utc": "2026-09-01T03:00:37.005885+00:00",
      "selection_sequence_file": "selection_sequence.json",
      "skipped_completed": true,
      "validity": "VALID"
    },
    {
      "attempt": "attempt_01",
      "condition": "B",
      "executed_loop_count": 3,
      "experimental_failure_reason": null,
      "map": "map8",
      "planned_loop_count": 3,
      "run_dir": "results/phase4c/formal/map8/seed_21003/B_always_trace/attempt_01",
      "seed": 21003,
      "selected_wall_time_utc": "2026-09-01T03:29:10.523276+00:00",
      "selection_sequence_file": "selection_sequence.json",
      "skipped_completed": true,
      "validity": "VALID"
    },
    {
      "attempt": "attempt_01",
      "condition": "A",
      "executed_loop_count": 3,
      "experimental_failure_reason": null,
      "map": "map8",
      "planned_loop_count": 3,
      "run_dir": "results/phase4c/formal/map8/seed_21004/A_original/attempt_01",
      "seed": 21004,
      "selected_wall_time_utc": "2026-09-01T03:52:47.827696+00:00",
      "selection_sequence_file": "selection_sequence.json",
      "skipped_completed": true,
      "validity": "VALID"
    },
    {
      "attempt": "attempt_01",
      "condition": "C",
      "executed_loop_count": 3,
      "experimental_failure_reason": null,
      "map": "map8",
      "planned_loop_count": 3,
      "run_dir": "results/phase4c/formal/map8/seed_21004/C_selective/attempt_01",
      "seed": 21004,
      "selected_wall_time_utc": "2026-09-01T04:16:32.969310+00:00",
      "selection_sequence_file": "selection_sequence.json",
      "skipped_completed": true,
      "validity": "VALID"
    },
    {
      "attempt": "attempt_01",
      "condition": "B",
      "executed_loop_count": 3,
      "experimental_failure_reason": null,
      "map": "map8",
      "planned_loop_count": 3,
      "run_dir": "results/phase4c/formal/map8/seed_21004/B_always_trace/attempt_01",
      "seed": 21004,
      "selected_wall_time_utc": "2026-09-01T04:43:46.149072+00:00",
      "selection_sequence_file": "selection_sequence.json",
      "skipped_completed": true,
      "validity": "VALID"
    },
    {
      "attempt": "attempt_01",
      "condition": "B",
      "executed_loop_count": 3,
      "experimental_failure_reason": null,
      "map": "map8",
      "planned_loop_count": 3,
      "run_dir": "results/phase4c/formal/map8/seed_21005/B_always_trace/attempt_01",
      "seed": 21005,
      "selected_wall_time_utc": "2026-09-01T05:09:02.518773+00:00",
      "selection_sequence_file": "selection_sequence.json",
      "skipped_completed": true,
      "validity": "VALID"
    },
    {
      "attempt": "attempt_01",
      "condition": "A",
      "executed_loop_count": 3,
      "experimental_failure_reason": null,
      "map": "map8",
      "planned_loop_count": 3,
      "run_dir": "results/phase4c/formal/map8/seed_21005/A_original/attempt_01",
      "seed": 21005,
      "selected_wall_time_utc": "2026-09-01T05:33:06.492239+00:00",
      "selection_sequence_file": "selection_sequence.json",
      "skipped_completed": true,
      "validity": "VALID"
    },
    {
      "attempt": "attempt_01",
      "condition": "C",
      "executed_loop_count": 3,
      "experimental_failure_reason": null,
      "map": "map8",
      "planned_loop_count": 3,
      "run_dir": "results/phase4c/formal/map8/seed_21005/C_selective/attempt_01",
      "seed": 21005,
      "selected_wall_time_utc": "2026-09-01T05:57:28.632603+00:00",
      "selection_sequence_file": "selection_sequence.json",
      "skipped_completed": true,
      "validity": "VALID"
    },
    {
      "attempt": "attempt_01",
      "condition": "A",
      "executed_loop_count": 0,
      "experimental_failure_reason": "Explore action status 4",
      "map": "radish_mexico",
      "planned_loop_count": 0,
      "run_dir": "results/phase4c/formal/radish_mexico/seed_21001/A_original/attempt_01",
      "seed": 21001,
      "selected_wall_time_utc": "2026-09-01T07:34:08.394591+00:00",
      "selection_sequence_file": "selection_sequence.json",
      "skipped_completed": true,
      "validity": "EXPERIMENTAL_FAILURE"
    },
    {
      "attempt": "attempt_01",
      "condition": "B",
      "executed_loop_count": 0,
      "experimental_failure_reason": "Explore action status 4",
      "map": "radish_mexico",
      "planned_loop_count": 0,
      "run_dir": "results/phase4c/formal/radish_mexico/seed_21001/B_always_trace/attempt_01",
      "seed": 21001,
      "selected_wall_time_utc": "2026-09-01T08:32:26.951638+00:00",
      "selection_sequence_file": "selection_sequence.json",
      "skipped_completed": true,
      "validity": "EXPERIMENTAL_FAILURE"
    },
    {
      "attempt": "attempt_01",
      "condition": "C",
      "executed_loop_count": 0,
      "experimental_failure_reason": "Explore action status 4",
      "map": "radish_mexico",
      "planned_loop_count": 0,
      "run_dir": "results/phase4c/formal/radish_mexico/seed_21001/C_selective/attempt_01",
      "seed": 21001,
      "selected_wall_time_utc": "2026-09-01T09:31:58.096241+00:00",
      "selection_sequence_file": "selection_sequence.json",
      "skipped_completed": true,
      "validity": "EXPERIMENTAL_FAILURE"
    },
    {
      "attempt": "attempt_02",
      "condition": "B",
      "executed_loop_count": 0,
      "experimental_failure_reason": "Explore action status 4",
      "map": "radish_mexico",
      "planned_loop_count": 0,
      "run_dir": "results/phase4c/formal/radish_mexico/seed_21002/B_always_trace/attempt_02",
      "seed": 21002,
      "selected_wall_time_utc": "2026-09-01T20:37:53.615126+00:00",
      "selection_sequence_file": "selection_sequence.json",
      "skipped_completed": true,
      "validity": "EXPERIMENTAL_FAILURE"
    },
    {
      "attempt": "attempt_01",
      "condition": "C",
      "executed_loop_count": 0,
      "experimental_failure_reason": "Explore action status 4",
      "map": "radish_mexico",
      "planned_loop_count": 0,
      "run_dir": "results/phase4c/formal/radish_mexico/seed_21002/C_selective/attempt_01",
      "seed": 21002,
      "selected_wall_time_utc": "2026-09-01T22:11:58.356518+00:00",
      "selection_sequence_file": "selection_sequence.json",
      "skipped_completed": true,
      "validity": "EXPERIMENTAL_FAILURE"
    },
    {
      "attempt": "attempt_02",
      "condition": "A",
      "executed_loop_count": 0,
      "experimental_failure_reason": "Explore action status 4",
      "map": "radish_mexico",
      "planned_loop_count": 0,
      "run_dir": "results/phase4c/formal/radish_mexico/seed_21002/A_original/attempt_02",
      "seed": 21002,
      "selected_wall_time_utc": "2026-09-06T16:53:26.559094+00:00",
      "selection_sequence_file": "selection_sequence.json",
      "skipped_completed": true,
      "validity": "EXPERIMENTAL_FAILURE"
    },
    {
      "attempt": "attempt_01",
      "condition": "C",
      "executed_loop_count": 0,
      "experimental_failure_reason": "Explore action status 4",
      "map": "radish_mexico",
      "planned_loop_count": 0,
      "run_dir": "results/phase4c/formal/radish_mexico/seed_21003/C_selective/attempt_01",
      "seed": 21003,
      "selected_wall_time_utc": "2026-09-06T18:23:35.544937+00:00",
      "selection_sequence_file": "selection_sequence.json",
      "skipped_completed": true,
      "validity": "EXPERIMENTAL_FAILURE"
    },
    {
      "attempt": "attempt_01",
      "condition": "A",
      "executed_loop_count": 0,
      "experimental_failure_reason": "Explore action status 4",
      "map": "radish_mexico",
      "planned_loop_count": 0,
      "run_dir": "results/phase4c/formal/radish_mexico/seed_21003/A_original/attempt_01",
      "seed": 21003,
      "selected_wall_time_utc": "2026-09-06T19:30:15.541939+00:00",
      "selection_sequence_file": "selection_sequence.json",
      "skipped_completed": true,
      "validity": "EXPERIMENTAL_FAILURE"
    },
    {
      "attempt": "attempt_01",
      "condition": "B",
      "executed_loop_count": 0,
      "experimental_failure_reason": "Explore action status 4",
      "map": "radish_mexico",
      "planned_loop_count": 0,
      "run_dir": "results/phase4c/formal/radish_mexico/seed_21003/B_always_trace/attempt_01",
      "seed": 21003,
      "selected_wall_time_utc": "2026-09-06T20:41:33.126953+00:00",
      "selection_sequence_file": "selection_sequence.json",
      "skipped_completed": true,
      "validity": "EXPERIMENTAL_FAILURE"
    },
    {
      "attempt": "attempt_01",
      "condition": "A",
      "executed_loop_count": 0,
      "experimental_failure_reason": "Explore action status 4",
      "map": "radish_mexico",
      "planned_loop_count": 0,
      "run_dir": "results/phase4c/formal/radish_mexico/seed_21004/A_original/attempt_01",
      "seed": 21004,
      "selected_wall_time_utc": "2026-09-06T21:51:50.215695+00:00",
      "selection_sequence_file": "selection_sequence.json",
      "skipped_completed": true,
      "validity": "EXPERIMENTAL_FAILURE"
    },
    {
      "attempt": "attempt_01",
      "condition": "C",
      "executed_loop_count": 0,
      "experimental_failure_reason": "Explore action status 4",
      "map": "radish_mexico",
      "planned_loop_count": 0,
      "run_dir": "results/phase4c/formal/radish_mexico/seed_21004/C_selective/attempt_01",
      "seed": 21004,
      "selected_wall_time_utc": "2026-09-06T23:33:27.052791+00:00",
      "selection_sequence_file": "selection_sequence.json",
      "skipped_completed": true,
      "validity": "EXPERIMENTAL_FAILURE"
    },
    {
      "attempt": "attempt_02",
      "condition": "B",
      "executed_loop_count": 0,
      "experimental_failure_reason": "exploration hard timeout after 18001.0s",
      "map": "radish_mexico",
      "planned_loop_count": 0,
      "run_dir": "results/phase4c/formal/radish_mexico/seed_21004/B_always_trace/attempt_02",
      "seed": 21004,
      "selected_wall_time_utc": "2026-09-11T20:48:26.465717+00:00",
      "selection_sequence_file": "selection_sequence.json",
      "validity": "EXPERIMENTAL_FAILURE"
    },
    {
      "attempt": "attempt_01",
      "condition": "B",
      "executed_loop_count": 0,
      "experimental_failure_reason": "Explore action status 4",
      "map": "radish_mexico",
      "planned_loop_count": 0,
      "run_dir": "results/phase4c/formal/radish_mexico/seed_21005/B_always_trace/attempt_01",
      "seed": 21005,
      "selected_wall_time_utc": "2026-09-12T00:49:49.208029+00:00",
      "selection_sequence_file": "selection_sequence.json",
      "validity": "EXPERIMENTAL_FAILURE"
    },
    {
      "attempt": "attempt_01",
      "condition": "A",
      "executed_loop_count": 0,
      "experimental_failure_reason": "Explore action status 4",
      "map": "radish_mexico",
      "planned_loop_count": 0,
      "run_dir": "results/phase4c/formal/radish_mexico/seed_21005/A_original/attempt_01",
      "seed": 21005,
      "selected_wall_time_utc": "2026-09-12T02:03:10.423555+00:00",
      "selection_sequence_file": "selection_sequence.json",
      "validity": "EXPERIMENTAL_FAILURE"
    },
    {
      "attempt": "attempt_01",
      "condition": "C",
      "executed_loop_count": 0,
      "experimental_failure_reason": "Explore action status 4",
      "map": "radish_mexico",
      "planned_loop_count": 0,
      "run_dir": "results/phase4c/formal/radish_mexico/seed_21005/C_selective/attempt_01",
      "seed": 21005,
      "selected_wall_time_utc": "2026-09-12T02:58:08.184677+00:00",
      "selection_sequence_file": "selection_sequence.json",
      "validity": "EXPERIMENTAL_FAILURE"
    }
  ],
  "finished_wall_time_utc": "2026-09-12T02:58:08.185019+00:00",
  "phase": "4C_FORMAL",
  "started_wall_time_utc": "2026-08-31T07:59:25.228288+00:00",
  "status": "COMPLETED"
}
