{
  "condition": "A",
  "execution_cost": {
    "active_loop_distance_m": 78.86752455862646,
    "active_loop_time_s": 279.0000000000001,
    "early_stop_count": 0,
    "early_stop_saved_planned_distance_m_estimate": 0.0,
    "no_repair_count": 4,
    "repair_distance_m": 0,
    "repair_time_s": 0,
    "repair_trigger_count": 0
  },
  "exploration": {
    "action_status": 3,
    "sim_time_s": 1389.0,
    "total_distance_m": 541.1199916265016,
    "wall_sim_ratio": 1.0007351234046076,
    "wall_time_s": 1390.021086409
  },
  "loop_realization": {
    "acceptance_rate": 0.0,
    "accepted_active_loops": 0,
    "accepted_passive_or_unattributed_events": 0,
    "executed_active_loops": 4,
    "planned_active_loops": 4
  },
  "mapping": {
    "estimated_unknown_ratio": 0.11604301506492735,
    "occupied_boundary_f1": 0.32363296408240094,
    "occupied_iou": 0.052495665773553336
  },
  "method": "Original",
  "oracle_mode": 0,
  "phase": "4B",
  "pose_graph": {
    "edge_count": 1161,
    "node_count": 734
  },
  "seed": 21001,
  "trajectory": {
    "ape_se2_translation_rmse_m": 1.464137,
    "rpe_rotation_1m_rmse_deg": 0.219044,
    "rpe_translation_1m_rmse_m": 0.03016
  },
  "tsp": {
    "full_tsp_path": [
      8,
      7,
      6,
      5,
      4,
      3,
      9,
      15,
      16,
      10,
      11,
      35,
      37,
      20,
      19,
      23,
      29,
      30,
      24,
      25,
      31,
      32,
      26,
      38,
      36,
      12,
      13,
      14,
      18,
      17,
      21,
      22,
      28,
      34,
      33,
      27
    ],
    "initial_tsp_path": [
      8,
      7,
      6,
      5,
      4,
      3,
      9,
      15,
      16,
      10,
      11,
      35,
      37,
      20,
      19,
      23,
      29,
      30,
      24,
      25,
      31,
      32,
      26,
      38,
      36,
      12,
      13,
      14,
      18,
      17,
      21,
      22,
      28,
      34,
      33,
      27
    ],
    "predicted_full_tsp_length": 415.222222222222,
    "predicted_tsp_length": 415.222222222222,
    "seed": 21001,
    "solver": "concorde"
  },
  "validity": "VALID"
}
