{
  "condition": "B",
  "execution_cost": {
    "active_loop_distance_m": 95.64574512240932,
    "active_loop_time_s": 272.29999999999995,
    "early_stop_count": 0,
    "early_stop_saved_remaining_polyline_m_lower_bound": 0.0,
    "no_repair_count": 0,
    "repair_distance_m": 95.64574512240932,
    "repair_time_s": 272.29999999999995,
    "repair_trigger_count": 3
  },
  "exploration": {
    "action_status": 3,
    "sim_time_s": 1460.0,
    "total_distance_m": 721.5910871332061,
    "wall_sim_ratio": 1.0007146541527394,
    "wall_time_s": 1461.0433950629995
  },
  "loop_realization": {
    "acceptance_rate": 0.6666666666666666,
    "accepted_active_loops": 2,
    "accepted_passive_or_unattributed_events": 1,
    "executed_active_loops": 3,
    "planned_active_loops": 3
  },
  "mapping": {
    "estimated_unknown_ratio": 0.21344499969687258,
    "occupied_boundary_f1": 0.6158489581138847,
    "occupied_iou": 0.13168576000678248
  },
  "method": "Always-Trace",
  "oracle_mode": 1,
  "phase": "4B",
  "pose_graph": {
    "edge_count": 2217,
    "node_count": 1052
  },
  "seed": 21005,
  "trajectory": {
    "ape_se2_translation_rmse_m": 0.10278,
    "rpe_rotation_1m_rmse_deg": 0.177476,
    "rpe_translation_1m_rmse_m": 0.031146
  },
  "tsp": {
    "full_tsp_path": [
      20,
      37,
      17,
      16,
      15,
      14,
      15,
      13,
      17,
      12,
      17,
      11,
      18,
      10,
      36,
      9,
      36,
      8,
      0,
      35,
      1,
      35,
      6,
      19,
      38,
      26,
      21,
      24,
      21,
      22,
      21,
      23,
      21,
      25,
      27,
      31,
      32,
      29,
      32,
      30,
      32,
      28,
      33,
      7,
      5,
      4,
      3,
      34,
      2
    ],
    "initial_tsp_path": [
      20,
      37,
      16,
      14,
      15,
      13,
      12,
      17,
      11,
      18,
      10,
      9,
      36,
      8,
      0,
      35,
      1,
      6,
      19,
      38,
      26,
      21,
      24,
      22,
      23,
      25,
      27,
      31,
      29,
      30,
      32,
      28,
      33,
      7,
      5,
      4,
      3,
      34,
      2
    ],
    "predicted_full_tsp_length": 581.3749220957066,
    "predicted_tsp_length": 581.3749220957064,
    "seed": 21005,
    "solver": "concorde"
  },
  "validity": "VALID"
}
