nohup: 忽略输入

===== CASE 1: D1-rescue-v15 (seed 21003, target v15) =====
{
  "accepted_callbacks": 0,
  "accepted_diag_records": [],
  "case": "D1-rescue-v15",
  "closure_attributed": [],
  "closure_unattributed": 0,
  "early_stop": [],
  "gate_decisions": [
    [
      "15",
      "4.88",
      "4.00",
      "NO_REPAIR"
    ]
  ],
  "repairs": [],
  "seed": 21003,
  "target_vertex": 15
}
CLOSURE_VALIDATION: {"diagnostics_accepted_records": 0, "accepted_callback_times": [], "loop_closed_events": [], "inconclusive_no_closure": true, "one_to_one": false, "attribution_ok": null, "no_duplicates": true, "seq_contiguous": true}
